Archive member included because of file (symbol)

/usr/local/CrossPack-AVR-20100115/lib/gcc/avr/4.3.3/../../../../avr/lib/avr5/libm.a(addsf3.o)
                              MassStorage.o (__addsf3)
/usr/local/CrossPack-AVR-20100115/lib/gcc/avr/4.3.3/../../../../avr/lib/avr5/libm.a(addsf3x.o)
                              /usr/local/CrossPack-AVR-20100115/lib/gcc/avr/4.3.3/../../../../avr/lib/avr5/libm.a(addsf3.o) (__addsf3x)
/usr/local/CrossPack-AVR-20100115/lib/gcc/avr/4.3.3/../../../../avr/lib/avr5/libm.a(cmpsf2.o)
                              MassStorage.o (__ltsf2)
/usr/local/CrossPack-AVR-20100115/lib/gcc/avr/4.3.3/../../../../avr/lib/avr5/libm.a(fixunssfsi.o)
                              MassStorage.o (__fixunssfsi)
/usr/local/CrossPack-AVR-20100115/lib/gcc/avr/4.3.3/../../../../avr/lib/avr5/libm.a(floatsisf.o)
                              MassStorage.o (__floatsisf)
/usr/local/CrossPack-AVR-20100115/lib/gcc/avr/4.3.3/../../../../avr/lib/avr5/libm.a(fp_cmp.o)
                              /usr/local/CrossPack-AVR-20100115/lib/gcc/avr/4.3.3/../../../../avr/lib/avr5/libm.a(cmpsf2.o) (__fp_cmp)
/usr/local/CrossPack-AVR-20100115/lib/gcc/avr/4.3.3/../../../../avr/lib/avr5/libm.a(fp_inf.o)
                              /usr/local/CrossPack-AVR-20100115/lib/gcc/avr/4.3.3/../../../../avr/lib/avr5/libm.a(addsf3x.o) (__fp_inf)
/usr/local/CrossPack-AVR-20100115/lib/gcc/avr/4.3.3/../../../../avr/lib/avr5/libm.a(fp_nan.o)
                              /usr/local/CrossPack-AVR-20100115/lib/gcc/avr/4.3.3/../../../../avr/lib/avr5/libm.a(addsf3x.o) (__fp_nan)
/usr/local/CrossPack-AVR-20100115/lib/gcc/avr/4.3.3/../../../../avr/lib/avr5/libm.a(fp_pscA.o)
                              /usr/local/CrossPack-AVR-20100115/lib/gcc/avr/4.3.3/../../../../avr/lib/avr5/libm.a(addsf3x.o) (__fp_pscA)
/usr/local/CrossPack-AVR-20100115/lib/gcc/avr/4.3.3/../../../../avr/lib/avr5/libm.a(fp_pscB.o)
                              /usr/local/CrossPack-AVR-20100115/lib/gcc/avr/4.3.3/../../../../avr/lib/avr5/libm.a(addsf3x.o) (__fp_pscB)
/usr/local/CrossPack-AVR-20100115/lib/gcc/avr/4.3.3/../../../../avr/lib/avr5/libm.a(fp_round.o)
                              /usr/local/CrossPack-AVR-20100115/lib/gcc/avr/4.3.3/../../../../avr/lib/avr5/libm.a(addsf3.o) (__fp_round)
/usr/local/CrossPack-AVR-20100115/lib/gcc/avr/4.3.3/../../../../avr/lib/avr5/libm.a(fp_split3.o)
                              /usr/local/CrossPack-AVR-20100115/lib/gcc/avr/4.3.3/../../../../avr/lib/avr5/libm.a(addsf3x.o) (__fp_split3)
/usr/local/CrossPack-AVR-20100115/lib/gcc/avr/4.3.3/../../../../avr/lib/avr5/libm.a(fp_zero.o)
                              /usr/local/CrossPack-AVR-20100115/lib/gcc/avr/4.3.3/../../../../avr/lib/avr5/libm.a(addsf3x.o) (__fp_zero)
/usr/local/CrossPack-AVR-20100115/lib/gcc/avr/4.3.3/../../../../avr/lib/avr5/libm.a(gesf2.o)
                              MassStorage.o (__gtsf2)
/usr/local/CrossPack-AVR-20100115/lib/gcc/avr/4.3.3/../../../../avr/lib/avr5/libm.a(mulsf3.o)
                              MassStorage.o (__mulsf3)
/usr/local/CrossPack-AVR-20100115/lib/gcc/avr/4.3.3/../../../../avr/lib/avr5/libm.a(mulsf3x.o)
                              /usr/local/CrossPack-AVR-20100115/lib/gcc/avr/4.3.3/../../../../avr/lib/avr5/libm.a(mulsf3.o) (__mulsf3x)
/usr/local/CrossPack-AVR-20100115/lib/gcc/avr/4.3.3/avr5/libgcc.a(_exit.o)
                              /usr/local/CrossPack-AVR-20100115/lib/gcc/avr/4.3.3/../../../../avr/lib/avr5/crtm32u4.o (exit)
/usr/local/CrossPack-AVR-20100115/lib/gcc/avr/4.3.3/avr5/libgcc.a(_copy_data.o)
                              MassStorage.o (__do_copy_data)
/usr/local/CrossPack-AVR-20100115/lib/gcc/avr/4.3.3/avr5/libgcc.a(_clear_bss.o)
                              MassStorage.o (__do_clear_bss)
/usr/local/CrossPack-AVR-20100115/lib/gcc/avr/4.3.3/../../../../avr/lib/avr5/libc.a(memcpy_P.o)
                              ../../LUFA/Drivers/USB/Class/Device/RNDIS.o (memcpy_P)
/usr/local/CrossPack-AVR-20100115/lib/gcc/avr/4.3.3/../../../../avr/lib/avr5/libc.a(memcmp.o)
                              ../../LUFA/Drivers/USB/Class/Device/HID.o (memcmp)
/usr/local/CrossPack-AVR-20100115/lib/gcc/avr/4.3.3/../../../../avr/lib/avr5/libc.a(memcpy.o)
                              ../../LUFA/Drivers/USB/Class/Device/HID.o (memcpy)
/usr/local/CrossPack-AVR-20100115/lib/gcc/avr/4.3.3/../../../../avr/lib/avr5/libc.a(memset.o)
                              ../../LUFA/Drivers/USB/Class/Device/HID.o (memset)
/usr/local/CrossPack-AVR-20100115/lib/gcc/avr/4.3.3/../../../../avr/lib/avr5/libc.a(eerd_byte_atmega32u4.o)
                              ../../LUFA/Drivers/USB/Core/AVR8/EndpointStream_AVR8.o (__eerd_byte_m32u4)
/usr/local/CrossPack-AVR-20100115/lib/gcc/avr/4.3.3/../../../../avr/lib/avr5/libc.a(eeupd_byte_atmega32u4.o)
                              ../../LUFA/Drivers/USB/Core/AVR8/EndpointStream_AVR8.o (__eeupd_byte_m32u4)

Allocating common symbols
Common symbol       size              file

[...]
Memory Configuration

Name             Origin             Length             Attributes
text             0x00000000         0x00020000         xr
data             0x00800060         0x0000ffa0         rw !x
eeprom           0x00810000         0x00010000         rw !x
fuse             0x00820000         0x00000400         rw !x
lock             0x00830000         0x00000400         rw !x
signature        0x00840000         0x00000400         rw !x
*default*        0x00000000         0xffffffff

Linker script and memory map

Address of section .data set to 0x800100
LOAD /usr/local/CrossPack-AVR-20100115/lib/gcc/avr/4.3.3/../../../../avr/lib/avr5/crtm32u4.o
LOAD MassStorage.o
LOAD Descriptors.o
LOAD Lib/DataflashManager.o
LOAD Lib/SCSI.o
LOAD ../../LUFA/Drivers/USB/Core/AVR8/Device_AVR8.o
LOAD ../../LUFA/Drivers/USB/Core/AVR8/Endpoint_AVR8.o
LOAD ../../LUFA/Drivers/USB/Core/AVR8/Host_AVR8.o
LOAD ../../LUFA/Drivers/USB/Core/AVR8/Pipe_AVR8.o
LOAD ../../LUFA/Drivers/USB/Core/AVR8/USBController_AVR8.o
LOAD ../../LUFA/Drivers/USB/Core/AVR8/USBInterrupt_AVR8.o
LOAD ../../LUFA/Drivers/USB/Core/AVR8/EndpointStream_AVR8.o
LOAD ../../LUFA/Drivers/USB/Core/AVR8/PipeStream_AVR8.o
LOAD ../../LUFA/Drivers/USB/Core/ConfigDescriptor.o
LOAD ../../LUFA/Drivers/USB/Core/DeviceStandardReq.o
LOAD ../../LUFA/Drivers/USB/Core/Events.o
LOAD ../../LUFA/Drivers/USB/Core/HostStandardReq.o
LOAD ../../LUFA/Drivers/USB/Core/USBTask.o
LOAD ../../LUFA/Drivers/USB/Class/Common/HIDParser.o
LOAD ../../LUFA/Drivers/USB/Class/Device/Audio.o
LOAD ../../LUFA/Drivers/USB/Class/Device/CDC.o
LOAD ../../LUFA/Drivers/USB/Class/Device/HID.o
LOAD ../../LUFA/Drivers/USB/Class/Device/MassStorage.o
LOAD ../../LUFA/Drivers/USB/Class/Device/MIDI.o
LOAD ../../LUFA/Drivers/USB/Class/Device/RNDIS.o
LOAD ../../LUFA/Drivers/USB/Class/Host/Audio.o
LOAD ../../LUFA/Drivers/USB/Class/Host/CDC.o
LOAD ../../LUFA/Drivers/USB/Class/Host/HID.o
LOAD ../../LUFA/Drivers/USB/Class/Host/MassStorage.o
LOAD ../../LUFA/Drivers/USB/Class/Host/MIDI.o
LOAD ../../LUFA/Drivers/USB/Class/Host/Printer.o
LOAD ../../LUFA/Drivers/USB/Class/Host/RNDIS.o
LOAD ../../LUFA/Drivers/USB/Class/Host/StillImage.o
LOAD /usr/local/CrossPack-AVR-20100115/lib/gcc/avr/4.3.3/../../../../avr/lib/avr5/libm.a
LOAD /usr/local/CrossPack-AVR-20100115/lib/gcc/avr/4.3.3/avr5/libgcc.a
LOAD /usr/local/CrossPack-AVR-20100115/lib/gcc/avr/4.3.3/../../../../avr/lib/avr5/libc.a
LOAD /usr/local/CrossPack-AVR-20100115/lib/gcc/avr/4.3.3/avr5/libgcc.a

.hash
 *(.hash)

.dynsym
 *(.dynsym)

.dynstr
 *(.dynstr)

.gnu.version
 *(.gnu.version)

.gnu.version_d
 *(.gnu.version_d)

.gnu.version_r
 *(.gnu.version_r)

.rel.init
 *(.rel.init)

.rela.init
 *(.rela.init)

.rel.text
 *(.rel.text)
 *(.rel.text.*)
 *(.rel.gnu.linkonce.t*)

.rela.text
 *(.rela.text)
 *(.rela.text.*)
 *(.rela.gnu.linkonce.t*)

.rel.fini
 *(.rel.fini)

.rela.fini
 *(.rela.fini)

.rel.rodata
 *(.rel.rodata)
 *(.rel.rodata.*)
 *(.rel.gnu.linkonce.r*)

.rela.rodata
 *(.rela.rodata)
 *(.rela.rodata.*)
 *(.rela.gnu.linkonce.r*)

.rel.data
 *(.rel.data)
 *(.rel.data.*)
 *(.rel.gnu.linkonce.d*)

.rela.data
 *(.rela.data)
 *(.rela.data.*)
 *(.rela.gnu.linkonce.d*)

.rel.ctors
 *(.rel.ctors)

.rela.ctors
 *(.rela.ctors)

.rel.dtors
 *(.rel.dtors)

.rela.dtors
 *(.rela.dtors)

.rel.got
 *(.rel.got)

.rela.got
 *(.rela.got)

.rel.bss
 *(.rel.bss)

.rela.bss
 *(.rela.bss)

.rel.plt
 *(.rel.plt)

.rela.plt
 *(.rela.plt)

.text           0x00000000     0x1a44
 *(.vectors)
 .vectors       0x00000000       0xac /usr/local/CrossPack-AVR-20100115/lib/gcc/avr/4.3.3/../../../../avr/lib/avr5/crtm32u4.o
                0x00000000                __vectors
                0x00000000                __vector_default
 *(.vectors)
 *(.progmem.gcc*)
 *(.progmem*)
 .progmem.data  0x000000ac       0xa2 Descriptors.o
                0x000000e2                ManufacturerString
                0x000000de                LanguageString
                0x000000ac                DeviceDescriptor
                0x0000010e                ProductString
                0x000000be                ConfigurationDescriptor
                0x0000014e                . = ALIGN (0x2)
                0x0000014e                __trampolines_start = .
 *(.trampolines)
 .trampolines   0x0000014e        0x0 linker stubs
 *(.trampolines*)
                0x0000014e                __trampolines_end = .
 *(.jumptables)
 *(.jumptables*)
 *(.lowtext)
 *(.lowtext*)
                0x0000014e                __ctors_start = .
 *(.ctors)
                0x0000014e                __ctors_end = .
                0x0000014e                __dtors_start = .
 *(.dtors)
                0x0000014e                __dtors_end = .
 SORT(*)(.ctors)
 SORT(*)(.dtors)
 *(.init0)
 .init0         0x0000014e        0x0 /usr/local/CrossPack-AVR-20100115/lib/gcc/avr/4.3.3/../../../../avr/lib/avr5/crtm32u4.o
                0x0000014e                __init
 *(.init0)
 *(.init1)
 *(.init1)
 *(.init2)
 .init2         0x0000014e        0xc /usr/local/CrossPack-AVR-20100115/lib/gcc/avr/4.3.3/../../../../avr/lib/avr5/crtm32u4.o
 *(.init2)
 *(.init3)
 *(.init3)
 *(.init4)
 .init4         0x0000015a       0x16 /usr/local/CrossPack-AVR-20100115/lib/gcc/avr/4.3.3/avr5/libgcc.a(_copy_data.o)
                0x0000015a                __do_copy_data
 .init4         0x00000170       0x10 /usr/local/CrossPack-AVR-20100115/lib/gcc/avr/4.3.3/avr5/libgcc.a(_clear_bss.o)
                0x00000170                __do_clear_bss
 *(.init4)
 *(.init5)
 *(.init5)
 *(.init6)
 *(.init6)
 *(.init7)
 *(.init7)
 *(.init8)
 *(.init8)
 *(.init9)
 .init9         0x00000180        0x6 /usr/local/CrossPack-AVR-20100115/lib/gcc/avr/4.3.3/../../../../avr/lib/avr5/crtm32u4.o
 *(.init9)
 *(.text)
 .text          0x00000186        0x2 /usr/local/CrossPack-AVR-20100115/lib/gcc/avr/4.3.3/../../../../avr/lib/avr5/crtm32u4.o
                0x00000186                __vector_38
                0x00000186                __vector_22
                0x00000186                __vector_28
                0x00000186                __vector_1
                0x00000186                __vector_32
                0x00000186                __vector_34
                0x00000186                __vector_24
                0x00000186                __vector_12
                0x00000186                __bad_interrupt
                0x00000186                __vector_6
                0x00000186                __vector_31
                0x00000186                __vector_35
                0x00000186                __vector_39
                0x00000186                __vector_3
                0x00000186                __vector_23
                0x00000186                __vector_30
                0x00000186                __vector_25
                0x00000186                __vector_13
                0x00000186                __vector_17
                0x00000186                __vector_19
                0x00000186                __vector_7
                0x00000186                __vector_41
                0x00000186                __vector_27
                0x00000186                __vector_5
                0x00000186                __vector_33
                0x00000186                __vector_37
                0x00000186                __vector_4
                0x00000186                __vector_9
                0x00000186                __vector_2
                0x00000186                __vector_21
                0x00000186                __vector_15
                0x00000186                __vector_36
                0x00000186                __vector_29
                0x00000186                __vector_40
                0x00000186                __vector_8
                0x00000186                __vector_26
                0x00000186                __vector_14
                0x00000186                __vector_16
                0x00000186                __vector_18
                0x00000186                __vector_20
                0x00000186                __vector_42
                0x00000188                . = ALIGN (0x2)
 *(.text.*)
 .text.EVENT_USB_Device_Connect
                0x00000188        0x4 MassStorage.o
                0x00000188                EVENT_USB_Device_Connect
 .text.EVENT_USB_Device_Disconnect
                0x0000018c        0x4 MassStorage.o
                0x0000018c                EVENT_USB_Device_Disconnect
 .text.CALLBACK_MS_Device_SCSICommandReceived
                0x00000190        0x8 MassStorage.o
                0x00000190                CALLBACK_MS_Device_SCSICommandReceived
 .text.EVENT_USB_Device_ControlRequest
                0x00000198        0x8 MassStorage.o
                0x00000198                EVENT_USB_Device_ControlRequest
 .text.EVENT_USB_Device_ConfigurationChanged
                0x000001a0       0x1c MassStorage.o
                0x000001a0                EVENT_USB_Device_ConfigurationChanged
 .text.SetupHardware
                0x000001bc       0x4c MassStorage.o
                0x000001bc                SetupHardware
 .text.main     0x00000208      0x188 MassStorage.o
                0x00000208                main
 .text.CALLBACK_USB_GetDescriptor
                0x00000390       0x5c Descriptors.o
                0x00000390                CALLBACK_USB_GetDescriptor
 .text.DataflashManager_ResetDataflashProtections
                0x000003ec        0x4 Lib/DataflashManager.o
                0x000003ec                DataflashManager_ResetDataflashProtections
 .text.DataflashManager_CheckDataflashOperation
                0x000003f0        0x6 Lib/DataflashManager.o
                0x000003f0                DataflashManager_CheckDataflashOperation
 .text.DataflashManager_ReadBlocks
                0x000003f6      0x106 Lib/DataflashManager.o
                0x000003f6                DataflashManager_ReadBlocks
 .text.DataflashManager_WriteBlocks
                0x000004fc      0x110 Lib/DataflashManager.o
                0x000004fc                DataflashManager_WriteBlocks
 .text.SCSI_Command_ReadWrite_10
                0x0000060c       0x8a Lib/SCSI.o
 .text.SCSI_DecodeSCSICommand
                0x00000696      0x248 Lib/SCSI.o
                0x00000696                SCSI_DecodeSCSICommand
 .text.Endpoint_ConfigureEndpoint_Prv
                0x000008de       0x6a ../../LUFA/Drivers/USB/Core/AVR8/Endpoint_AVR8.o
                0x000008de                Endpoint_ConfigureEndpoint_Prv
 .text.Endpoint_ClearStatusStage
                0x00000948       0x42 ../../LUFA/Drivers/USB/Core/AVR8/Endpoint_AVR8.o
                0x00000948                Endpoint_ClearStatusStage
 .text.Endpoint_WaitUntilReady
                0x0000098a       0x64 ../../LUFA/Drivers/USB/Core/AVR8/Endpoint_AVR8.o
                0x0000098a                Endpoint_WaitUntilReady
 .text.USB_ResetInterface
                0x000009ee       0x88 ../../LUFA/Drivers/USB/Core/AVR8/USBController_AVR8.o
                0x000009ee                USB_ResetInterface
 .text.USB_Init
                0x00000a76       0x16 ../../LUFA/Drivers/USB/Core/AVR8/USBController_AVR8.o
                0x00000a76                USB_Init
 .text.USB_INT_DisableAllInterrupts
                0x00000a8c       0x10 ../../LUFA/Drivers/USB/Core/AVR8/USBInterrupt_AVR8.o
                0x00000a8c                USB_INT_DisableAllInterrupts
 .text.USB_INT_ClearAllInterrupts
                0x00000a9c        0xa ../../LUFA/Drivers/USB/Core/AVR8/USBInterrupt_AVR8.o
                0x00000a9c                USB_INT_ClearAllInterrupts
 .text.__vector_11
                0x00000aa6       0x72 ../../LUFA/Drivers/USB/Core/AVR8/USBInterrupt_AVR8.o
                0x00000aa6                __vector_11
 .text.__vector_10
                0x00000b18      0x192 ../../LUFA/Drivers/USB/Core/AVR8/USBInterrupt_AVR8.o
                0x00000b18                __vector_10
 .text.Endpoint_Write_Control_Stream_LE
                0x00000caa       0xcc ../../LUFA/Drivers/USB/Core/AVR8/EndpointStream_AVR8.o
                0x00000caa                Endpoint_Write_Control_Stream_LE
 .text.Endpoint_Write_Control_PStream_LE
                0x00000d76       0xd0 ../../LUFA/Drivers/USB/Core/AVR8/EndpointStream_AVR8.o
                0x00000d76                Endpoint_Write_Control_PStream_LE
 .text.Endpoint_Read_Stream_LE
                0x00000e46       0xa2 ../../LUFA/Drivers/USB/Core/AVR8/EndpointStream_AVR8.o
                0x00000e46                Endpoint_Read_Stream_LE
 .text.Endpoint_Write_Stream_BE
                0x00000ee8       0xa2 ../../LUFA/Drivers/USB/Core/AVR8/EndpointStream_AVR8.o
                0x00000ee8                Endpoint_Write_Stream_BE
 .text.Endpoint_Write_Stream_LE
                0x00000f8a       0xa2 ../../LUFA/Drivers/USB/Core/AVR8/EndpointStream_AVR8.o
                0x00000f8a                Endpoint_Write_Stream_LE
 .text.Endpoint_Null_Stream
                0x0000102c       0x84 ../../LUFA/Drivers/USB/Core/AVR8/EndpointStream_AVR8.o
                0x0000102c                Endpoint_Null_Stream
 .text.USB_Device_ProcessControlRequest
                0x000010b0      0x2d8 ../../LUFA/Drivers/USB/Core/DeviceStandardReq.o
                0x000010b0                USB_Device_ProcessControlRequest
 .text.USB_Event_Stub
                0x00001388        0x2 ../../LUFA/Drivers/USB/Core/Events.o
                0x00001388                EVENT_USB_Device_WakeUp
                0x00001388                USB_Event_Stub
                0x00001388                EVENT_USB_Device_Suspend
                0x00001388                EVENT_USB_Device_StartOfFrame
                0x00001388                EVENT_USB_Device_Reset
 .text.USB_USBTask
                0x0000138a       0x26 ../../LUFA/Drivers/USB/Core/USBTask.o
                0x0000138a                USB_USBTask
 .text.MS_Device_USBTask
                0x000013b0      0x246 ../../LUFA/Drivers/USB/Class/Device/MassStorage.o
                0x000013b0                MS_Device_USBTask
 .text.MS_Device_ConfigureEndpoints
                0x000015f6       0x7c ../../LUFA/Drivers/USB/Class/Device/MassStorage.o
                0x000015f6                MS_Device_ConfigureEndpoints
 .text.MS_Device_ProcessControlRequest
                0x00001672       0x72 ../../LUFA/Drivers/USB/Class/Device/MassStorage.o
                0x00001672                MS_Device_ProcessControlRequest
 .text.avr-libc.fplib
                0x000016e4        0xa /usr/local/CrossPack-AVR-20100115/lib/gcc/avr/4.3.3/../../../../avr/lib/avr5/libm.a(addsf3.o)
                0x000016e4                __subsf3
                0x000016e6                __addsf3
 .text.avr-libc.fplib
                0x000016ee       0xc0 /usr/local/CrossPack-AVR-20100115/lib/gcc/avr/4.3.3/../../../../avr/lib/avr5/libm.a(addsf3x.o)
                0x00001708                __addsf3x
 .text.avr-libc.fplib
                0x000017ae        0x8 /usr/local/CrossPack-AVR-20100115/lib/gcc/avr/4.3.3/../../../../avr/lib/avr5/libm.a(cmpsf2.o)
                0x000017ae                __lesf2
                0x000017ae                __nesf2
                0x000017ae                __eqsf2
                0x000017ae                __cmpsf2
                0x000017ae                __ltsf2
 .text.avr-libc.fplib
                0x000017b6       0x58 /usr/local/CrossPack-AVR-20100115/lib/gcc/avr/4.3.3/../../../../avr/lib/avr5/libm.a(fixunssfsi.o)
                0x000017b6                __fixunssfsi
 .text.avr-libc.fplib
                0x0000180e       0x7a /usr/local/CrossPack-AVR-20100115/lib/gcc/avr/4.3.3/../../../../avr/lib/avr5/libm.a(floatsisf.o)
                0x00001812                __floatsisf
                0x0000180e                __floatunsisf
 .text.avr-libc.fplib
                0x00001888       0x48 /usr/local/CrossPack-AVR-20100115/lib/gcc/avr/4.3.3/../../../../avr/lib/avr5/libm.a(fp_cmp.o)
                0x00001888                __fp_cmp
 .text.avr-libc.fplib
                0x000018d0        0xc /usr/local/CrossPack-AVR-20100115/lib/gcc/avr/4.3.3/../../../../avr/lib/avr5/libm.a(fp_inf.o)
                0x000018d0                __fp_inf
 .text.avr-libc.fplib
                0x000018dc        0x6 /usr/local/CrossPack-AVR-20100115/lib/gcc/avr/4.3.3/../../../../avr/lib/avr5/libm.a(fp_nan.o)
                0x000018dc                __fp_nan
 .text.avr-libc.fplib
                0x000018e2        0xe /usr/local/CrossPack-AVR-20100115/lib/gcc/avr/4.3.3/../../../../avr/lib/avr5/libm.a(fp_pscA.o)
                0x000018e2                __fp_pscA
 .text.avr-libc.fplib
                0x000018f0        0xe /usr/local/CrossPack-AVR-20100115/lib/gcc/avr/4.3.3/../../../../avr/lib/avr5/libm.a(fp_pscB.o)
                0x000018f0                __fp_pscB
 .text.avr-libc.fplib
                0x000018fe       0x22 /usr/local/CrossPack-AVR-20100115/lib/gcc/avr/4.3.3/../../../../avr/lib/avr5/libm.a(fp_round.o)
                0x000018fe                __fp_round
 .text.avr-libc.fplib
                0x00001920       0x44 /usr/local/CrossPack-AVR-20100115/lib/gcc/avr/4.3.3/../../../../avr/lib/avr5/libm.a(fp_split3.o)
                0x00001920                __fp_split3
                0x00001930                __fp_splitA
 .text.avr-libc.fplib
                0x00001964        0xe /usr/local/CrossPack-AVR-20100115/lib/gcc/avr/4.3.3/../../../../avr/lib/avr5/libm.a(fp_zero.o)
                0x00001964                __fp_zero
                0x00001966                __fp_szero
 .text.avr-libc.fplib
                0x00001972        0x8 /usr/local/CrossPack-AVR-20100115/lib/gcc/avr/4.3.3/../../../../avr/lib/avr5/libm.a(gesf2.o)
                0x00001972                __gtsf2
                0x00001972                __gesf2
 .text.avr-libc.fplib
                0x0000197a        0x4 /usr/local/CrossPack-AVR-20100115/lib/gcc/avr/4.3.3/../../../../avr/lib/avr5/libm.a(mulsf3.o)
                0x0000197a                __mulsf3
 .text.avr-libc.fplib
                0x0000197e       0xc2 /usr/local/CrossPack-AVR-20100115/lib/gcc/avr/4.3.3/../../../../avr/lib/avr5/libm.a(mulsf3x.o)
                0x00001996                __mulsf3_pse
                0x00001992                __mulsf3x
                0x00001a40                . = ALIGN (0x2)
 *(.fini9)
 .fini9         0x00001a40        0x0 /usr/local/CrossPack-AVR-20100115/lib/gcc/avr/4.3.3/avr5/libgcc.a(_exit.o)
                0x00001a40                exit
                0x00001a40                _exit
 *(.fini9)
 *(.fini8)
 *(.fini8)
 *(.fini7)
 *(.fini7)
 *(.fini6)
 *(.fini6)
 *(.fini5)
 *(.fini5)
 *(.fini4)
 *(.fini4)
 *(.fini3)
 *(.fini3)
 *(.fini2)
 *(.fini2)
 *(.fini1)
 *(.fini1)
 *(.fini0)
 .fini0         0x00001a40        0x4 /usr/local/CrossPack-AVR-20100115/lib/gcc/avr/4.3.3/avr5/libgcc.a(_exit.o)
 *(.fini0)
                0x00001a44                _etext = .

.data           0x00800100       0x6e load address 0x00001a44
                0x00800100                PROVIDE (__data_start, .)
 *(.data)
 .data          0x00800100       0x37 MassStorage.o
                0x00800100                Disk_MS_Interface
 .data          0x00800137       0x36 Lib/SCSI.o
 *(.data*)
 *(.rodata)
 *(.rodata*)
 *(.gnu.linkonce.d*)
                0x0080016e                . = ALIGN (0x2)
 *fill*         0x0080016d        0x1 00
                0x0080016e                _edata = .
                0x0080016e                PROVIDE (__data_end, .)

.bss            0x0080016e       0x10
                0x0080016e                PROVIDE (__bss_start, .)
 *(.bss)
 *(.bss*)
 *(COMMON)
 COMMON         0x0080016e        0x3 MassStorage.o
                0x0080016e                DATARAM_index
                0x00800170                morse_code_table
 COMMON         0x00800171        0x3 ../../LUFA/Drivers/USB/Core/DeviceStandardReq.o
                0x00800171                USB_Device_ConfigurationNumber
                0x00800172                USB_Device_CurrentlySelfPowered
                0x00800173                USB_Device_RemoteWakeupEnabled
 COMMON         0x00800174        0xa ../../LUFA/Drivers/USB/Core/USBTask.o
                0x00800174                USB_IsInitialized
                0x00800175                USB_DeviceState
                0x00800176                USB_ControlRequest
                0x0080017e                PROVIDE (__bss_end, .)
                0x00001a44                __data_load_start = LOADADDR (.data)
                0x00001ab2                __data_load_end = (__data_load_start + SIZEOF (.data))

.noinit         0x0080017e        0x0
                0x0080017e                PROVIDE (__noinit_start, .)
 *(.noinit*)
                0x0080017e                PROVIDE (__noinit_end, .)
                0x0080017e                _end = .
                0x0080017e                PROVIDE (__heap_start, .)

.eeprom         0x00810000        0x0
 *(.eeprom*)
                0x00810000                __eeprom_end = .

.fuse
 *(.fuse)
 *(.lfuse)
 *(.hfuse)
 *(.efuse)

.lock
 *(.lock*)

.signature
 *(.signature*)

.stab           0x00000000     0x2238
 *(.stab)
 .stab          0x00000000      0x6b4 /usr/local/CrossPack-AVR-20100115/lib/gcc/avr/4.3.3/../../../../avr/lib/avr5/crtm32u4.o
 .stab          0x000006b4       0x78 /usr/local/CrossPack-AVR-20100115/lib/gcc/avr/4.3.3/../../../../avr/lib/avr5/libm.a(addsf3.o)
                                 0x84 (size before relaxing)
 .stab          0x0000072c      0x4bc /usr/local/CrossPack-AVR-20100115/lib/gcc/avr/4.3.3/../../../../avr/lib/avr5/libm.a(addsf3x.o)
                                0x4c8 (size before relaxing)
 .stab          0x00000be8       0x90 /usr/local/CrossPack-AVR-20100115/lib/gcc/avr/4.3.3/../../../../avr/lib/avr5/libm.a(cmpsf2.o)
                                 0x9c (size before relaxing)
 .stab          0x00000c78      0x240 /usr/local/CrossPack-AVR-20100115/lib/gcc/avr/4.3.3/../../../../avr/lib/avr5/libm.a(fixunssfsi.o)
                                0x24c (size before relaxing)
 .stab          0x00000eb8      0x318 /usr/local/CrossPack-AVR-20100115/lib/gcc/avr/4.3.3/../../../../avr/lib/avr5/libm.a(floatsisf.o)
                                0x324 (size before relaxing)
 .stab          0x000011d0      0x1e0 /usr/local/CrossPack-AVR-20100115/lib/gcc/avr/4.3.3/../../../../avr/lib/avr5/libm.a(fp_cmp.o)
                                0x1ec (size before relaxing)
 .stab          0x000013b0       0x78 /usr/local/CrossPack-AVR-20100115/lib/gcc/avr/4.3.3/../../../../avr/lib/avr5/libm.a(fp_inf.o)
                                 0x84 (size before relaxing)
 .stab          0x00001428       0x54 /usr/local/CrossPack-AVR-20100115/lib/gcc/avr/4.3.3/../../../../avr/lib/avr5/libm.a(fp_nan.o)
                                 0x60 (size before relaxing)
 .stab          0x0000147c       0x84 /usr/local/CrossPack-AVR-20100115/lib/gcc/avr/4.3.3/../../../../avr/lib/avr5/libm.a(fp_pscA.o)
                                 0x90 (size before relaxing)
 .stab          0x00001500       0x84 /usr/local/CrossPack-AVR-20100115/lib/gcc/avr/4.3.3/../../../../avr/lib/avr5/libm.a(fp_pscB.o)
                                 0x90 (size before relaxing)
 .stab          0x00001584       0xfc /usr/local/CrossPack-AVR-20100115/lib/gcc/avr/4.3.3/../../../../avr/lib/avr5/libm.a(fp_round.o)
                                0x108 (size before relaxing)
 .stab          0x00001680      0x1d4 /usr/local/CrossPack-AVR-20100115/lib/gcc/avr/4.3.3/../../../../avr/lib/avr5/libm.a(fp_split3.o)
                                0x1e0 (size before relaxing)
 .stab          0x00001854       0x90 /usr/local/CrossPack-AVR-20100115/lib/gcc/avr/4.3.3/../../../../avr/lib/avr5/libm.a(fp_zero.o)
                                 0x9c (size before relaxing)
 .stab          0x000018e4       0x6c /usr/local/CrossPack-AVR-20100115/lib/gcc/avr/4.3.3/../../../../avr/lib/avr5/libm.a(gesf2.o)
                                 0x78 (size before relaxing)
 .stab          0x00001950       0x48 /usr/local/CrossPack-AVR-20100115/lib/gcc/avr/4.3.3/../../../../avr/lib/avr5/libm.a(mulsf3.o)
                                 0x54 (size before relaxing)
 .stab          0x00001998      0x4d4 /usr/local/CrossPack-AVR-20100115/lib/gcc/avr/4.3.3/../../../../avr/lib/avr5/libm.a(mulsf3x.o)
                                0x4e0 (size before relaxing)
 .stab          0x00001e6c       0x84 /usr/local/CrossPack-AVR-20100115/lib/gcc/avr/4.3.3/../../../../avr/lib/avr5/libc.a(memcpy_P.o)
                                 0x90 (size before relaxing)
 .stab          0x00001ef0       0xb4 /usr/local/CrossPack-AVR-20100115/lib/gcc/avr/4.3.3/../../../../avr/lib/avr5/libc.a(memcmp.o)
                                 0xc0 (size before relaxing)
 .stab          0x00001fa4       0x84 /usr/local/CrossPack-AVR-20100115/lib/gcc/avr/4.3.3/../../../../avr/lib/avr5/libc.a(memcpy.o)
                                 0x90 (size before relaxing)
 .stab          0x00002028       0x6c /usr/local/CrossPack-AVR-20100115/lib/gcc/avr/4.3.3/../../../../avr/lib/avr5/libc.a(memset.o)
                                 0x78 (size before relaxing)
 .stab          0x00002094       0x90 /usr/local/CrossPack-AVR-20100115/lib/gcc/avr/4.3.3/../../../../avr/lib/avr5/libc.a(eerd_byte_atmega32u4.o)
                                 0x9c (size before relaxing)
 .stab          0x00002124      0x114 /usr/local/CrossPack-AVR-20100115/lib/gcc/avr/4.3.3/../../../../avr/lib/avr5/libc.a(eeupd_byte_atmega32u4.o)
                                0x120 (size before relaxing)

.stabstr        0x00000000      0x871
 *(.stabstr)
 .stabstr       0x00000000      0x871 /usr/local/CrossPack-AVR-20100115/lib/gcc/avr/4.3.3/../../../../avr/lib/avr5/crtm32u4.o

.stab.excl
 *(.stab.excl)

.stab.exclstr
 *(.stab.exclstr)

.stab.index
 *(.stab.index)

.stab.indexstr
 *(.stab.indexstr)

.comment
 *(.comment)

.debug
 *(.debug)

.line
 *(.line)

.debug_srcinfo
 *(.debug_srcinfo)

.debug_sfnames
 *(.debug_sfnames)

.debug_aranges  0x00000000      0x4e8
 *(.debug_aranges)
 .debug_aranges
                0x00000000       0x50 MassStorage.o
 .debug_aranges
                0x00000050       0x20 Descriptors.o
 .debug_aranges
                0x00000070       0x48 Lib/DataflashManager.o
 .debug_aranges
                0x000000b8       0x28 Lib/SCSI.o
 .debug_aranges
                0x000000e0       0x20 ../../LUFA/Drivers/USB/Core/AVR8/Device_AVR8.o
 .debug_aranges
                0x00000100       0x38 ../../LUFA/Drivers/USB/Core/AVR8/Endpoint_AVR8.o
 .debug_aranges
                0x00000138       0x30 ../../LUFA/Drivers/USB/Core/AVR8/USBController_AVR8.o
 .debug_aranges
                0x00000168       0x38 ../../LUFA/Drivers/USB/Core/AVR8/USBInterrupt_AVR8.o
 .debug_aranges
                0x000001a0       0xc8 ../../LUFA/Drivers/USB/Core/AVR8/EndpointStream_AVR8.o
 .debug_aranges
                0x00000268       0x38 ../../LUFA/Drivers/USB/Core/ConfigDescriptor.o
 .debug_aranges
                0x000002a0       0x20 ../../LUFA/Drivers/USB/Core/DeviceStandardReq.o
 .debug_aranges
                0x000002c0       0x20 ../../LUFA/Drivers/USB/Core/Events.o
 .debug_aranges
                0x000002e0       0x20 ../../LUFA/Drivers/USB/Core/USBTask.o
 .debug_aranges
                0x00000300       0x38 ../../LUFA/Drivers/USB/Class/Common/HIDParser.o
 .debug_aranges
                0x00000338       0x30 ../../LUFA/Drivers/USB/Class/Device/Audio.o
 .debug_aranges
                0x00000368       0x98 ../../LUFA/Drivers/USB/Class/Device/CDC.o
 .debug_aranges
                0x00000400       0x30 ../../LUFA/Drivers/USB/Class/Device/HID.o
 .debug_aranges
                0x00000430       0x30 ../../LUFA/Drivers/USB/Class/Device/MassStorage.o
 .debug_aranges
                0x00000460       0x40 ../../LUFA/Drivers/USB/Class/Device/MIDI.o
 .debug_aranges
                0x000004a0       0x48 ../../LUFA/Drivers/USB/Class/Device/RNDIS.o

.debug_pubnames
                0x00000000      0xdf4
 *(.debug_pubnames)
 .debug_pubnames
                0x00000000      0x120 MassStorage.o
 .debug_pubnames
                0x00000120       0x9e Descriptors.o
 .debug_pubnames
                0x000001be      0x10a Lib/DataflashManager.o
 .debug_pubnames
                0x000002c8       0x3f Lib/SCSI.o
 .debug_pubnames
                0x00000307       0x32 ../../LUFA/Drivers/USB/Core/AVR8/Device_AVR8.o
 .debug_pubnames
                0x00000339       0x8b ../../LUFA/Drivers/USB/Core/AVR8/Endpoint_AVR8.o
 .debug_pubnames
                0x000003c4       0x46 ../../LUFA/Drivers/USB/Core/AVR8/USBController_AVR8.o
 .debug_pubnames
                0x0000040a       0x72 ../../LUFA/Drivers/USB/Core/AVR8/USBInterrupt_AVR8.o
 .debug_pubnames
                0x0000047c      0x2df ../../LUFA/Drivers/USB/Core/AVR8/EndpointStream_AVR8.o
 .debug_pubnames
                0x0000075b       0x9b ../../LUFA/Drivers/USB/Core/ConfigDescriptor.o
 .debug_pubnames
                0x000007f6       0xa1 ../../LUFA/Drivers/USB/Core/DeviceStandardReq.o
 .debug_pubnames
                0x00000897       0x25 ../../LUFA/Drivers/USB/Core/Events.o
 .debug_pubnames
                0x000008bc       0x63 ../../LUFA/Drivers/USB/Core/USBTask.o
 .debug_pubnames
                0x0000091f       0x7e ../../LUFA/Drivers/USB/Class/Common/HIDParser.o
 .debug_pubnames
                0x0000099d       0x79 ../../LUFA/Drivers/USB/Class/Device/Audio.o
 .debug_pubnames
                0x00000a16      0x18b ../../LUFA/Drivers/USB/Class/Device/CDC.o
 .debug_pubnames
                0x00000ba1       0x70 ../../LUFA/Drivers/USB/Class/Device/HID.o
 .debug_pubnames
                0x00000c11       0x6d ../../LUFA/Drivers/USB/Class/Device/MassStorage.o
 .debug_pubnames
                0x00000c7e       0xa6 ../../LUFA/Drivers/USB/Class/Device/MIDI.o
 .debug_pubnames
                0x00000d24       0xd0 ../../LUFA/Drivers/USB/Class/Device/RNDIS.o

.debug_info     0x00000000     0x94c2
 *(.debug_info)
 .debug_info    0x00000000      0x617 MassStorage.o
 .debug_info    0x00000617      0x574 Descriptors.o
 .debug_info    0x00000b8b      0xb59 Lib/DataflashManager.o
 .debug_info    0x000016e4      0xa23 Lib/SCSI.o
 .debug_info    0x00002107       0xc4 ../../LUFA/Drivers/USB/Core/AVR8/Device_AVR8.o
 .debug_info    0x000021cb      0x449 ../../LUFA/Drivers/USB/Core/AVR8/Endpoint_AVR8.o
 .debug_info    0x00002614        0x0 ../../LUFA/Drivers/USB/Core/AVR8/Host_AVR8.o
 .debug_info    0x00002614        0x0 ../../LUFA/Drivers/USB/Core/AVR8/Pipe_AVR8.o
 .debug_info    0x00002614      0x496 ../../LUFA/Drivers/USB/Core/AVR8/USBController_AVR8.o
 .debug_info    0x00002aaa      0x681 ../../LUFA/Drivers/USB/Core/AVR8/USBInterrupt_AVR8.o
 .debug_info    0x0000312b     0x157b ../../LUFA/Drivers/USB/Core/AVR8/EndpointStream_AVR8.o
 .debug_info    0x000046a6        0x0 ../../LUFA/Drivers/USB/Core/AVR8/PipeStream_AVR8.o
 .debug_info    0x000046a6      0x34b ../../LUFA/Drivers/USB/Core/ConfigDescriptor.o
 .debug_info    0x000049f1      0x9ed ../../LUFA/Drivers/USB/Core/DeviceStandardReq.o
 .debug_info    0x000053de       0x79 ../../LUFA/Drivers/USB/Core/Events.o
 .debug_info    0x00005457        0x0 ../../LUFA/Drivers/USB/Core/HostStandardReq.o
 .debug_info    0x00005457      0x23b ../../LUFA/Drivers/USB/Core/USBTask.o
 .debug_info    0x00005692      0x6ec ../../LUFA/Drivers/USB/Class/Common/HIDParser.o
 .debug_info    0x00005d7e      0x575 ../../LUFA/Drivers/USB/Class/Device/Audio.o
 .debug_info    0x000062f3      0xcf3 ../../LUFA/Drivers/USB/Class/Device/CDC.o
 .debug_info    0x00006fe6      0x679 ../../LUFA/Drivers/USB/Class/Device/HID.o
 .debug_info    0x0000765f      0x8ee ../../LUFA/Drivers/USB/Class/Device/MassStorage.o
 .debug_info    0x00007f4d      0x5c4 ../../LUFA/Drivers/USB/Class/Device/MIDI.o
 .debug_info    0x00008511      0xfb1 ../../LUFA/Drivers/USB/Class/Device/RNDIS.o
 .debug_info    0x000094c2        0x0 ../../LUFA/Drivers/USB/Class/Host/Audio.o
 .debug_info    0x000094c2        0x0 ../../LUFA/Drivers/USB/Class/Host/CDC.o
 .debug_info    0x000094c2        0x0 ../../LUFA/Drivers/USB/Class/Host/HID.o
 .debug_info    0x000094c2        0x0 ../../LUFA/Drivers/USB/Class/Host/MassStorage.o
 .debug_info    0x000094c2        0x0 ../../LUFA/Drivers/USB/Class/Host/MIDI.o
 .debug_info    0x000094c2        0x0 ../../LUFA/Drivers/USB/Class/Host/Printer.o
 .debug_info    0x000094c2        0x0 ../../LUFA/Drivers/USB/Class/Host/RNDIS.o
 .debug_info    0x000094c2        0x0 ../../LUFA/Drivers/USB/Class/Host/StillImage.o
 *(.gnu.linkonce.wi.*)

.debug_abbrev   0x00000000     0x2563
 *(.debug_abbrev)
 .debug_abbrev  0x00000000      0x21f MassStorage.o
 .debug_abbrev  0x0000021f      0x154 Descriptors.o
 .debug_abbrev  0x00000373      0x2ae Lib/DataflashManager.o
 .debug_abbrev  0x00000621      0x2a9 Lib/SCSI.o
 .debug_abbrev  0x000008ca       0x79 ../../LUFA/Drivers/USB/Core/AVR8/Device_AVR8.o
 .debug_abbrev  0x00000943      0x1a1 ../../LUFA/Drivers/USB/Core/AVR8/Endpoint_AVR8.o
 .debug_abbrev  0x00000ae4        0x1 ../../LUFA/Drivers/USB/Core/AVR8/Host_AVR8.o
 .debug_abbrev  0x00000ae5        0x1 ../../LUFA/Drivers/USB/Core/AVR8/Pipe_AVR8.o
 .debug_abbrev  0x00000ae6      0x15a ../../LUFA/Drivers/USB/Core/AVR8/USBController_AVR8.o
 .debug_abbrev  0x00000c40      0x1dc ../../LUFA/Drivers/USB/Core/AVR8/USBInterrupt_AVR8.o
 .debug_abbrev  0x00000e1c      0x1aa ../../LUFA/Drivers/USB/Core/AVR8/EndpointStream_AVR8.o
 .debug_abbrev  0x00000fc6        0x1 ../../LUFA/Drivers/USB/Core/AVR8/PipeStream_AVR8.o
 .debug_abbrev  0x00000fc7      0x15c ../../LUFA/Drivers/USB/Core/ConfigDescriptor.o
 .debug_abbrev  0x00001123      0x22d ../../LUFA/Drivers/USB/Core/DeviceStandardReq.o
 .debug_abbrev  0x00001350       0x4a ../../LUFA/Drivers/USB/Core/Events.o
 .debug_abbrev  0x0000139a        0x1 ../../LUFA/Drivers/USB/Core/HostStandardReq.o
 .debug_abbrev  0x0000139b      0x15d ../../LUFA/Drivers/USB/Core/USBTask.o
 .debug_abbrev  0x000014f8      0x1e7 ../../LUFA/Drivers/USB/Class/Common/HIDParser.o
 .debug_abbrev  0x000016df      0x1ea ../../LUFA/Drivers/USB/Class/Device/Audio.o
 .debug_abbrev  0x000018c9      0x347 ../../LUFA/Drivers/USB/Class/Device/CDC.o
 .debug_abbrev  0x00001c10      0x20d ../../LUFA/Drivers/USB/Class/Device/HID.o
 .debug_abbrev  0x00001e1d      0x24f ../../LUFA/Drivers/USB/Class/Device/MassStorage.o
 .debug_abbrev  0x0000206c      0x216 ../../LUFA/Drivers/USB/Class/Device/MIDI.o
 .debug_abbrev  0x00002282      0x2d9 ../../LUFA/Drivers/USB/Class/Device/RNDIS.o
 .debug_abbrev  0x0000255b        0x1 ../../LUFA/Drivers/USB/Class/Host/Audio.o
 .debug_abbrev  0x0000255c        0x1 ../../LUFA/Drivers/USB/Class/Host/CDC.o
 .debug_abbrev  0x0000255d        0x1 ../../LUFA/Drivers/USB/Class/Host/HID.o
 .debug_abbrev  0x0000255e        0x1 ../../LUFA/Drivers/USB/Class/Host/MassStorage.o
 .debug_abbrev  0x0000255f        0x1 ../../LUFA/Drivers/USB/Class/Host/MIDI.o
 .debug_abbrev  0x00002560        0x1 ../../LUFA/Drivers/USB/Class/Host/Printer.o
 .debug_abbrev  0x00002561        0x1 ../../LUFA/Drivers/USB/Class/Host/RNDIS.o
 .debug_abbrev  0x00002562        0x1 ../../LUFA/Drivers/USB/Class/Host/StillImage.o

.debug_line     0x00000000     0x6d9d
 *(.debug_line)
 .debug_line    0x00000000      0x56e MassStorage.o
 .debug_line    0x0000056e      0x1b3 Descriptors.o
 .debug_line    0x00000721      0x5f0 Lib/DataflashManager.o
 .debug_line    0x00000d11      0x3d1 Lib/SCSI.o
 .debug_line    0x000010e2      0x127 ../../LUFA/Drivers/USB/Core/AVR8/Device_AVR8.o
 .debug_line    0x00001209      0x45c ../../LUFA/Drivers/USB/Core/AVR8/Endpoint_AVR8.o
 .debug_line    0x00001665       0x24 ../../LUFA/Drivers/USB/Core/AVR8/Host_AVR8.o
 .debug_line    0x00001689       0x24 ../../LUFA/Drivers/USB/Core/AVR8/Pipe_AVR8.o
 .debug_line    0x000016ad      0x36f ../../LUFA/Drivers/USB/Core/AVR8/USBController_AVR8.o
 .debug_line    0x00001a1c      0x5fc ../../LUFA/Drivers/USB/Core/AVR8/USBInterrupt_AVR8.o
 .debug_line    0x00002018     0x178e ../../LUFA/Drivers/USB/Core/AVR8/EndpointStream_AVR8.o
 .debug_line    0x000037a6       0x24 ../../LUFA/Drivers/USB/Core/AVR8/PipeStream_AVR8.o
 .debug_line    0x000037ca      0x25d ../../LUFA/Drivers/USB/Core/ConfigDescriptor.o
 .debug_line    0x00003a27      0x5e8 ../../LUFA/Drivers/USB/Core/DeviceStandardReq.o
 .debug_line    0x0000400f       0x80 ../../LUFA/Drivers/USB/Core/Events.o
 .debug_line    0x0000408f       0x24 ../../LUFA/Drivers/USB/Core/HostStandardReq.o
 .debug_line    0x000040b3      0x1ca ../../LUFA/Drivers/USB/Core/USBTask.o
 .debug_line    0x0000427d      0x5c0 ../../LUFA/Drivers/USB/Class/Common/HIDParser.o
 .debug_line    0x0000483d      0x464 ../../LUFA/Drivers/USB/Class/Device/Audio.o
 .debug_line    0x00004ca1      0x93a ../../LUFA/Drivers/USB/Class/Device/CDC.o
 .debug_line    0x000055db      0x529 ../../LUFA/Drivers/USB/Class/Device/HID.o
 .debug_line    0x00005b04      0x5f3 ../../LUFA/Drivers/USB/Class/Device/MassStorage.o
 .debug_line    0x000060f7      0x406 ../../LUFA/Drivers/USB/Class/Device/MIDI.o
 .debug_line    0x000064fd      0x780 ../../LUFA/Drivers/USB/Class/Device/RNDIS.o
 .debug_line    0x00006c7d       0x24 ../../LUFA/Drivers/USB/Class/Host/Audio.o
 .debug_line    0x00006ca1       0x24 ../../LUFA/Drivers/USB/Class/Host/CDC.o
 .debug_line    0x00006cc5       0x24 ../../LUFA/Drivers/USB/Class/Host/HID.o
 .debug_line    0x00006ce9       0x24 ../../LUFA/Drivers/USB/Class/Host/MassStorage.o
 .debug_line    0x00006d0d       0x24 ../../LUFA/Drivers/USB/Class/Host/MIDI.o
 .debug_line    0x00006d31       0x24 ../../LUFA/Drivers/USB/Class/Host/Printer.o
 .debug_line    0x00006d55       0x24 ../../LUFA/Drivers/USB/Class/Host/RNDIS.o
 .debug_line    0x00006d79       0x24 ../../LUFA/Drivers/USB/Class/Host/StillImage.o

.debug_frame    0x00000000      0x750
 *(.debug_frame)
 .debug_frame   0x00000000       0x80 MassStorage.o
 .debug_frame   0x00000080       0x20 Descriptors.o
 .debug_frame   0x000000a0       0x70 Lib/DataflashManager.o
 .debug_frame   0x00000110       0x30 Lib/SCSI.o
 .debug_frame   0x00000140       0x20 ../../LUFA/Drivers/USB/Core/AVR8/Device_AVR8.o
 .debug_frame   0x00000160       0x50 ../../LUFA/Drivers/USB/Core/AVR8/Endpoint_AVR8.o
 .debug_frame   0x000001b0       0x40 ../../LUFA/Drivers/USB/Core/AVR8/USBController_AVR8.o
 .debug_frame   0x000001f0       0x50 ../../LUFA/Drivers/USB/Core/AVR8/USBInterrupt_AVR8.o
 .debug_frame   0x00000240      0x170 ../../LUFA/Drivers/USB/Core/AVR8/EndpointStream_AVR8.o
 .debug_frame   0x000003b0       0x50 ../../LUFA/Drivers/USB/Core/ConfigDescriptor.o
 .debug_frame   0x00000400       0x20 ../../LUFA/Drivers/USB/Core/DeviceStandardReq.o
 .debug_frame   0x00000420       0x20 ../../LUFA/Drivers/USB/Core/Events.o
 .debug_frame   0x00000440       0x20 ../../LUFA/Drivers/USB/Core/USBTask.o
 .debug_frame   0x00000460       0x50 ../../LUFA/Drivers/USB/Class/Common/HIDParser.o
 .debug_frame   0x000004b0       0x40 ../../LUFA/Drivers/USB/Class/Device/Audio.o
 .debug_frame   0x000004f0      0x110 ../../LUFA/Drivers/USB/Class/Device/CDC.o
 .debug_frame   0x00000600       0x40 ../../LUFA/Drivers/USB/Class/Device/HID.o
 .debug_frame   0x00000640       0x40 ../../LUFA/Drivers/USB/Class/Device/MassStorage.o
 .debug_frame   0x00000680       0x60 ../../LUFA/Drivers/USB/Class/Device/MIDI.o
 .debug_frame   0x000006e0       0x70 ../../LUFA/Drivers/USB/Class/Device/RNDIS.o

.debug_str      0x00000000     0x373f
 *(.debug_str)
 .debug_str     0x00000000      0x408 MassStorage.o
                                0x48d (size before relaxing)
 .debug_str     0x00000408      0x3f6 Descriptors.o
                                0x55a (size before relaxing)
 .debug_str     0x000007fe      0x30c Lib/DataflashManager.o
                                0x5b7 (size before relaxing)
 .debug_str     0x00000b0a      0x2ed Lib/SCSI.o
                                0x60b (size before relaxing)
 .debug_str     0x00000df7       0x77 ../../LUFA/Drivers/USB/Core/AVR8/Device_AVR8.o
                                0x13d (size before relaxing)
 .debug_str     0x00000e6e      0x39e ../../LUFA/Drivers/USB/Core/AVR8/Endpoint_AVR8.o
                                0x4cc (size before relaxing)
 .debug_str     0x0000120c      0x29c ../../LUFA/Drivers/USB/Core/AVR8/USBController_AVR8.o
                                0x451 (size before relaxing)
 .debug_str     0x000014a8      0x13c ../../LUFA/Drivers/USB/Core/AVR8/USBInterrupt_AVR8.o
                                0x43d (size before relaxing)
 .debug_str     0x000015e4      0x4c0 ../../LUFA/Drivers/USB/Core/AVR8/EndpointStream_AVR8.o
                                0x76b (size before relaxing)
 .debug_str     0x00001aa4      0x21c ../../LUFA/Drivers/USB/Core/ConfigDescriptor.o
                                0x30a (size before relaxing)
 .debug_str     0x00001cc0      0x3f4 ../../LUFA/Drivers/USB/Core/DeviceStandardReq.o
                                0x841 (size before relaxing)
 .debug_str     0x000020b4       0x34 ../../LUFA/Drivers/USB/Core/Events.o
                                 0xf4 (size before relaxing)
 .debug_str     0x000020e8       0x4e ../../LUFA/Drivers/USB/Core/USBTask.o
                                0x294 (size before relaxing)
 .debug_str     0x00002136      0x47c ../../LUFA/Drivers/USB/Class/Common/HIDParser.o
                                0x5e2 (size before relaxing)
 .debug_str     0x000025b2      0x23b ../../LUFA/Drivers/USB/Class/Device/Audio.o
                                0x583 (size before relaxing)
 .debug_str     0x000027ed      0x3fc ../../LUFA/Drivers/USB/Class/Device/CDC.o
                                0x9ca (size before relaxing)
 .debug_str     0x00002be9      0x20b ../../LUFA/Drivers/USB/Class/Device/HID.o
                                0x59d (size before relaxing)
 .debug_str     0x00002df4      0x167 ../../LUFA/Drivers/USB/Class/Device/MassStorage.o
                                0x773 (size before relaxing)
 .debug_str     0x00002f5b      0x110 ../../LUFA/Drivers/USB/Class/Device/MIDI.o
                                0x600 (size before relaxing)
 .debug_str     0x0000306b      0x6d4 ../../LUFA/Drivers/USB/Class/Device/RNDIS.o
                                0xcf7 (size before relaxing)

.debug_loc      0x00000000     0x3ba6
 *(.debug_loc)
 .debug_loc     0x00000000      0x170 MassStorage.o
 .debug_loc     0x00000170      0x160 Descriptors.o
 .debug_loc     0x000002d0      0x28a Lib/DataflashManager.o
 .debug_loc     0x0000055a      0x29c Lib/SCSI.o
 .debug_loc     0x000007f6       0x7f ../../LUFA/Drivers/USB/Core/AVR8/Endpoint_AVR8.o
 .debug_loc     0x00000875       0x13 ../../LUFA/Drivers/USB/Core/AVR8/USBInterrupt_AVR8.o
 .debug_loc     0x00000888     0x1886 ../../LUFA/Drivers/USB/Core/AVR8/EndpointStream_AVR8.o
 .debug_loc     0x0000210e      0x2c7 ../../LUFA/Drivers/USB/Core/ConfigDescriptor.o
 .debug_loc     0x000023d5      0x25a ../../LUFA/Drivers/USB/Core/DeviceStandardReq.o
 .debug_loc     0x0000262f      0x4fa ../../LUFA/Drivers/USB/Class/Common/HIDParser.o
 .debug_loc     0x00002b29      0x159 ../../LUFA/Drivers/USB/Class/Device/Audio.o
 .debug_loc     0x00002c82      0x512 ../../LUFA/Drivers/USB/Class/Device/CDC.o
 .debug_loc     0x00003194      0x16c ../../LUFA/Drivers/USB/Class/Device/HID.o
 .debug_loc     0x00003300      0x138 ../../LUFA/Drivers/USB/Class/Device/MassStorage.o
 .debug_loc     0x00003438      0x23c ../../LUFA/Drivers/USB/Class/Device/MIDI.o
 .debug_loc     0x00003674      0x532 ../../LUFA/Drivers/USB/Class/Device/RNDIS.o

.debug_macinfo
 *(.debug_macinfo)
OUTPUT(MassStorage.elf elf32-avr)
LOAD linker stubs

.debug_ranges   0x00000000      0x628
 .debug_ranges  0x00000000       0x90 MassStorage.o
 .debug_ranges  0x00000090       0x18 Descriptors.o
 .debug_ranges  0x000000a8       0x40 Lib/DataflashManager.o
 .debug_ranges  0x000000e8       0x20 Lib/SCSI.o
 .debug_ranges  0x00000108       0x18 ../../LUFA/Drivers/USB/Core/AVR8/Device_AVR8.o
 .debug_ranges  0x00000120       0x48 ../../LUFA/Drivers/USB/Core/AVR8/Endpoint_AVR8.o
 .debug_ranges  0x00000168       0x28 ../../LUFA/Drivers/USB/Core/AVR8/USBController_AVR8.o
 .debug_ranges  0x00000190       0x30 ../../LUFA/Drivers/USB/Core/AVR8/USBInterrupt_AVR8.o
 .debug_ranges  0x000001c0       0xc0 ../../LUFA/Drivers/USB/Core/AVR8/EndpointStream_AVR8.o
 .debug_ranges  0x00000280       0x30 ../../LUFA/Drivers/USB/Core/ConfigDescriptor.o
 .debug_ranges  0x000002b0       0x78 ../../LUFA/Drivers/USB/Core/DeviceStandardReq.o
 .debug_ranges  0x00000328       0x18 ../../LUFA/Drivers/USB/Core/Events.o
 .debug_ranges  0x00000340       0x30 ../../LUFA/Drivers/USB/Core/USBTask.o
 .debug_ranges  0x00000370       0xa0 ../../LUFA/Drivers/USB/Class/Common/HIDParser.o
 .debug_ranges  0x00000410       0x28 ../../LUFA/Drivers/USB/Class/Device/Audio.o
 .debug_ranges  0x00000438       0x90 ../../LUFA/Drivers/USB/Class/Device/CDC.o
 .debug_ranges  0x000004c8       0x28 ../../LUFA/Drivers/USB/Class/Device/HID.o
 .debug_ranges  0x000004f0       0x78 ../../LUFA/Drivers/USB/Class/Device/MassStorage.o
 .debug_ranges  0x00000568       0x38 ../../LUFA/Drivers/USB/Class/Device/MIDI.o
 .debug_ranges  0x000005a0       0x88 ../../LUFA/Drivers/USB/Class/Device/RNDIS.o

Cross Reference Table

Symbol                                            File
Audio_Device_ConfigureEndpoints                   ../../LUFA/Drivers/USB/Class/Device/Audio.o
Audio_Device_Event_Stub                           ../../LUFA/Drivers/USB/Class/Device/Audio.o
Audio_Device_ProcessControlRequest                ../../LUFA/Drivers/USB/Class/Device/Audio.o
CALLBACK_Audio_Device_GetSetEndpointProperty      ../../LUFA/Drivers/USB/Class/Device/Audio.o
CALLBACK_HIDParser_FilterHIDReportItem            ../../LUFA/Drivers/USB/Class/Common/HIDParser.o
CALLBACK_HID_Device_CreateHIDReport               ../../LUFA/Drivers/USB/Class/Device/HID.o
CALLBACK_HID_Device_ProcessHIDReport              ../../LUFA/Drivers/USB/Class/Device/HID.o
CALLBACK_MS_Device_SCSICommandReceived            MassStorage.o
                                                  ../../LUFA/Drivers/USB/Class/Device/MassStorage.o
CALLBACK_USB_GetDescriptor                        Descriptors.o
                                                  ../../LUFA/Drivers/USB/Core/DeviceStandardReq.o
CDC_Device_BytesReceived                          ../../LUFA/Drivers/USB/Class/Device/CDC.o
CDC_Device_ConfigureEndpoints                     ../../LUFA/Drivers/USB/Class/Device/CDC.o
CDC_Device_CreateBlockingStream                   ../../LUFA/Drivers/USB/Class/Device/CDC.o
CDC_Device_CreateStream                           ../../LUFA/Drivers/USB/Class/Device/CDC.o
CDC_Device_Event_Stub                             ../../LUFA/Drivers/USB/Class/Device/CDC.o
CDC_Device_Flush                                  ../../LUFA/Drivers/USB/Class/Device/CDC.o
CDC_Device_ProcessControlRequest                  ../../LUFA/Drivers/USB/Class/Device/CDC.o
CDC_Device_ReceiveByte                            ../../LUFA/Drivers/USB/Class/Device/CDC.o
CDC_Device_SendByte                               ../../LUFA/Drivers/USB/Class/Device/CDC.o
CDC_Device_SendControlLineStateChange             ../../LUFA/Drivers/USB/Class/Device/CDC.o
CDC_Device_SendData                               ../../LUFA/Drivers/USB/Class/Device/CDC.o
CDC_Device_SendString                             ../../LUFA/Drivers/USB/Class/Device/CDC.o
CDC_Device_USBTask                                ../../LUFA/Drivers/USB/Class/Device/CDC.o
ConfigurationDescriptor                           Descriptors.o
DATARAM_index                                     Lib/SCSI.o
                                                  Lib/DataflashManager.o
                                                  MassStorage.o
DataflashManager_CheckDataflashOperation          Lib/DataflashManager.o
                                                  Lib/SCSI.o
DataflashManager_ReadBlocks                       Lib/DataflashManager.o
                                                  Lib/SCSI.o
DataflashManager_ReadBlocks_RAM                   Lib/DataflashManager.o
DataflashManager_ResetDataflashProtections        Lib/DataflashManager.o
                                                  MassStorage.o
DataflashManager_WriteBlocks                      Lib/DataflashManager.o
                                                  Lib/SCSI.o
DataflashManager_WriteBlocks_RAM                  Lib/DataflashManager.o
DeviceDescriptor                                  Descriptors.o
Disk_MS_Interface                                 MassStorage.o
EVENT_Audio_Device_StreamStartStop                ../../LUFA/Drivers/USB/Class/Device/Audio.o
EVENT_CDC_Device_BreakSent                        ../../LUFA/Drivers/USB/Class/Device/CDC.o
EVENT_CDC_Device_ControLineStateChanged           ../../LUFA/Drivers/USB/Class/Device/CDC.o
EVENT_CDC_Device_LineEncodingChanged              ../../LUFA/Drivers/USB/Class/Device/CDC.o
EVENT_USB_Device_ConfigurationChanged             MassStorage.o
                                                  ../../LUFA/Drivers/USB/Core/DeviceStandardReq.o
EVENT_USB_Device_Connect                          MassStorage.o
                                                  ../../LUFA/Drivers/USB/Core/AVR8/USBInterrupt_AVR8.o
EVENT_USB_Device_ControlRequest                   MassStorage.o
                                                  ../../LUFA/Drivers/USB/Core/DeviceStandardReq.o
EVENT_USB_Device_Disconnect                       MassStorage.o
                                                  ../../LUFA/Drivers/USB/Core/AVR8/USBInterrupt_AVR8.o
EVENT_USB_Device_Reset                            ../../LUFA/Drivers/USB/Core/Events.o
                                                  ../../LUFA/Drivers/USB/Core/AVR8/USBInterrupt_AVR8.o
EVENT_USB_Device_StartOfFrame                     ../../LUFA/Drivers/USB/Core/Events.o
                                                  ../../LUFA/Drivers/USB/Core/AVR8/USBInterrupt_AVR8.o
EVENT_USB_Device_Suspend                          ../../LUFA/Drivers/USB/Core/Events.o
                                                  ../../LUFA/Drivers/USB/Core/AVR8/USBInterrupt_AVR8.o
EVENT_USB_Device_WakeUp                           ../../LUFA/Drivers/USB/Core/Events.o
                                                  ../../LUFA/Drivers/USB/Core/AVR8/USBInterrupt_AVR8.o
Endpoint_ClearEndpoints                           ../../LUFA/Drivers/USB/Core/AVR8/Endpoint_AVR8.o
Endpoint_ClearStatusStage                         ../../LUFA/Drivers/USB/Core/AVR8/Endpoint_AVR8.o
                                                  ../../LUFA/Drivers/USB/Class/Device/MassStorage.o
                                                  ../../LUFA/Drivers/USB/Class/Device/HID.o
                                                  ../../LUFA/Drivers/USB/Class/Device/CDC.o
                                                  ../../LUFA/Drivers/USB/Class/Device/Audio.o
                                                  ../../LUFA/Drivers/USB/Core/DeviceStandardReq.o
Endpoint_ConfigureEndpoint_Prv                    ../../LUFA/Drivers/USB/Core/AVR8/Endpoint_AVR8.o
                                                  ../../LUFA/Drivers/USB/Class/Device/RNDIS.o
                                                  ../../LUFA/Drivers/USB/Class/Device/MIDI.o
                                                  ../../LUFA/Drivers/USB/Class/Device/MassStorage.o
                                                  ../../LUFA/Drivers/USB/Class/Device/HID.o
                                                  ../../LUFA/Drivers/USB/Class/Device/CDC.o
                                                  ../../LUFA/Drivers/USB/Class/Device/Audio.o
                                                  ../../LUFA/Drivers/USB/Core/AVR8/USBInterrupt_AVR8.o
                                                  ../../LUFA/Drivers/USB/Core/AVR8/USBController_AVR8.o
Endpoint_Discard_Stream                           ../../LUFA/Drivers/USB/Core/AVR8/EndpointStream_AVR8.o
Endpoint_Null_Stream                              ../../LUFA/Drivers/USB/Core/AVR8/EndpointStream_AVR8.o
                                                  Lib/SCSI.o
Endpoint_Read_Control_EStream_BE                  ../../LUFA/Drivers/USB/Core/AVR8/EndpointStream_AVR8.o
Endpoint_Read_Control_EStream_LE                  ../../LUFA/Drivers/USB/Core/AVR8/EndpointStream_AVR8.o
Endpoint_Read_Control_Stream_BE                   ../../LUFA/Drivers/USB/Core/AVR8/EndpointStream_AVR8.o
Endpoint_Read_Control_Stream_LE                   ../../LUFA/Drivers/USB/Core/AVR8/EndpointStream_AVR8.o
                                                  ../../LUFA/Drivers/USB/Class/Device/RNDIS.o
                                                  ../../LUFA/Drivers/USB/Class/Device/HID.o
                                                  ../../LUFA/Drivers/USB/Class/Device/Audio.o
Endpoint_Read_EStream_BE                          ../../LUFA/Drivers/USB/Core/AVR8/EndpointStream_AVR8.o
Endpoint_Read_EStream_LE                          ../../LUFA/Drivers/USB/Core/AVR8/EndpointStream_AVR8.o
Endpoint_Read_Stream_BE                           ../../LUFA/Drivers/USB/Core/AVR8/EndpointStream_AVR8.o
Endpoint_Read_Stream_LE                           ../../LUFA/Drivers/USB/Core/AVR8/EndpointStream_AVR8.o
                                                  ../../LUFA/Drivers/USB/Class/Device/RNDIS.o
                                                  ../../LUFA/Drivers/USB/Class/Device/MIDI.o
                                                  ../../LUFA/Drivers/USB/Class/Device/MassStorage.o
Endpoint_WaitUntilReady                           ../../LUFA/Drivers/USB/Core/AVR8/Endpoint_AVR8.o
                                                  ../../LUFA/Drivers/USB/Class/Device/RNDIS.o
                                                  ../../LUFA/Drivers/USB/Class/Device/MIDI.o
                                                  ../../LUFA/Drivers/USB/Class/Device/CDC.o
                                                  ../../LUFA/Drivers/USB/Core/AVR8/EndpointStream_AVR8.o
                                                  Lib/DataflashManager.o
Endpoint_Write_Control_EStream_BE                 ../../LUFA/Drivers/USB/Core/AVR8/EndpointStream_AVR8.o
Endpoint_Write_Control_EStream_LE                 ../../LUFA/Drivers/USB/Core/AVR8/EndpointStream_AVR8.o
Endpoint_Write_Control_PStream_BE                 ../../LUFA/Drivers/USB/Core/AVR8/EndpointStream_AVR8.o
Endpoint_Write_Control_PStream_LE                 ../../LUFA/Drivers/USB/Core/AVR8/EndpointStream_AVR8.o
                                                  ../../LUFA/Drivers/USB/Core/DeviceStandardReq.o
Endpoint_Write_Control_Stream_BE                  ../../LUFA/Drivers/USB/Core/AVR8/EndpointStream_AVR8.o
Endpoint_Write_Control_Stream_LE                  ../../LUFA/Drivers/USB/Core/AVR8/EndpointStream_AVR8.o
                                                  ../../LUFA/Drivers/USB/Class/Device/RNDIS.o
                                                  ../../LUFA/Drivers/USB/Class/Device/HID.o
                                                  ../../LUFA/Drivers/USB/Class/Device/Audio.o
                                                  ../../LUFA/Drivers/USB/Core/DeviceStandardReq.o
Endpoint_Write_EStream_BE                         ../../LUFA/Drivers/USB/Core/AVR8/EndpointStream_AVR8.o
Endpoint_Write_EStream_LE                         ../../LUFA/Drivers/USB/Core/AVR8/EndpointStream_AVR8.o
Endpoint_Write_PStream_BE                         ../../LUFA/Drivers/USB/Core/AVR8/EndpointStream_AVR8.o
Endpoint_Write_PStream_LE                         ../../LUFA/Drivers/USB/Core/AVR8/EndpointStream_AVR8.o
Endpoint_Write_Stream_BE                          ../../LUFA/Drivers/USB/Core/AVR8/EndpointStream_AVR8.o
                                                  Lib/SCSI.o
Endpoint_Write_Stream_LE                          ../../LUFA/Drivers/USB/Core/AVR8/EndpointStream_AVR8.o
                                                  ../../LUFA/Drivers/USB/Class/Device/RNDIS.o
                                                  ../../LUFA/Drivers/USB/Class/Device/MIDI.o
                                                  ../../LUFA/Drivers/USB/Class/Device/MassStorage.o
                                                  ../../LUFA/Drivers/USB/Class/Device/HID.o
                                                  ../../LUFA/Drivers/USB/Class/Device/CDC.o
                                                  Lib/SCSI.o
HID_Device_ConfigureEndpoints                     ../../LUFA/Drivers/USB/Class/Device/HID.o
HID_Device_ProcessControlRequest                  ../../LUFA/Drivers/USB/Class/Device/HID.o
HID_Device_USBTask                                ../../LUFA/Drivers/USB/Class/Device/HID.o
LanguageString                                    Descriptors.o
MIDI_Device_ConfigureEndpoints                    ../../LUFA/Drivers/USB/Class/Device/MIDI.o
MIDI_Device_Flush                                 ../../LUFA/Drivers/USB/Class/Device/MIDI.o
MIDI_Device_ReceiveEventPacket                    ../../LUFA/Drivers/USB/Class/Device/MIDI.o
MIDI_Device_SendEventPacket                       ../../LUFA/Drivers/USB/Class/Device/MIDI.o
MIDI_Device_USBTask                               ../../LUFA/Drivers/USB/Class/Device/MIDI.o
MS_Device_ConfigureEndpoints                      ../../LUFA/Drivers/USB/Class/Device/MassStorage.o
                                                  MassStorage.o
MS_Device_ProcessControlRequest                   ../../LUFA/Drivers/USB/Class/Device/MassStorage.o
                                                  MassStorage.o
MS_Device_USBTask                                 ../../LUFA/Drivers/USB/Class/Device/MassStorage.o
                                                  MassStorage.o
ManufacturerString                                Descriptors.o
ProductString                                     Descriptors.o
RNDIS_Device_ConfigureEndpoints                   ../../LUFA/Drivers/USB/Class/Device/RNDIS.o
RNDIS_Device_IsPacketReceived                     ../../LUFA/Drivers/USB/Class/Device/RNDIS.o
RNDIS_Device_ProcessControlRequest                ../../LUFA/Drivers/USB/Class/Device/RNDIS.o
RNDIS_Device_ReadPacket                           ../../LUFA/Drivers/USB/Class/Device/RNDIS.o
RNDIS_Device_SendPacket                           ../../LUFA/Drivers/USB/Class/Device/RNDIS.o
RNDIS_Device_USBTask                              ../../LUFA/Drivers/USB/Class/Device/RNDIS.o
SCSI_DecodeSCSICommand                            Lib/SCSI.o
                                                  MassStorage.o
SetupHardware                                     MassStorage.o
USB_ControlRequest                                ../../LUFA/Drivers/USB/Class/Device/RNDIS.o
                                                  ../../LUFA/Drivers/USB/Class/Device/MassStorage.o
                                                  ../../LUFA/Drivers/USB/Class/Device/HID.o
                                                  ../../LUFA/Drivers/USB/Class/Device/CDC.o
                                                  ../../LUFA/Drivers/USB/Class/Device/Audio.o
                                                  ../../LUFA/Drivers/USB/Core/USBTask.o
                                                  ../../LUFA/Drivers/USB/Core/DeviceStandardReq.o
                                                  ../../LUFA/Drivers/USB/Core/AVR8/EndpointStream_AVR8.o
                                                  ../../LUFA/Drivers/USB/Core/AVR8/Endpoint_AVR8.o
USB_DeviceState                                   ../../LUFA/Drivers/USB/Class/Device/RNDIS.o
                                                  ../../LUFA/Drivers/USB/Class/Device/MIDI.o
                                                  ../../LUFA/Drivers/USB/Class/Device/MassStorage.o
                                                  ../../LUFA/Drivers/USB/Class/Device/HID.o
                                                  ../../LUFA/Drivers/USB/Class/Device/CDC.o
                                                  ../../LUFA/Drivers/USB/Core/USBTask.o
                                                  ../../LUFA/Drivers/USB/Core/DeviceStandardReq.o
                                                  ../../LUFA/Drivers/USB/Core/AVR8/EndpointStream_AVR8.o
                                                  ../../LUFA/Drivers/USB/Core/AVR8/USBInterrupt_AVR8.o
                                                  ../../LUFA/Drivers/USB/Core/AVR8/USBController_AVR8.o
                                                  ../../LUFA/Drivers/USB/Core/AVR8/Endpoint_AVR8.o
USB_Device_ConfigurationNumber                    ../../LUFA/Drivers/USB/Core/DeviceStandardReq.o
                                                  ../../LUFA/Drivers/USB/Core/AVR8/USBInterrupt_AVR8.o
                                                  ../../LUFA/Drivers/USB/Core/AVR8/USBController_AVR8.o
USB_Device_CurrentlySelfPowered                   ../../LUFA/Drivers/USB/Core/DeviceStandardReq.o
                                                  ../../LUFA/Drivers/USB/Core/AVR8/USBController_AVR8.o
USB_Device_ProcessControlRequest                  ../../LUFA/Drivers/USB/Core/DeviceStandardReq.o
                                                  ../../LUFA/Drivers/USB/Core/USBTask.o
                                                  ../../LUFA/Drivers/USB/Core/AVR8/USBInterrupt_AVR8.o
USB_Device_RemoteWakeupEnabled                    ../../LUFA/Drivers/USB/Core/DeviceStandardReq.o
                                                  ../../LUFA/Drivers/USB/Core/AVR8/USBController_AVR8.o
USB_Device_SendRemoteWakeup                       ../../LUFA/Drivers/USB/Core/AVR8/Device_AVR8.o
USB_Disable                                       ../../LUFA/Drivers/USB/Core/AVR8/USBController_AVR8.o
USB_Event_Stub                                    ../../LUFA/Drivers/USB/Core/Events.o
USB_GetHIDReportItemInfo                          ../../LUFA/Drivers/USB/Class/Common/HIDParser.o
USB_GetHIDReportSize                              ../../LUFA/Drivers/USB/Class/Common/HIDParser.o
USB_GetNextDescriptorComp                         ../../LUFA/Drivers/USB/Core/ConfigDescriptor.o
USB_GetNextDescriptorOfType                       ../../LUFA/Drivers/USB/Core/ConfigDescriptor.o
USB_GetNextDescriptorOfTypeAfter                  ../../LUFA/Drivers/USB/Core/ConfigDescriptor.o
USB_GetNextDescriptorOfTypeBefore                 ../../LUFA/Drivers/USB/Core/ConfigDescriptor.o
USB_INT_ClearAllInterrupts                        ../../LUFA/Drivers/USB/Core/AVR8/USBInterrupt_AVR8.o
                                                  ../../LUFA/Drivers/USB/Core/AVR8/USBController_AVR8.o
USB_INT_DisableAllInterrupts                      ../../LUFA/Drivers/USB/Core/AVR8/USBInterrupt_AVR8.o
                                                  ../../LUFA/Drivers/USB/Core/AVR8/USBController_AVR8.o
USB_Init                                          ../../LUFA/Drivers/USB/Core/AVR8/USBController_AVR8.o
                                                  MassStorage.o
USB_IsInitialized                                 ../../LUFA/Drivers/USB/Core/USBTask.o
                                                  ../../LUFA/Drivers/USB/Core/AVR8/USBController_AVR8.o
USB_ProcessHIDReport                              ../../LUFA/Drivers/USB/Class/Common/HIDParser.o
USB_ResetInterface                                ../../LUFA/Drivers/USB/Core/AVR8/USBController_AVR8.o
USB_SetHIDReportItemInfo                          ../../LUFA/Drivers/USB/Class/Common/HIDParser.o
USB_USBTask                                       ../../LUFA/Drivers/USB/Core/USBTask.o
                                                  ../../LUFA/Drivers/USB/Class/Device/CDC.o
                                                  MassStorage.o
__addsf3                                          /usr/local/CrossPack-AVR-20100115/lib/gcc/avr/4.3.3/../../../../avr/lib/avr5/libm.a(addsf3.o)
                                                  MassStorage.o
__addsf3x                                         /usr/local/CrossPack-AVR-20100115/lib/gcc/avr/4.3.3/../../../../avr/lib/avr5/libm.a(addsf3x.o)
                                                  /usr/local/CrossPack-AVR-20100115/lib/gcc/avr/4.3.3/../../../../avr/lib/avr5/libm.a(addsf3.o)
__bad_interrupt                                   /usr/local/CrossPack-AVR-20100115/lib/gcc/avr/4.3.3/../../../../avr/lib/avr5/crtm32u4.o
__bss_end                                         /usr/local/CrossPack-AVR-20100115/lib/gcc/avr/4.3.3/avr5/libgcc.a(_clear_bss.o)
__bss_start                                       /usr/local/CrossPack-AVR-20100115/lib/gcc/avr/4.3.3/avr5/libgcc.a(_clear_bss.o)
__cmpsf2                                          /usr/local/CrossPack-AVR-20100115/lib/gcc/avr/4.3.3/../../../../avr/lib/avr5/libm.a(cmpsf2.o)
__data_end                                        /usr/local/CrossPack-AVR-20100115/lib/gcc/avr/4.3.3/avr5/libgcc.a(_copy_data.o)
__data_load_start                                 /usr/local/CrossPack-AVR-20100115/lib/gcc/avr/4.3.3/avr5/libgcc.a(_copy_data.o)
__data_start                                      /usr/local/CrossPack-AVR-20100115/lib/gcc/avr/4.3.3/avr5/libgcc.a(_copy_data.o)
__do_clear_bss                                    /usr/local/CrossPack-AVR-20100115/lib/gcc/avr/4.3.3/avr5/libgcc.a(_clear_bss.o)
                                                  ../../LUFA/Drivers/USB/Core/USBTask.o
                                                  ../../LUFA/Drivers/USB/Core/DeviceStandardReq.o
                                                  Lib/SCSI.o
                                                  Lib/DataflashManager.o
                                                  MassStorage.o
__do_copy_data                                    /usr/local/CrossPack-AVR-20100115/lib/gcc/avr/4.3.3/avr5/libgcc.a(_copy_data.o)
                                                  ../../LUFA/Drivers/USB/Class/Device/RNDIS.o
                                                  ../../LUFA/Drivers/USB/Class/Device/CDC.o
                                                  Lib/SCSI.o
                                                  MassStorage.o
__eerd_byte_m32u4                                 /usr/local/CrossPack-AVR-20100115/lib/gcc/avr/4.3.3/../../../../avr/lib/avr5/libc.a(eerd_byte_atmega32u4.o)
                                                  ../../LUFA/Drivers/USB/Core/AVR8/EndpointStream_AVR8.o
__eeupd_byte_m32u4                                /usr/local/CrossPack-AVR-20100115/lib/gcc/avr/4.3.3/../../../../avr/lib/avr5/libc.a(eeupd_byte_atmega32u4.o)
                                                  ../../LUFA/Drivers/USB/Core/AVR8/EndpointStream_AVR8.o
__eeupd_r18_m32u4                                 /usr/local/CrossPack-AVR-20100115/lib/gcc/avr/4.3.3/../../../../avr/lib/avr5/libc.a(eeupd_byte_atmega32u4.o)
__eqsf2                                           /usr/local/CrossPack-AVR-20100115/lib/gcc/avr/4.3.3/../../../../avr/lib/avr5/libm.a(cmpsf2.o)
__fixunssfsi                                      /usr/local/CrossPack-AVR-20100115/lib/gcc/avr/4.3.3/../../../../avr/lib/avr5/libm.a(fixunssfsi.o)
                                                  MassStorage.o
__floatsisf                                       /usr/local/CrossPack-AVR-20100115/lib/gcc/avr/4.3.3/../../../../avr/lib/avr5/libm.a(floatsisf.o)
                                                  MassStorage.o
__floatunsisf                                     /usr/local/CrossPack-AVR-20100115/lib/gcc/avr/4.3.3/../../../../avr/lib/avr5/libm.a(floatsisf.o)
__fp_cmp                                          /usr/local/CrossPack-AVR-20100115/lib/gcc/avr/4.3.3/../../../../avr/lib/avr5/libm.a(fp_cmp.o)
                                                  /usr/local/CrossPack-AVR-20100115/lib/gcc/avr/4.3.3/../../../../avr/lib/avr5/libm.a(gesf2.o)
                                                  /usr/local/CrossPack-AVR-20100115/lib/gcc/avr/4.3.3/../../../../avr/lib/avr5/libm.a(cmpsf2.o)
__fp_inf                                          /usr/local/CrossPack-AVR-20100115/lib/gcc/avr/4.3.3/../../../../avr/lib/avr5/libm.a(fp_inf.o)
                                                  /usr/local/CrossPack-AVR-20100115/lib/gcc/avr/4.3.3/../../../../avr/lib/avr5/libm.a(mulsf3x.o)
                                                  /usr/local/CrossPack-AVR-20100115/lib/gcc/avr/4.3.3/../../../../avr/lib/avr5/libm.a(addsf3x.o)
__fp_nan                                          /usr/local/CrossPack-AVR-20100115/lib/gcc/avr/4.3.3/../../../../avr/lib/avr5/libm.a(fp_nan.o)
                                                  /usr/local/CrossPack-AVR-20100115/lib/gcc/avr/4.3.3/../../../../avr/lib/avr5/libm.a(mulsf3x.o)
                                                  /usr/local/CrossPack-AVR-20100115/lib/gcc/avr/4.3.3/../../../../avr/lib/avr5/libm.a(addsf3x.o)
__fp_pscA                                         /usr/local/CrossPack-AVR-20100115/lib/gcc/avr/4.3.3/../../../../avr/lib/avr5/libm.a(fp_pscA.o)
                                                  /usr/local/CrossPack-AVR-20100115/lib/gcc/avr/4.3.3/../../../../avr/lib/avr5/libm.a(mulsf3x.o)
                                                  /usr/local/CrossPack-AVR-20100115/lib/gcc/avr/4.3.3/../../../../avr/lib/avr5/libm.a(addsf3x.o)
__fp_pscB                                         /usr/local/CrossPack-AVR-20100115/lib/gcc/avr/4.3.3/../../../../avr/lib/avr5/libm.a(fp_pscB.o)
                                                  /usr/local/CrossPack-AVR-20100115/lib/gcc/avr/4.3.3/../../../../avr/lib/avr5/libm.a(mulsf3x.o)
                                                  /usr/local/CrossPack-AVR-20100115/lib/gcc/avr/4.3.3/../../../../avr/lib/avr5/libm.a(addsf3x.o)
__fp_round                                        /usr/local/CrossPack-AVR-20100115/lib/gcc/avr/4.3.3/../../../../avr/lib/avr5/libm.a(fp_round.o)
                                                  /usr/local/CrossPack-AVR-20100115/lib/gcc/avr/4.3.3/../../../../avr/lib/avr5/libm.a(mulsf3.o)
                                                  /usr/local/CrossPack-AVR-20100115/lib/gcc/avr/4.3.3/../../../../avr/lib/avr5/libm.a(addsf3.o)
__fp_split3                                       /usr/local/CrossPack-AVR-20100115/lib/gcc/avr/4.3.3/../../../../avr/lib/avr5/libm.a(fp_split3.o)
                                                  /usr/local/CrossPack-AVR-20100115/lib/gcc/avr/4.3.3/../../../../avr/lib/avr5/libm.a(mulsf3x.o)
                                                  /usr/local/CrossPack-AVR-20100115/lib/gcc/avr/4.3.3/../../../../avr/lib/avr5/libm.a(addsf3x.o)
__fp_splitA                                       /usr/local/CrossPack-AVR-20100115/lib/gcc/avr/4.3.3/../../../../avr/lib/avr5/libm.a(fp_split3.o)
                                                  /usr/local/CrossPack-AVR-20100115/lib/gcc/avr/4.3.3/../../../../avr/lib/avr5/libm.a(fixunssfsi.o)
__fp_szero                                        /usr/local/CrossPack-AVR-20100115/lib/gcc/avr/4.3.3/../../../../avr/lib/avr5/libm.a(fp_zero.o)
                                                  /usr/local/CrossPack-AVR-20100115/lib/gcc/avr/4.3.3/../../../../avr/lib/avr5/libm.a(mulsf3x.o)
__fp_zero                                         /usr/local/CrossPack-AVR-20100115/lib/gcc/avr/4.3.3/../../../../avr/lib/avr5/libm.a(fp_zero.o)
                                                  /usr/local/CrossPack-AVR-20100115/lib/gcc/avr/4.3.3/../../../../avr/lib/avr5/libm.a(fixunssfsi.o)
                                                  /usr/local/CrossPack-AVR-20100115/lib/gcc/avr/4.3.3/../../../../avr/lib/avr5/libm.a(addsf3x.o)
__gesf2                                           /usr/local/CrossPack-AVR-20100115/lib/gcc/avr/4.3.3/../../../../avr/lib/avr5/libm.a(gesf2.o)
__gtsf2                                           /usr/local/CrossPack-AVR-20100115/lib/gcc/avr/4.3.3/../../../../avr/lib/avr5/libm.a(gesf2.o)
                                                  MassStorage.o
__heap_end                                        /usr/local/CrossPack-AVR-20100115/lib/gcc/avr/4.3.3/../../../../avr/lib/avr5/crtm32u4.o
__init                                            /usr/local/CrossPack-AVR-20100115/lib/gcc/avr/4.3.3/../../../../avr/lib/avr5/crtm32u4.o
__lesf2                                           /usr/local/CrossPack-AVR-20100115/lib/gcc/avr/4.3.3/../../../../avr/lib/avr5/libm.a(cmpsf2.o)
__ltsf2                                           /usr/local/CrossPack-AVR-20100115/lib/gcc/avr/4.3.3/../../../../avr/lib/avr5/libm.a(cmpsf2.o)
                                                  MassStorage.o
__mulsf3                                          /usr/local/CrossPack-AVR-20100115/lib/gcc/avr/4.3.3/../../../../avr/lib/avr5/libm.a(mulsf3.o)
                                                  MassStorage.o
__mulsf3_pse                                      /usr/local/CrossPack-AVR-20100115/lib/gcc/avr/4.3.3/../../../../avr/lib/avr5/libm.a(mulsf3x.o)
__mulsf3x                                         /usr/local/CrossPack-AVR-20100115/lib/gcc/avr/4.3.3/../../../../avr/lib/avr5/libm.a(mulsf3x.o)
                                                  /usr/local/CrossPack-AVR-20100115/lib/gcc/avr/4.3.3/../../../../avr/lib/avr5/libm.a(mulsf3.o)
__nesf2                                           /usr/local/CrossPack-AVR-20100115/lib/gcc/avr/4.3.3/../../../../avr/lib/avr5/libm.a(cmpsf2.o)
__stack                                           /usr/local/CrossPack-AVR-20100115/lib/gcc/avr/4.3.3/../../../../avr/lib/avr5/crtm32u4.o
__subsf3                                          /usr/local/CrossPack-AVR-20100115/lib/gcc/avr/4.3.3/../../../../avr/lib/avr5/libm.a(addsf3.o)
__vector_1                                        /usr/local/CrossPack-AVR-20100115/lib/gcc/avr/4.3.3/../../../../avr/lib/avr5/crtm32u4.o
__vector_10                                       ../../LUFA/Drivers/USB/Core/AVR8/USBInterrupt_AVR8.o
                                                  /usr/local/CrossPack-AVR-20100115/lib/gcc/avr/4.3.3/../../../../avr/lib/avr5/crtm32u4.o
__vector_11                                       ../../LUFA/Drivers/USB/Core/AVR8/USBInterrupt_AVR8.o
                                                  /usr/local/CrossPack-AVR-20100115/lib/gcc/avr/4.3.3/../../../../avr/lib/avr5/crtm32u4.o
__vector_12                                       /usr/local/CrossPack-AVR-20100115/lib/gcc/avr/4.3.3/../../../../avr/lib/avr5/crtm32u4.o
__vector_13                                       /usr/local/CrossPack-AVR-20100115/lib/gcc/avr/4.3.3/../../../../avr/lib/avr5/crtm32u4.o
__vector_14                                       /usr/local/CrossPack-AVR-20100115/lib/gcc/avr/4.3.3/../../../../avr/lib/avr5/crtm32u4.o
__vector_15                                       /usr/local/CrossPack-AVR-20100115/lib/gcc/avr/4.3.3/../../../../avr/lib/avr5/crtm32u4.o
__vector_16                                       /usr/local/CrossPack-AVR-20100115/lib/gcc/avr/4.3.3/../../../../avr/lib/avr5/crtm32u4.o
__vector_17                                       /usr/local/CrossPack-AVR-20100115/lib/gcc/avr/4.3.3/../../../../avr/lib/avr5/crtm32u4.o
__vector_18                                       /usr/local/CrossPack-AVR-20100115/lib/gcc/avr/4.3.3/../../../../avr/lib/avr5/crtm32u4.o
__vector_19                                       /usr/local/CrossPack-AVR-20100115/lib/gcc/avr/4.3.3/../../../../avr/lib/avr5/crtm32u4.o
__vector_2                                        /usr/local/CrossPack-AVR-20100115/lib/gcc/avr/4.3.3/../../../../avr/lib/avr5/crtm32u4.o
__vector_20                                       /usr/local/CrossPack-AVR-20100115/lib/gcc/avr/4.3.3/../../../../avr/lib/avr5/crtm32u4.o
__vector_21                                       /usr/local/CrossPack-AVR-20100115/lib/gcc/avr/4.3.3/../../../../avr/lib/avr5/crtm32u4.o
__vector_22                                       /usr/local/CrossPack-AVR-20100115/lib/gcc/avr/4.3.3/../../../../avr/lib/avr5/crtm32u4.o
__vector_23                                       /usr/local/CrossPack-AVR-20100115/lib/gcc/avr/4.3.3/../../../../avr/lib/avr5/crtm32u4.o
__vector_24                                       /usr/local/CrossPack-AVR-20100115/lib/gcc/avr/4.3.3/../../../../avr/lib/avr5/crtm32u4.o
__vector_25                                       /usr/local/CrossPack-AVR-20100115/lib/gcc/avr/4.3.3/../../../../avr/lib/avr5/crtm32u4.o
__vector_26                                       /usr/local/CrossPack-AVR-20100115/lib/gcc/avr/4.3.3/../../../../avr/lib/avr5/crtm32u4.o
__vector_27                                       /usr/local/CrossPack-AVR-20100115/lib/gcc/avr/4.3.3/../../../../avr/lib/avr5/crtm32u4.o
__vector_28                                       /usr/local/CrossPack-AVR-20100115/lib/gcc/avr/4.3.3/../../../../avr/lib/avr5/crtm32u4.o
__vector_29                                       /usr/local/CrossPack-AVR-20100115/lib/gcc/avr/4.3.3/../../../../avr/lib/avr5/crtm32u4.o
__vector_3                                        /usr/local/CrossPack-AVR-20100115/lib/gcc/avr/4.3.3/../../../../avr/lib/avr5/crtm32u4.o
__vector_30                                       /usr/local/CrossPack-AVR-20100115/lib/gcc/avr/4.3.3/../../../../avr/lib/avr5/crtm32u4.o
__vector_31                                       /usr/local/CrossPack-AVR-20100115/lib/gcc/avr/4.3.3/../../../../avr/lib/avr5/crtm32u4.o
__vector_32                                       /usr/local/CrossPack-AVR-20100115/lib/gcc/avr/4.3.3/../../../../avr/lib/avr5/crtm32u4.o
__vector_33                                       /usr/local/CrossPack-AVR-20100115/lib/gcc/avr/4.3.3/../../../../avr/lib/avr5/crtm32u4.o
__vector_34                                       /usr/local/CrossPack-AVR-20100115/lib/gcc/avr/4.3.3/../../../../avr/lib/avr5/crtm32u4.o
__vector_35                                       /usr/local/CrossPack-AVR-20100115/lib/gcc/avr/4.3.3/../../../../avr/lib/avr5/crtm32u4.o
__vector_36                                       /usr/local/CrossPack-AVR-20100115/lib/gcc/avr/4.3.3/../../../../avr/lib/avr5/crtm32u4.o
__vector_37                                       /usr/local/CrossPack-AVR-20100115/lib/gcc/avr/4.3.3/../../../../avr/lib/avr5/crtm32u4.o
__vector_38                                       /usr/local/CrossPack-AVR-20100115/lib/gcc/avr/4.3.3/../../../../avr/lib/avr5/crtm32u4.o
__vector_39                                       /usr/local/CrossPack-AVR-20100115/lib/gcc/avr/4.3.3/../../../../avr/lib/avr5/crtm32u4.o
__vector_4                                        /usr/local/CrossPack-AVR-20100115/lib/gcc/avr/4.3.3/../../../../avr/lib/avr5/crtm32u4.o
__vector_40                                       /usr/local/CrossPack-AVR-20100115/lib/gcc/avr/4.3.3/../../../../avr/lib/avr5/crtm32u4.o
__vector_41                                       /usr/local/CrossPack-AVR-20100115/lib/gcc/avr/4.3.3/../../../../avr/lib/avr5/crtm32u4.o
__vector_42                                       /usr/local/CrossPack-AVR-20100115/lib/gcc/avr/4.3.3/../../../../avr/lib/avr5/crtm32u4.o
__vector_5                                        /usr/local/CrossPack-AVR-20100115/lib/gcc/avr/4.3.3/../../../../avr/lib/avr5/crtm32u4.o
__vector_6                                        /usr/local/CrossPack-AVR-20100115/lib/gcc/avr/4.3.3/../../../../avr/lib/avr5/crtm32u4.o
__vector_7                                        /usr/local/CrossPack-AVR-20100115/lib/gcc/avr/4.3.3/../../../../avr/lib/avr5/crtm32u4.o
__vector_8                                        /usr/local/CrossPack-AVR-20100115/lib/gcc/avr/4.3.3/../../../../avr/lib/avr5/crtm32u4.o
__vector_9                                        /usr/local/CrossPack-AVR-20100115/lib/gcc/avr/4.3.3/../../../../avr/lib/avr5/crtm32u4.o
__vector_default                                  /usr/local/CrossPack-AVR-20100115/lib/gcc/avr/4.3.3/../../../../avr/lib/avr5/crtm32u4.o
__vectors                                         /usr/local/CrossPack-AVR-20100115/lib/gcc/avr/4.3.3/../../../../avr/lib/avr5/crtm32u4.o
_exit                                             /usr/local/CrossPack-AVR-20100115/lib/gcc/avr/4.3.3/avr5/libgcc.a(_exit.o)
exit                                              /usr/local/CrossPack-AVR-20100115/lib/gcc/avr/4.3.3/avr5/libgcc.a(_exit.o)
                                                  /usr/local/CrossPack-AVR-20100115/lib/gcc/avr/4.3.3/../../../../avr/lib/avr5/crtm32u4.o
main                                              MassStorage.o
                                                  /usr/local/CrossPack-AVR-20100115/lib/gcc/avr/4.3.3/../../../../avr/lib/avr5/crtm32u4.o
memcmp                                            /usr/local/CrossPack-AVR-20100115/lib/gcc/avr/4.3.3/../../../../avr/lib/avr5/libc.a(memcmp.o)
                                                  ../../LUFA/Drivers/USB/Class/Device/HID.o
memcpy                                            /usr/local/CrossPack-AVR-20100115/lib/gcc/avr/4.3.3/../../../../avr/lib/avr5/libc.a(memcpy.o)
                                                  ../../LUFA/Drivers/USB/Class/Device/RNDIS.o
                                                  ../../LUFA/Drivers/USB/Class/Device/HID.o
memcpy_P                                          /usr/local/CrossPack-AVR-20100115/lib/gcc/avr/4.3.3/../../../../avr/lib/avr5/libc.a(memcpy_P.o)
                                                  ../../LUFA/Drivers/USB/Class/Device/RNDIS.o
memset                                            /usr/local/CrossPack-AVR-20100115/lib/gcc/avr/4.3.3/../../../../avr/lib/avr5/libc.a(memset.o)
                                                  ../../LUFA/Drivers/USB/Class/Device/HID.o
morse_code_table                                  MassStorage.o
