Archive member included because of file (symbol)

/usr/local/CrossPack-AVR-20100115/lib/gcc/avr/4.3.3/avr5/libgcc.a(_mulsi3.o)
                              Lib/FATFs/ff.o (__mulsi3)
/usr/local/CrossPack-AVR-20100115/lib/gcc/avr/4.3.3/avr5/libgcc.a(_udivmodqi4.o)
                              Lib/DS1307.o (__udivmodqi4)
/usr/local/CrossPack-AVR-20100115/lib/gcc/avr/4.3.3/avr5/libgcc.a(_udivmodhi4.o)
                              Lib/FATFs/ff.o (__udivmodhi4)
/usr/local/CrossPack-AVR-20100115/lib/gcc/avr/4.3.3/avr5/libgcc.a(_udivmodsi4.o)
                              Lib/FATFs/ff.o (__udivmodsi4)
/usr/local/CrossPack-AVR-20100115/lib/gcc/avr/4.3.3/avr5/libgcc.a(_exit.o)
                              /usr/local/CrossPack-AVR-20100115/lib/gcc/avr/4.3.3/../../../../avr/lib/avr5/crtm32u4.o (exit)
/usr/local/CrossPack-AVR-20100115/lib/gcc/avr/4.3.3/avr5/libgcc.a(_copy_data.o)
                              TempDataLogger.o (__do_copy_data)
/usr/local/CrossPack-AVR-20100115/lib/gcc/avr/4.3.3/avr5/libgcc.a(_clear_bss.o)
                              TempDataLogger.o (__do_clear_bss)
/usr/local/CrossPack-AVR-20100115/lib/gcc/avr/4.3.3/../../../../avr/lib/avr5/libc.a(memcpy_P.o)
                              ../../LUFA/Drivers/USB/Class/Device/RNDIS.o (memcpy_P)
/usr/local/CrossPack-AVR-20100115/lib/gcc/avr/4.3.3/../../../../avr/lib/avr5/libc.a(memcmp.o)
                              ../../LUFA/Drivers/USB/Class/Device/HID.o (memcmp)
/usr/local/CrossPack-AVR-20100115/lib/gcc/avr/4.3.3/../../../../avr/lib/avr5/libc.a(memcpy.o)
                              ../../LUFA/Drivers/USB/Class/Device/HID.o (memcpy)
/usr/local/CrossPack-AVR-20100115/lib/gcc/avr/4.3.3/../../../../avr/lib/avr5/libc.a(memset.o)
                              ../../LUFA/Drivers/USB/Class/Device/HID.o (memset)
/usr/local/CrossPack-AVR-20100115/lib/gcc/avr/4.3.3/../../../../avr/lib/avr5/libc.a(sprintf.o)
                              TempDataLogger.o (sprintf)
/usr/local/CrossPack-AVR-20100115/lib/gcc/avr/4.3.3/../../../../avr/lib/avr5/libc.a(vfprintf_std.o)
                              /usr/local/CrossPack-AVR-20100115/lib/gcc/avr/4.3.3/../../../../avr/lib/avr5/libc.a(sprintf.o) (vfprintf)
/usr/local/CrossPack-AVR-20100115/lib/gcc/avr/4.3.3/../../../../avr/lib/avr5/libc.a(eerd_byte_atmega32u4.o)
                              TempDataLogger.o (__eerd_byte_m32u4)
/usr/local/CrossPack-AVR-20100115/lib/gcc/avr/4.3.3/../../../../avr/lib/avr5/libc.a(eeupd_byte_atmega32u4.o)
                              TempDataLogger.o (__eeupd_byte_m32u4)
/usr/local/CrossPack-AVR-20100115/lib/gcc/avr/4.3.3/../../../../avr/lib/avr5/libc.a(strnlen_P.o)
                              /usr/local/CrossPack-AVR-20100115/lib/gcc/avr/4.3.3/../../../../avr/lib/avr5/libc.a(vfprintf_std.o) (strnlen_P)
/usr/local/CrossPack-AVR-20100115/lib/gcc/avr/4.3.3/../../../../avr/lib/avr5/libc.a(strnlen.o)
                              /usr/local/CrossPack-AVR-20100115/lib/gcc/avr/4.3.3/../../../../avr/lib/avr5/libc.a(vfprintf_std.o) (strnlen)
/usr/local/CrossPack-AVR-20100115/lib/gcc/avr/4.3.3/../../../../avr/lib/avr5/libc.a(fputc.o)
                              /usr/local/CrossPack-AVR-20100115/lib/gcc/avr/4.3.3/../../../../avr/lib/avr5/libc.a(vfprintf_std.o) (fputc)
/usr/local/CrossPack-AVR-20100115/lib/gcc/avr/4.3.3/../../../../avr/lib/avr5/libc.a(ultoa_invert.o)
                              /usr/local/CrossPack-AVR-20100115/lib/gcc/avr/4.3.3/../../../../avr/lib/avr5/libc.a(vfprintf_std.o) (__ultoa_invert)
/usr/local/CrossPack-AVR-20100115/lib/gcc/avr/4.3.3/avr5/libgcc.a(_prologue.o)
                              /usr/local/CrossPack-AVR-20100115/lib/gcc/avr/4.3.3/../../../../avr/lib/avr5/libc.a(sprintf.o) (__prologue_saves__)
/usr/local/CrossPack-AVR-20100115/lib/gcc/avr/4.3.3/avr5/libgcc.a(_epilogue.o)
                              /usr/local/CrossPack-AVR-20100115/lib/gcc/avr/4.3.3/../../../../avr/lib/avr5/libc.a(sprintf.o) (__epilogue_restores__)

Allocating common symbols
Common symbol       size              file

USB_IsInitialized   0x1               ../../LUFA/Drivers/USB/Core/USBTask.o
USB_Device_ConfigurationNumber
                    0x1               ../../LUFA/Drivers/USB/Core/DeviceStandardReq.o
USB_Device_CurrentlySelfPowered
                    0x1               ../../LUFA/Drivers/USB/Core/DeviceStandardReq.o
USB_ControlRequest  0x8               ../../LUFA/Drivers/USB/Core/USBTask.o
USB_Device_RemoteWakeupEnabled
                    0x1               ../../LUFA/Drivers/USB/Core/DeviceStandardReq.o

Discarded input sections

 .data          0x00000000        0x0 /usr/local/CrossPack-AVR-20100115/lib/gcc/avr/4.3.3/../../../../avr/lib/avr5/crtm32u4.o
 .bss           0x00000000        0x0 /usr/local/CrossPack-AVR-20100115/lib/gcc/avr/4.3.3/../../../../avr/lib/avr5/crtm32u4.o
 .text          0x00000000        0x0 TempDataLogger.o
 .text          0x00000000        0x0 Descriptors.o
 .data          0x00000000        0x0 Descriptors.o
[...]
Memory Configuration

Name             Origin             Length             Attributes
text             0x00000000         0x00020000         xr
data             0x00800060         0x0000ffa0         rw !x
eeprom           0x00810000         0x00010000         rw !x
fuse             0x00820000         0x00000400         rw !x
lock             0x00830000         0x00000400         rw !x
signature        0x00840000         0x00000400         rw !x
*default*        0x00000000         0xffffffff

Linker script and memory map

Address of section .data set to 0x800100
LOAD /usr/local/CrossPack-AVR-20100115/lib/gcc/avr/4.3.3/../../../../avr/lib/avr5/crtm32u4.o
LOAD TempDataLogger.o
LOAD Descriptors.o
LOAD Lib/DataflashManager.o
LOAD Lib/SCSI.o
LOAD Lib/DS1307.o
LOAD Lib/FATFs/diskio.o
LOAD Lib/FATFs/ff.o
LOAD ../../LUFA/Drivers/USB/Core/AVR8/Device_AVR8.o
LOAD ../../LUFA/Drivers/USB/Core/AVR8/Endpoint_AVR8.o
LOAD ../../LUFA/Drivers/USB/Core/AVR8/Host_AVR8.o
LOAD ../../LUFA/Drivers/USB/Core/AVR8/Pipe_AVR8.o
LOAD ../../LUFA/Drivers/USB/Core/AVR8/USBController_AVR8.o
LOAD ../../LUFA/Drivers/USB/Core/AVR8/USBInterrupt_AVR8.o
LOAD ../../LUFA/Drivers/USB/Core/AVR8/EndpointStream_AVR8.o
LOAD ../../LUFA/Drivers/USB/Core/AVR8/PipeStream_AVR8.o
LOAD ../../LUFA/Drivers/USB/Core/ConfigDescriptor.o
LOAD ../../LUFA/Drivers/USB/Core/DeviceStandardReq.o
LOAD ../../LUFA/Drivers/USB/Core/Events.o
LOAD ../../LUFA/Drivers/USB/Core/HostStandardReq.o
LOAD ../../LUFA/Drivers/USB/Core/USBTask.o
LOAD ../../LUFA/Drivers/USB/Class/Common/HIDParser.o
LOAD ../../LUFA/Drivers/USB/Class/Device/Audio.o
LOAD ../../LUFA/Drivers/USB/Class/Device/CDC.o
LOAD ../../LUFA/Drivers/USB/Class/Device/HID.o
LOAD ../../LUFA/Drivers/USB/Class/Device/MassStorage.o
LOAD ../../LUFA/Drivers/USB/Class/Device/MIDI.o
LOAD ../../LUFA/Drivers/USB/Class/Device/RNDIS.o
LOAD ../../LUFA/Drivers/USB/Class/Host/Audio.o
LOAD ../../LUFA/Drivers/USB/Class/Host/CDC.o
LOAD ../../LUFA/Drivers/USB/Class/Host/HID.o
LOAD ../../LUFA/Drivers/USB/Class/Host/MassStorage.o
LOAD ../../LUFA/Drivers/USB/Class/Host/MIDI.o
LOAD ../../LUFA/Drivers/USB/Class/Host/Printer.o
LOAD ../../LUFA/Drivers/USB/Class/Host/RNDIS.o
LOAD ../../LUFA/Drivers/USB/Class/Host/StillImage.o
LOAD ../../LUFA/Drivers/Board/Temperature.o
LOAD ../../LUFA/Drivers/Peripheral/AVR8/TWI_AVR8.o
LOAD /usr/local/CrossPack-AVR-20100115/lib/gcc/avr/4.3.3/../../../../avr/lib/avr5/libm.a
LOAD /usr/local/CrossPack-AVR-20100115/lib/gcc/avr/4.3.3/avr5/libgcc.a
LOAD /usr/local/CrossPack-AVR-20100115/lib/gcc/avr/4.3.3/../../../../avr/lib/avr5/libc.a
LOAD /usr/local/CrossPack-AVR-20100115/lib/gcc/avr/4.3.3/avr5/libgcc.a

.hash
 *(.hash)

.dynsym
 *(.dynsym)

.dynstr
 *(.dynstr)

.gnu.version
 *(.gnu.version)

.gnu.version_d
 *(.gnu.version_d)

.gnu.version_r
 *(.gnu.version_r)

.rel.init
 *(.rel.init)

.rela.init
 *(.rela.init)

.rel.text
 *(.rel.text)
 *(.rel.text.*)
 *(.rel.gnu.linkonce.t*)

.rela.text
 *(.rela.text)
 *(.rela.text.*)
 *(.rela.gnu.linkonce.t*)

.rel.fini
 *(.rel.fini)

.rela.fini
 *(.rela.fini)

.rel.rodata
 *(.rel.rodata)
 *(.rel.rodata.*)
 *(.rel.gnu.linkonce.r*)

.rela.rodata
 *(.rela.rodata)
 *(.rela.rodata.*)
 *(.rela.gnu.linkonce.r*)

.rel.data
 *(.rel.data)
 *(.rel.data.*)
 *(.rel.gnu.linkonce.d*)

.rela.data
 *(.rela.data)
 *(.rela.data.*)
 *(.rela.gnu.linkonce.d*)

.rel.ctors
 *(.rel.ctors)

.rela.ctors
 *(.rela.ctors)

.rel.dtors
 *(.rel.dtors)

.rela.dtors
 *(.rela.dtors)

.rel.got
 *(.rel.got)

.rela.got
 *(.rela.got)

.rel.bss
 *(.rel.bss)

.rela.bss
 *(.rela.bss)

.rel.plt
 *(.rel.plt)

.rela.plt
 *(.rela.plt)

.text           0x00000000     0x555a
 *(.vectors)
 .vectors       0x00000000       0xac /usr/local/CrossPack-AVR-20100115/lib/gcc/avr/4.3.3/../../../../avr/lib/avr5/crtm32u4.o
                0x00000000                __vectors
                0x00000000                __vector_default
 *(.vectors)
 *(.progmem.gcc*)
 *(.progmem*)
 .progmem.data  0x000000ac       0xd9 Descriptors.o
                0x000000ac                GenericReport
                0x0000011b                ManufacturerString
                0x00000117                LanguageString
                0x000000cc                DeviceDescriptor
                0x00000147                ProductString
                0x000000de                ConfigurationDescriptor
 .progmem.data  0x00000185       0xf0 ../../LUFA/Drivers/Board/Temperature.o
                0x00000276                . = ALIGN (0x2)
 *fill*         0x00000275        0x1 00
                0x00000276                __trampolines_start = .
 *(.trampolines)
 .trampolines   0x00000276        0x0 linker stubs
 *(.trampolines*)
                0x00000276                __trampolines_end = .
 *(.jumptables)
 *(.jumptables*)
 *(.lowtext)
 *(.lowtext*)
                0x00000276                __ctors_start = .
 *(.ctors)
                0x00000276                __ctors_end = .
                0x00000276                __dtors_start = .
 *(.dtors)
                0x00000276                __dtors_end = .
 SORT(*)(.ctors)
 SORT(*)(.dtors)
 *(.init0)
 .init0         0x00000276        0x0 /usr/local/CrossPack-AVR-20100115/lib/gcc/avr/4.3.3/../../../../avr/lib/avr5/crtm32u4.o
                0x00000276                __init
 *(.init0)
 *(.init1)
 *(.init1)
 *(.init2)
 .init2         0x00000276        0xc /usr/local/CrossPack-AVR-20100115/lib/gcc/avr/4.3.3/../../../../avr/lib/avr5/crtm32u4.o
 *(.init2)
 *(.init3)
 *(.init3)
 *(.init4)
 .init4         0x00000282       0x16 /usr/local/CrossPack-AVR-20100115/lib/gcc/avr/4.3.3/avr5/libgcc.a(_copy_data.o)
                0x00000282                __do_copy_data
 .init4         0x00000298       0x10 /usr/local/CrossPack-AVR-20100115/lib/gcc/avr/4.3.3/avr5/libgcc.a(_clear_bss.o)
                0x00000298                __do_clear_bss
 *(.init4)
 *(.init5)
 *(.init5)
 *(.init6)
 *(.init6)
 *(.init7)
 *(.init7)
 *(.init8)
 *(.init8)
 *(.init9)
 .init9         0x000002a8        0x6 /usr/local/CrossPack-AVR-20100115/lib/gcc/avr/4.3.3/../../../../avr/lib/avr5/crtm32u4.o
 *(.init9)
 *(.text)
 .text          0x000002ae        0x2 /usr/local/CrossPack-AVR-20100115/lib/gcc/avr/4.3.3/../../../../avr/lib/avr5/crtm32u4.o
                0x000002ae                __vector_38
                0x000002ae                __vector_22
                0x000002ae                __vector_28
                0x000002ae                __vector_1
                0x000002ae                __vector_32
                0x000002ae                __vector_34
                0x000002ae                __vector_24
                0x000002ae                __vector_12
                0x000002ae                __bad_interrupt
                0x000002ae                __vector_6
                0x000002ae                __vector_31
                0x000002ae                __vector_35
                0x000002ae                __vector_39
                0x000002ae                __vector_3
                0x000002ae                __vector_23
                0x000002ae                __vector_30
                0x000002ae                __vector_25
                0x000002ae                __vector_13
                0x000002ae                __vector_19
                0x000002ae                __vector_7
                0x000002ae                __vector_41
                0x000002ae                __vector_27
                0x000002ae                __vector_5
                0x000002ae                __vector_33
                0x000002ae                __vector_37
                0x000002ae                __vector_4
                0x000002ae                __vector_9
                0x000002ae                __vector_2
                0x000002ae                __vector_21
                0x000002ae                __vector_15
                0x000002ae                __vector_36
                0x000002ae                __vector_29
                0x000002ae                __vector_40
                0x000002ae                __vector_8
                0x000002ae                __vector_26
                0x000002ae                __vector_14
                0x000002ae                __vector_16
                0x000002ae                __vector_18
                0x000002ae                __vector_20
                0x000002ae                __vector_42
                0x000002b0                . = ALIGN (0x2)
 *(.text.*)
 .text.CALLBACK_HID_Device_ProcessHIDReport
                0x000002b0       0x28 TempDataLogger.o
                0x000002b0                CALLBACK_HID_Device_ProcessHIDReport
 .text.CALLBACK_HID_Device_CreateHIDReport
                0x000002d8       0x2e TempDataLogger.o
                0x000002d8                CALLBACK_HID_Device_CreateHIDReport
 .text.CALLBACK_MS_Device_SCSICommandReceived
                0x00000306        0x8 TempDataLogger.o
                0x00000306                CALLBACK_MS_Device_SCSICommandReceived
 .text.EVENT_USB_Device_ControlRequest
                0x0000030e       0x10 TempDataLogger.o
                0x0000030e                EVENT_USB_Device_ControlRequest
 .text.EVENT_USB_Device_ConfigurationChanged
                0x0000031e       0x36 TempDataLogger.o
                0x0000031e                EVENT_USB_Device_ConfigurationChanged
 .text.SetupHardware
                0x00000354       0x8e TempDataLogger.o
                0x00000354                SetupHardware
 .text.CloseLogFile
                0x000003e2       0x1a TempDataLogger.o
                0x000003e2                CloseLogFile
 .text.EVENT_USB_Device_Connect
                0x000003fc        0x4 TempDataLogger.o
                0x000003fc                EVENT_USB_Device_Connect
 .text.OpenLogFile
                0x00000400       0xc2 TempDataLogger.o
                0x00000400                OpenLogFile
 .text.EVENT_USB_Device_Disconnect
                0x000004c2        0x4 TempDataLogger.o
                0x000004c2                EVENT_USB_Device_Disconnect
 .text.main     0x000004c6       0x38 TempDataLogger.o
                0x000004c6                main
 .text.__vector_17
                0x000004fe      0x166 TempDataLogger.o
                0x000004fe                __vector_17
 .text.CALLBACK_USB_GetDescriptor
                0x00000664       0x80 Descriptors.o
                0x00000664                CALLBACK_USB_GetDescriptor
 .text.DataflashManager_WriteBlocks_RAM
                0x000006e4       0x8e Lib/DataflashManager.o
                0x000006e4                DataflashManager_WriteBlocks_RAM
 .text.DataflashManager_ReadBlocks_RAM
                0x00000772       0x98 Lib/DataflashManager.o
                0x00000772                DataflashManager_ReadBlocks_RAM
 .text.DataflashManager_ResetDataflashProtections
                0x0000080a       0x44 Lib/DataflashManager.o
                0x0000080a                DataflashManager_ResetDataflashProtections
 .text.DataflashManager_CheckDataflashOperation
                0x0000084e       0x22 Lib/DataflashManager.o
                0x0000084e                DataflashManager_CheckDataflashOperation
 .text.DataflashManager_ReadBlocks
                0x00000870      0x1b6 Lib/DataflashManager.o
                0x00000870                DataflashManager_ReadBlocks
 .text.DataflashManager_WriteBlocks
                0x00000a26      0x190 Lib/DataflashManager.o
                0x00000a26                DataflashManager_WriteBlocks
 .text.SCSI_Command_ReadWrite_10
                0x00000bb6       0x8a Lib/SCSI.o
 .text.SCSI_DecodeSCSICommand
                0x00000c40      0x254 Lib/SCSI.o
                0x00000c40                SCSI_DecodeSCSICommand
 .text.DS1307_GetTimeDate
                0x00000e94      0x150 Lib/DS1307.o
                0x00000e94                DS1307_GetTimeDate
 .text.DS1307_SetTimeDate
                0x00000fe4      0x120 Lib/DS1307.o
                0x00000fe4                DS1307_SetTimeDate
 .text.disk_initialize
                0x00001104        0x4 Lib/FATFs/diskio.o
                0x00001104                disk_initialize
 .text.disk_status
                0x00001108        0x4 Lib/FATFs/diskio.o
                0x00001108                disk_status
 .text.disk_ioctl
                0x0000110c        0xc Lib/FATFs/diskio.o
                0x0000110c                disk_ioctl
 .text.get_fattime
                0x00001118       0xc8 Lib/FATFs/diskio.o
                0x00001118                get_fattime
 .text.disk_write
                0x000011e0       0x16 Lib/FATFs/diskio.o
                0x000011e0                disk_write
 .text.disk_read
                0x000011f6       0x16 Lib/FATFs/diskio.o
                0x000011f6                disk_read
 .text.mem_cpy  0x0000120c       0x30 Lib/FATFs/ff.o
 .text.mem_set  0x0000123c       0x12 Lib/FATFs/ff.o
 .text.clust2sect
                0x0000124e       0x7a Lib/FATFs/ff.o
                0x0000124e                clust2sect
 .text.f_mount  0x000012c8       0x2a Lib/FATFs/ff.o
                0x000012c8                f_mount
 .text.validate
                0x000012f2       0x2a Lib/FATFs/ff.o
 .text.move_window
                0x0000131c       0xec Lib/FATFs/ff.o
 .text.put_fat  0x00001408      0x27a Lib/FATFs/ff.o
                0x00001408                put_fat
 .text.get_fat  0x00001682      0x25c Lib/FATFs/ff.o
                0x00001682                get_fat
 .text.create_chain
                0x000018de      0x1b8 Lib/FATFs/ff.o
 .text.f_lseek  0x00001a96      0x3a6 Lib/FATFs/ff.o
                0x00001a96                f_lseek
 .text.dir_sdi  0x00001e3c      0x1c4 Lib/FATFs/ff.o
 .text.f_write  0x00002000      0x484 Lib/FATFs/ff.o
                0x00002000                f_write
 .text.dir_next
                0x00002484      0x252 Lib/FATFs/ff.o
 .text.check_fs
                0x000026d6      0x106 Lib/FATFs/ff.o
 .text.f_sync   0x000027dc      0x1ee Lib/FATFs/ff.o
                0x000027dc                f_sync
 .text.f_close  0x000029ca       0x16 Lib/FATFs/ff.o
                0x000029ca                f_close
 .text.f_open   0x000029e0      0xf5c Lib/FATFs/ff.o
                0x000029e0                f_open
 .text.Endpoint_ConfigureEndpoint_Prv
                0x0000393c       0x6a ../../LUFA/Drivers/USB/Core/AVR8/Endpoint_AVR8.o
                0x0000393c                Endpoint_ConfigureEndpoint_Prv
 .text.Endpoint_ClearStatusStage
                0x000039a6       0x3e ../../LUFA/Drivers/USB/Core/AVR8/Endpoint_AVR8.o
                0x000039a6                Endpoint_ClearStatusStage
 .text.Endpoint_WaitUntilReady
                0x000039e4       0x62 ../../LUFA/Drivers/USB/Core/AVR8/Endpoint_AVR8.o
                0x000039e4                Endpoint_WaitUntilReady
 .text.USB_ResetInterface
                0x00003a46       0x86 ../../LUFA/Drivers/USB/Core/AVR8/USBController_AVR8.o
                0x00003a46                USB_ResetInterface
 .text.USB_Init
                0x00003acc       0x16 ../../LUFA/Drivers/USB/Core/AVR8/USBController_AVR8.o
                0x00003acc                USB_Init
 .text.USB_INT_DisableAllInterrupts
                0x00003ae2       0x10 ../../LUFA/Drivers/USB/Core/AVR8/USBInterrupt_AVR8.o
                0x00003ae2                USB_INT_DisableAllInterrupts
 .text.USB_INT_ClearAllInterrupts
                0x00003af2        0xa ../../LUFA/Drivers/USB/Core/AVR8/USBInterrupt_AVR8.o
                0x00003af2                USB_INT_ClearAllInterrupts
 .text.__vector_11
                0x00003afc       0x72 ../../LUFA/Drivers/USB/Core/AVR8/USBInterrupt_AVR8.o
                0x00003afc                __vector_11
 .text.__vector_10
                0x00003b6e      0x18c ../../LUFA/Drivers/USB/Core/AVR8/USBInterrupt_AVR8.o
                0x00003b6e                __vector_10
 .text.Endpoint_Write_Control_Stream_LE
                0x00003cfa       0xc8 ../../LUFA/Drivers/USB/Core/AVR8/EndpointStream_AVR8.o
                0x00003cfa                Endpoint_Write_Control_Stream_LE
 .text.Endpoint_Read_Control_Stream_LE
                0x00003dc2       0x88 ../../LUFA/Drivers/USB/Core/AVR8/EndpointStream_AVR8.o
                0x00003dc2                Endpoint_Read_Control_Stream_LE
 .text.Endpoint_Write_Control_PStream_LE
                0x00003e4a       0xcc ../../LUFA/Drivers/USB/Core/AVR8/EndpointStream_AVR8.o
                0x00003e4a                Endpoint_Write_Control_PStream_LE
 .text.Endpoint_Read_Stream_LE
                0x00003f16       0xa2 ../../LUFA/Drivers/USB/Core/AVR8/EndpointStream_AVR8.o
                0x00003f16                Endpoint_Read_Stream_LE
 .text.Endpoint_Write_Stream_BE
                0x00003fb8       0xa2 ../../LUFA/Drivers/USB/Core/AVR8/EndpointStream_AVR8.o
                0x00003fb8                Endpoint_Write_Stream_BE
 .text.Endpoint_Write_Stream_LE
                0x0000405a       0xa2 ../../LUFA/Drivers/USB/Core/AVR8/EndpointStream_AVR8.o
                0x0000405a                Endpoint_Write_Stream_LE
 .text.Endpoint_Null_Stream
                0x000040fc       0x84 ../../LUFA/Drivers/USB/Core/AVR8/EndpointStream_AVR8.o
                0x000040fc                Endpoint_Null_Stream
 .text.USB_Device_ProcessControlRequest
                0x00004180      0x2d8 ../../LUFA/Drivers/USB/Core/DeviceStandardReq.o
                0x00004180                USB_Device_ProcessControlRequest
 .text.USB_Event_Stub
                0x00004458        0x2 ../../LUFA/Drivers/USB/Core/Events.o
                0x00004458                EVENT_USB_Device_WakeUp
                0x00004458                USB_Event_Stub
                0x00004458                EVENT_USB_Device_Suspend
                0x00004458                EVENT_USB_Device_StartOfFrame
                0x00004458                EVENT_USB_Device_Reset
 .text.USB_USBTask
                0x0000445a       0x24 ../../LUFA/Drivers/USB/Core/USBTask.o
                0x0000445a                USB_USBTask
 .text.HID_Device_USBTask
                0x0000447e      0x174 ../../LUFA/Drivers/USB/Class/Device/HID.o
                0x0000447e                HID_Device_USBTask
 .text.HID_Device_ConfigureEndpoints
                0x000045f2       0x70 ../../LUFA/Drivers/USB/Class/Device/HID.o
                0x000045f2                HID_Device_ConfigureEndpoints
 .text.HID_Device_ProcessControlRequest
                0x00004662      0x278 ../../LUFA/Drivers/USB/Class/Device/HID.o
                0x00004662                HID_Device_ProcessControlRequest
 .text.MS_Device_USBTask
                0x000048da      0x244 ../../LUFA/Drivers/USB/Class/Device/MassStorage.o
                0x000048da                MS_Device_USBTask
 .text.MS_Device_ConfigureEndpoints
                0x00004b1e       0x7e ../../LUFA/Drivers/USB/Class/Device/MassStorage.o
                0x00004b1e                MS_Device_ConfigureEndpoints
 .text.MS_Device_ProcessControlRequest
                0x00004b9c       0x76 ../../LUFA/Drivers/USB/Class/Device/MassStorage.o
                0x00004b9c                MS_Device_ProcessControlRequest
 .text.Temperature_GetTemperature
                0x00004c12       0x70 ../../LUFA/Drivers/Board/Temperature.o
                0x00004c12                Temperature_GetTemperature
 .text.TWI_StartTransmission
                0x00004c82       0xc8 ../../LUFA/Drivers/Peripheral/AVR8/TWI_AVR8.o
                0x00004c82                TWI_StartTransmission
 .text.TWI_SendByte
                0x00004d4a       0x24 ../../LUFA/Drivers/Peripheral/AVR8/TWI_AVR8.o
                0x00004d4a                TWI_SendByte
 .text.TWI_ReceiveByte
                0x00004d6e       0x3c ../../LUFA/Drivers/Peripheral/AVR8/TWI_AVR8.o
                0x00004d6e                TWI_ReceiveByte
 .text.TWI_ReadPacket
                0x00004daa       0x86 ../../LUFA/Drivers/Peripheral/AVR8/TWI_AVR8.o
                0x00004daa                TWI_ReadPacket
 .text.TWI_WritePacket
                0x00004e30       0x6a ../../LUFA/Drivers/Peripheral/AVR8/TWI_AVR8.o
                0x00004e30                TWI_WritePacket
 .text.libgcc   0x00004e9a       0x3e /usr/local/CrossPack-AVR-20100115/lib/gcc/avr/4.3.3/avr5/libgcc.a(_mulsi3.o)
                0x00004e9a                __mulsi3
 .text.libgcc   0x00004ed8       0x18 /usr/local/CrossPack-AVR-20100115/lib/gcc/avr/4.3.3/avr5/libgcc.a(_udivmodqi4.o)
                0x00004ed8                __udivmodqi4
 .text.libgcc   0x00004ef0       0x28 /usr/local/CrossPack-AVR-20100115/lib/gcc/avr/4.3.3/avr5/libgcc.a(_udivmodhi4.o)
                0x00004ef0                __udivmodhi4
 .text.libgcc   0x00004f18       0x44 /usr/local/CrossPack-AVR-20100115/lib/gcc/avr/4.3.3/avr5/libgcc.a(_udivmodsi4.o)
                0x00004f18                __udivmodsi4
 .text.avr-libc
                0x00004f5c       0x1a /usr/local/CrossPack-AVR-20100115/lib/gcc/avr/4.3.3/../../../../avr/lib/avr5/libc.a(memcmp.o)
                0x00004f5c                memcmp
 .text.avr-libc
                0x00004f76       0x12 /usr/local/CrossPack-AVR-20100115/lib/gcc/avr/4.3.3/../../../../avr/lib/avr5/libc.a(memcpy.o)
                0x00004f76                memcpy
 .text.avr-libc
                0x00004f88        0xe /usr/local/CrossPack-AVR-20100115/lib/gcc/avr/4.3.3/../../../../avr/lib/avr5/libc.a(memset.o)
                0x00004f88                memset
 .text.avr-libc
                0x00004f96       0x42 /usr/local/CrossPack-AVR-20100115/lib/gcc/avr/4.3.3/../../../../avr/lib/avr5/libc.a(sprintf.o)
                0x00004f96                sprintf
 .text.avr-libc
                0x00004fd8      0x39c /usr/local/CrossPack-AVR-20100115/lib/gcc/avr/4.3.3/../../../../avr/lib/avr5/libc.a(vfprintf_std.o)
                0x00004fd8                vfprintf
 .text.avr-libc
                0x00005374       0x10 /usr/local/CrossPack-AVR-20100115/lib/gcc/avr/4.3.3/../../../../avr/lib/avr5/libc.a(eerd_byte_atmega32u4.o)
                0x00005374                __eerd_byte_m32u4
 .text.avr-libc
                0x00005384       0x24 /usr/local/CrossPack-AVR-20100115/lib/gcc/avr/4.3.3/../../../../avr/lib/avr5/libc.a(eeupd_byte_atmega32u4.o)
                0x00005384                __eeupd_byte_m32u4
                0x00005386                __eeupd_r18_m32u4
 .text.avr-libc
                0x000053a8       0x16 /usr/local/CrossPack-AVR-20100115/lib/gcc/avr/4.3.3/../../../../avr/lib/avr5/libc.a(strnlen_P.o)
                0x000053a8                strnlen_P
 .text.avr-libc
                0x000053be       0x16 /usr/local/CrossPack-AVR-20100115/lib/gcc/avr/4.3.3/../../../../avr/lib/avr5/libc.a(strnlen.o)
                0x000053be                strnlen
 .text.avr-libc
                0x000053d4       0x58 /usr/local/CrossPack-AVR-20100115/lib/gcc/avr/4.3.3/../../../../avr/lib/avr5/libc.a(fputc.o)
                0x000053d4                fputc
 .text.avr-libc
                0x0000542c       0xbc /usr/local/CrossPack-AVR-20100115/lib/gcc/avr/4.3.3/../../../../avr/lib/avr5/libc.a(ultoa_invert.o)
                0x0000542c                __ultoa_invert
 .text.libgcc   0x000054e8       0x38 /usr/local/CrossPack-AVR-20100115/lib/gcc/avr/4.3.3/avr5/libgcc.a(_prologue.o)
                0x000054e8                __prologue_saves__
 .text.libgcc   0x00005520       0x36 /usr/local/CrossPack-AVR-20100115/lib/gcc/avr/4.3.3/avr5/libgcc.a(_epilogue.o)
                0x00005520                __epilogue_restores__
                0x00005556                . = ALIGN (0x2)
 *(.fini9)
 .fini9         0x00005556        0x0 /usr/local/CrossPack-AVR-20100115/lib/gcc/avr/4.3.3/avr5/libgcc.a(_exit.o)
                0x00005556                exit
                0x00005556                _exit
 *(.fini9)
 *(.fini8)
 *(.fini8)
 *(.fini7)
 *(.fini7)
 *(.fini6)
 *(.fini6)
 *(.fini5)
 *(.fini5)
 *(.fini4)
 *(.fini4)
 *(.fini3)
 *(.fini3)
 *(.fini2)
 *(.fini2)
 *(.fini1)
 *(.fini1)
 *(.fini0)
 .fini0         0x00005556        0x4 /usr/local/CrossPack-AVR-20100115/lib/gcc/avr/4.3.3/avr5/libgcc.a(_exit.o)
 *(.fini0)
                0x0000555a                _etext = .

.data           0x00800100       0xca load address 0x0000555a
                0x00800100                PROVIDE (__data_start, .)
 *(.data)
 .data          0x00800100       0x84 TempDataLogger.o
                0x00800140                Disk_MS_Interface
                0x00800177                Generic_HID_Interface
 .data          0x00800184       0x36 Lib/SCSI.o
 .data          0x008001ba        0xf Lib/FATFs/ff.o
 *(.data*)
 *(.rodata)
 *(.rodata*)
 *(.gnu.linkonce.d*)
                0x008001ca                . = ALIGN (0x2)
 *fill*         0x008001c9        0x1 00
                0x008001ca                _edata = .
                0x008001ca                PROVIDE (__data_end, .)

.bss            0x008001ca      0x46a
                0x008001ca                PROVIDE (__bss_start, .)
 *(.bss)
 .bss           0x008001ca      0x45a TempDataLogger.o
 .bss           0x00800624        0x4 Lib/FATFs/ff.o
 *(.bss*)
 *(COMMON)
 COMMON         0x00800628        0x3 ../../LUFA/Drivers/USB/Core/DeviceStandardReq.o
                0x00800628                USB_Device_ConfigurationNumber
                0x00800629                USB_Device_CurrentlySelfPowered
                0x0080062a                USB_Device_RemoteWakeupEnabled
 COMMON         0x0080062b        0x9 ../../LUFA/Drivers/USB/Core/USBTask.o
                0x0080062b                USB_IsInitialized
                0x0080062c                USB_ControlRequest
                0x00800634                PROVIDE (__bss_end, .)
                0x0000555a                __data_load_start = LOADADDR (.data)
                0x00005624                __data_load_end = (__data_load_start + SIZEOF (.data))

.noinit         0x00800634        0x0
                0x00800634                PROVIDE (__noinit_start, .)
 *(.noinit*)
                0x00800634                PROVIDE (__noinit_end, .)
                0x00800634                _end = .
                0x00800634                PROVIDE (__heap_start, .)

.eeprom         0x00810000        0x1
 *(.eeprom*)
 .eeprom        0x00810000        0x1 TempDataLogger.o
                0x00810001                __eeprom_end = .

.fuse
 *(.fuse)
 *(.lfuse)
 *(.hfuse)
 *(.efuse)

.lock
 *(.lock*)

.signature
 *(.signature*)

.stab           0x00000000     0x1038
 *(.stab)
 .stab          0x00000000      0x6b4 /usr/local/CrossPack-AVR-20100115/lib/gcc/avr/4.3.3/../../../../avr/lib/avr5/crtm32u4.o
 .stab          0x000006b4       0x84 /usr/local/CrossPack-AVR-20100115/lib/gcc/avr/4.3.3/../../../../avr/lib/avr5/libc.a(memcpy_P.o)
                                 0x90 (size before relaxing)
 .stab          0x00000738       0xb4 /usr/local/CrossPack-AVR-20100115/lib/gcc/avr/4.3.3/../../../../avr/lib/avr5/libc.a(memcmp.o)
                                 0xc0 (size before relaxing)
 .stab          0x000007ec       0x84 /usr/local/CrossPack-AVR-20100115/lib/gcc/avr/4.3.3/../../../../avr/lib/avr5/libc.a(memcpy.o)
                                 0x90 (size before relaxing)
 .stab          0x00000870       0x6c /usr/local/CrossPack-AVR-20100115/lib/gcc/avr/4.3.3/../../../../avr/lib/avr5/libc.a(memset.o)
                                 0x78 (size before relaxing)
 .stab          0x000008dc       0x90 /usr/local/CrossPack-AVR-20100115/lib/gcc/avr/4.3.3/../../../../avr/lib/avr5/libc.a(eerd_byte_atmega32u4.o)
                                 0x9c (size before relaxing)
 .stab          0x0000096c      0x114 /usr/local/CrossPack-AVR-20100115/lib/gcc/avr/4.3.3/../../../../avr/lib/avr5/libc.a(eeupd_byte_atmega32u4.o)
                                0x120 (size before relaxing)
 .stab          0x00000a80       0x9c /usr/local/CrossPack-AVR-20100115/lib/gcc/avr/4.3.3/../../../../avr/lib/avr5/libc.a(strnlen_P.o)
                                 0xa8 (size before relaxing)
 .stab          0x00000b1c       0x9c /usr/local/CrossPack-AVR-20100115/lib/gcc/avr/4.3.3/../../../../avr/lib/avr5/libc.a(strnlen.o)
                                 0xa8 (size before relaxing)
 .stab          0x00000bb8      0x480 /usr/local/CrossPack-AVR-20100115/lib/gcc/avr/4.3.3/../../../../avr/lib/avr5/libc.a(ultoa_invert.o)
                                0x48c (size before relaxing)

.stabstr        0x00000000      0x3d0
 *(.stabstr)
 .stabstr       0x00000000      0x3d0 /usr/local/CrossPack-AVR-20100115/lib/gcc/avr/4.3.3/../../../../avr/lib/avr5/crtm32u4.o

.stab.excl
 *(.stab.excl)

.stab.exclstr
 *(.stab.exclstr)

.stab.index
 *(.stab.index)

.stab.indexstr
 *(.stab.indexstr)

.comment
 *(.comment)

.debug
 *(.debug)

.line
 *(.line)

.debug_srcinfo
 *(.debug_srcinfo)

.debug_sfnames
 *(.debug_sfnames)

.debug_aranges  0x00000000      0x6e8
 *(.debug_aranges)
 .debug_aranges
                0x00000000       0x78 TempDataLogger.o
 .debug_aranges
                0x00000078       0x20 Descriptors.o
 .debug_aranges
                0x00000098       0x48 Lib/DataflashManager.o
 .debug_aranges
                0x000000e0       0x28 Lib/SCSI.o
 .debug_aranges
                0x00000108       0x28 Lib/DS1307.o
 .debug_aranges
                0x00000130       0x48 Lib/FATFs/diskio.o
 .debug_aranges
                0x00000178       0xa8 Lib/FATFs/ff.o
 .debug_aranges
                0x00000220       0x20 ../../LUFA/Drivers/USB/Core/AVR8/Device_AVR8.o
 .debug_aranges
                0x00000240       0x38 ../../LUFA/Drivers/USB/Core/AVR8/Endpoint_AVR8.o
 .debug_aranges
                0x00000278       0x30 ../../LUFA/Drivers/USB/Core/AVR8/USBController_AVR8.o
 .debug_aranges
                0x000002a8       0x38 ../../LUFA/Drivers/USB/Core/AVR8/USBInterrupt_AVR8.o
 .debug_aranges
                0x000002e0       0xc8 ../../LUFA/Drivers/USB/Core/AVR8/EndpointStream_AVR8.o
 .debug_aranges
                0x000003a8       0x38 ../../LUFA/Drivers/USB/Core/ConfigDescriptor.o
 .debug_aranges
                0x000003e0       0x20 ../../LUFA/Drivers/USB/Core/DeviceStandardReq.o
 .debug_aranges
                0x00000400       0x20 ../../LUFA/Drivers/USB/Core/Events.o
 .debug_aranges
                0x00000420       0x20 ../../LUFA/Drivers/USB/Core/USBTask.o
 .debug_aranges
                0x00000440       0x38 ../../LUFA/Drivers/USB/Class/Common/HIDParser.o
 .debug_aranges
                0x00000478       0x30 ../../LUFA/Drivers/USB/Class/Device/Audio.o
 .debug_aranges
                0x000004a8       0x98 ../../LUFA/Drivers/USB/Class/Device/CDC.o
 .debug_aranges
                0x00000540       0x30 ../../LUFA/Drivers/USB/Class/Device/HID.o
 .debug_aranges
                0x00000570       0x30 ../../LUFA/Drivers/USB/Class/Device/MassStorage.o
 .debug_aranges
                0x000005a0       0x40 ../../LUFA/Drivers/USB/Class/Device/MIDI.o
 .debug_aranges
                0x000005e0       0x48 ../../LUFA/Drivers/USB/Class/Device/RNDIS.o
 .debug_aranges
                0x00000628       0x20 ../../LUFA/Drivers/Board/Temperature.o
 .debug_aranges
                0x00000648       0x40 ../../LUFA/Drivers/Peripheral/AVR8/TWI_AVR8.o
 .debug_aranges
                0x00000688       0x20 /usr/local/CrossPack-AVR-20100115/lib/gcc/avr/4.3.3/../../../../avr/lib/avr5/libc.a(sprintf.o)
 .debug_aranges
                0x000006a8       0x20 /usr/local/CrossPack-AVR-20100115/lib/gcc/avr/4.3.3/../../../../avr/lib/avr5/libc.a(vfprintf_std.o)
 .debug_aranges
                0x000006c8       0x20 /usr/local/CrossPack-AVR-20100115/lib/gcc/avr/4.3.3/../../../../avr/lib/avr5/libc.a(fputc.o)

.debug_pubnames
                0x00000000     0x1081
 *(.debug_pubnames)
 .debug_pubnames
                0x00000000      0x195 TempDataLogger.o
 .debug_pubnames
                0x00000195       0xb0 Descriptors.o
 .debug_pubnames
                0x00000245       0xf8 Lib/DataflashManager.o
 .debug_pubnames
                0x0000033d       0x2d Lib/SCSI.o
 .debug_pubnames
                0x0000036a       0x40 Lib/DS1307.o
 .debug_pubnames
                0x000003aa       0x72 Lib/FATFs/diskio.o
 .debug_pubnames
                0x0000041c       0x8a Lib/FATFs/ff.o
 .debug_pubnames
                0x000004a6       0x32 ../../LUFA/Drivers/USB/Core/AVR8/Device_AVR8.o
 .debug_pubnames
                0x000004d8       0x8b ../../LUFA/Drivers/USB/Core/AVR8/Endpoint_AVR8.o
 .debug_pubnames
                0x00000563       0x46 ../../LUFA/Drivers/USB/Core/AVR8/USBController_AVR8.o
 .debug_pubnames
                0x000005a9       0x72 ../../LUFA/Drivers/USB/Core/AVR8/USBInterrupt_AVR8.o
 .debug_pubnames
                0x0000061b      0x2df ../../LUFA/Drivers/USB/Core/AVR8/EndpointStream_AVR8.o
 .debug_pubnames
                0x000008fa       0x9b ../../LUFA/Drivers/USB/Core/ConfigDescriptor.o
 .debug_pubnames
                0x00000995       0xa1 ../../LUFA/Drivers/USB/Core/DeviceStandardReq.o
 .debug_pubnames
                0x00000a36       0x25 ../../LUFA/Drivers/USB/Core/Events.o
 .debug_pubnames
                0x00000a5b       0x4f ../../LUFA/Drivers/USB/Core/USBTask.o
 .debug_pubnames
                0x00000aaa       0x7e ../../LUFA/Drivers/USB/Class/Common/HIDParser.o
 .debug_pubnames
                0x00000b28       0x79 ../../LUFA/Drivers/USB/Class/Device/Audio.o
 .debug_pubnames
                0x00000ba1      0x18b ../../LUFA/Drivers/USB/Class/Device/CDC.o
 .debug_pubnames
                0x00000d2c       0x70 ../../LUFA/Drivers/USB/Class/Device/HID.o
 .debug_pubnames
                0x00000d9c       0x6d ../../LUFA/Drivers/USB/Class/Device/MassStorage.o
 .debug_pubnames
                0x00000e09       0xa6 ../../LUFA/Drivers/USB/Class/Device/MIDI.o
 .debug_pubnames
                0x00000eaf       0xd0 ../../LUFA/Drivers/USB/Class/Device/RNDIS.o
 .debug_pubnames
                0x00000f7f       0x31 ../../LUFA/Drivers/Board/Temperature.o
 .debug_pubnames
                0x00000fb0       0x78 ../../LUFA/Drivers/Peripheral/AVR8/TWI_AVR8.o
 .debug_pubnames
                0x00001028       0x1e /usr/local/CrossPack-AVR-20100115/lib/gcc/avr/4.3.3/../../../../avr/lib/avr5/libc.a(sprintf.o)
 .debug_pubnames
                0x00001046       0x1f /usr/local/CrossPack-AVR-20100115/lib/gcc/avr/4.3.3/../../../../avr/lib/avr5/libc.a(vfprintf_std.o)
 .debug_pubnames
                0x00001065       0x1c /usr/local/CrossPack-AVR-20100115/lib/gcc/avr/4.3.3/../../../../avr/lib/avr5/libc.a(fputc.o)

.debug_info     0x00000000     0xc970
 *(.debug_info)
 .debug_info    0x00000000      0xbd9 TempDataLogger.o
 .debug_info    0x00000bd9      0x65d Descriptors.o
 .debug_info    0x00001236     0x145d Lib/DataflashManager.o
 .debug_info    0x00002693      0xa0d Lib/SCSI.o
 .debug_info    0x000030a0      0x4a3 Lib/DS1307.o
 .debug_info    0x00003543      0x354 Lib/FATFs/diskio.o
 .debug_info    0x00003897     0x11a9 Lib/FATFs/ff.o
 .debug_info    0x00004a40       0xc4 ../../LUFA/Drivers/USB/Core/AVR8/Device_AVR8.o
 .debug_info    0x00004b04      0x437 ../../LUFA/Drivers/USB/Core/AVR8/Endpoint_AVR8.o
 .debug_info    0x00004f3b        0x0 ../../LUFA/Drivers/USB/Core/AVR8/Host_AVR8.o
 .debug_info    0x00004f3b        0x0 ../../LUFA/Drivers/USB/Core/AVR8/Pipe_AVR8.o
 .debug_info    0x00004f3b      0x484 ../../LUFA/Drivers/USB/Core/AVR8/USBController_AVR8.o
 .debug_info    0x000053bf      0x66f ../../LUFA/Drivers/USB/Core/AVR8/USBInterrupt_AVR8.o
 .debug_info    0x00005a2e     0x1569 ../../LUFA/Drivers/USB/Core/AVR8/EndpointStream_AVR8.o
 .debug_info    0x00006f97        0x0 ../../LUFA/Drivers/USB/Core/AVR8/PipeStream_AVR8.o
 .debug_info    0x00006f97      0x34b ../../LUFA/Drivers/USB/Core/ConfigDescriptor.o
 .debug_info    0x000072e2      0x9db ../../LUFA/Drivers/USB/Core/DeviceStandardReq.o
 .debug_info    0x00007cbd       0x79 ../../LUFA/Drivers/USB/Core/Events.o
 .debug_info    0x00007d36        0x0 ../../LUFA/Drivers/USB/Core/HostStandardReq.o
 .debug_info    0x00007d36      0x224 ../../LUFA/Drivers/USB/Core/USBTask.o
 .debug_info    0x00007f5a      0x6ec ../../LUFA/Drivers/USB/Class/Common/HIDParser.o
 .debug_info    0x00008646      0x563 ../../LUFA/Drivers/USB/Class/Device/Audio.o
 .debug_info    0x00008ba9      0xce1 ../../LUFA/Drivers/USB/Class/Device/CDC.o
 .debug_info    0x0000988a      0x667 ../../LUFA/Drivers/USB/Class/Device/HID.o
 .debug_info    0x00009ef1      0x8dc ../../LUFA/Drivers/USB/Class/Device/MassStorage.o
 .debug_info    0x0000a7cd      0x5ae ../../LUFA/Drivers/USB/Class/Device/MIDI.o
 .debug_info    0x0000ad7b      0xf9f ../../LUFA/Drivers/USB/Class/Device/RNDIS.o
 .debug_info    0x0000bd1a        0x0 ../../LUFA/Drivers/USB/Class/Host/Audio.o
 .debug_info    0x0000bd1a        0x0 ../../LUFA/Drivers/USB/Class/Host/CDC.o
 .debug_info    0x0000bd1a        0x0 ../../LUFA/Drivers/USB/Class/Host/HID.o
 .debug_info    0x0000bd1a        0x0 ../../LUFA/Drivers/USB/Class/Host/MassStorage.o
 .debug_info    0x0000bd1a        0x0 ../../LUFA/Drivers/USB/Class/Host/MIDI.o
 .debug_info    0x0000bd1a        0x0 ../../LUFA/Drivers/USB/Class/Host/Printer.o
 .debug_info    0x0000bd1a        0x0 ../../LUFA/Drivers/USB/Class/Host/RNDIS.o
 .debug_info    0x0000bd1a        0x0 ../../LUFA/Drivers/USB/Class/Host/StillImage.o
 .debug_info    0x0000bd1a      0x205 ../../LUFA/Drivers/Board/Temperature.o
 .debug_info    0x0000bf1f      0x3eb ../../LUFA/Drivers/Peripheral/AVR8/TWI_AVR8.o
 .debug_info    0x0000c30a      0x1b4 /usr/local/CrossPack-AVR-20100115/lib/gcc/avr/4.3.3/../../../../avr/lib/avr5/libc.a(sprintf.o)
 .debug_info    0x0000c4be      0x348 /usr/local/CrossPack-AVR-20100115/lib/gcc/avr/4.3.3/../../../../avr/lib/avr5/libc.a(vfprintf_std.o)
 .debug_info    0x0000c806      0x16a /usr/local/CrossPack-AVR-20100115/lib/gcc/avr/4.3.3/../../../../avr/lib/avr5/libc.a(fputc.o)
 *(.gnu.linkonce.wi.*)

.debug_abbrev   0x00000000     0x3061
 *(.debug_abbrev)
 .debug_abbrev  0x00000000      0x2d3 TempDataLogger.o
 .debug_abbrev  0x000002d3      0x170 Descriptors.o
 .debug_abbrev  0x00000443      0x2d1 Lib/DataflashManager.o
 .debug_abbrev  0x00000714      0x287 Lib/SCSI.o
 .debug_abbrev  0x0000099b      0x110 Lib/DS1307.o
 .debug_abbrev  0x00000aab      0x106 Lib/FATFs/diskio.o
 .debug_abbrev  0x00000bb1      0x235 Lib/FATFs/ff.o
 .debug_abbrev  0x00000de6       0x79 ../../LUFA/Drivers/USB/Core/AVR8/Device_AVR8.o
 .debug_abbrev  0x00000e5f      0x19a ../../LUFA/Drivers/USB/Core/AVR8/Endpoint_AVR8.o
 .debug_abbrev  0x00000ff9        0x1 ../../LUFA/Drivers/USB/Core/AVR8/Host_AVR8.o
 .debug_abbrev  0x00000ffa        0x1 ../../LUFA/Drivers/USB/Core/AVR8/Pipe_AVR8.o
 .debug_abbrev  0x00000ffb      0x15a ../../LUFA/Drivers/USB/Core/AVR8/USBController_AVR8.o
 .debug_abbrev  0x00001155      0x1d5 ../../LUFA/Drivers/USB/Core/AVR8/USBInterrupt_AVR8.o
 .debug_abbrev  0x0000132a      0x1a3 ../../LUFA/Drivers/USB/Core/AVR8/EndpointStream_AVR8.o
 .debug_abbrev  0x000014cd        0x1 ../../LUFA/Drivers/USB/Core/AVR8/PipeStream_AVR8.o
 .debug_abbrev  0x000014ce      0x15c ../../LUFA/Drivers/USB/Core/ConfigDescriptor.o
 .debug_abbrev  0x0000162a      0x226 ../../LUFA/Drivers/USB/Core/DeviceStandardReq.o
 .debug_abbrev  0x00001850       0x4a ../../LUFA/Drivers/USB/Core/Events.o
 .debug_abbrev  0x0000189a        0x1 ../../LUFA/Drivers/USB/Core/HostStandardReq.o
 .debug_abbrev  0x0000189b      0x15d ../../LUFA/Drivers/USB/Core/USBTask.o
 .debug_abbrev  0x000019f8      0x1e7 ../../LUFA/Drivers/USB/Class/Common/HIDParser.o
 .debug_abbrev  0x00001bdf      0x1e3 ../../LUFA/Drivers/USB/Class/Device/Audio.o
 .debug_abbrev  0x00001dc2      0x340 ../../LUFA/Drivers/USB/Class/Device/CDC.o
 .debug_abbrev  0x00002102      0x206 ../../LUFA/Drivers/USB/Class/Device/HID.o
 .debug_abbrev  0x00002308      0x24f ../../LUFA/Drivers/USB/Class/Device/MassStorage.o
 .debug_abbrev  0x00002557      0x215 ../../LUFA/Drivers/USB/Class/Device/MIDI.o
 .debug_abbrev  0x0000276c      0x2d2 ../../LUFA/Drivers/USB/Class/Device/RNDIS.o
 .debug_abbrev  0x00002a3e        0x1 ../../LUFA/Drivers/USB/Class/Host/Audio.o
 .debug_abbrev  0x00002a3f        0x1 ../../LUFA/Drivers/USB/Class/Host/CDC.o
 .debug_abbrev  0x00002a40        0x1 ../../LUFA/Drivers/USB/Class/Host/HID.o
 .debug_abbrev  0x00002a41        0x1 ../../LUFA/Drivers/USB/Class/Host/MassStorage.o
 .debug_abbrev  0x00002a42        0x1 ../../LUFA/Drivers/USB/Class/Host/MIDI.o
 .debug_abbrev  0x00002a43        0x1 ../../LUFA/Drivers/USB/Class/Host/Printer.o
 .debug_abbrev  0x00002a44        0x1 ../../LUFA/Drivers/USB/Class/Host/RNDIS.o
 .debug_abbrev  0x00002a45        0x1 ../../LUFA/Drivers/USB/Class/Host/StillImage.o
 .debug_abbrev  0x00002a46      0x12c ../../LUFA/Drivers/Board/Temperature.o
 .debug_abbrev  0x00002b72      0x173 ../../LUFA/Drivers/Peripheral/AVR8/TWI_AVR8.o
 .debug_abbrev  0x00002ce5      0x10e /usr/local/CrossPack-AVR-20100115/lib/gcc/avr/4.3.3/../../../../avr/lib/avr5/libc.a(sprintf.o)
 .debug_abbrev  0x00002df3      0x193 /usr/local/CrossPack-AVR-20100115/lib/gcc/avr/4.3.3/../../../../avr/lib/avr5/libc.a(vfprintf_std.o)
 .debug_abbrev  0x00002f86       0xdb /usr/local/CrossPack-AVR-20100115/lib/gcc/avr/4.3.3/../../../../avr/lib/avr5/libc.a(fputc.o)

.debug_line     0x00000000     0x96de
 *(.debug_line)
 .debug_line    0x00000000      0x716 TempDataLogger.o
 .debug_line    0x00000716      0x1c4 Descriptors.o
 .debug_line    0x000008da      0xd02 Lib/DataflashManager.o
 .debug_line    0x000015dc      0x35d Lib/SCSI.o
 .debug_line    0x00001939      0x1df Lib/DS1307.o
 .debug_line    0x00001b18      0x199 Lib/FATFs/diskio.o
 .debug_line    0x00001cb1     0x11f6 Lib/FATFs/ff.o
 .debug_line    0x00002ea7      0x127 ../../LUFA/Drivers/USB/Core/AVR8/Device_AVR8.o
 .debug_line    0x00002fce      0x45c ../../LUFA/Drivers/USB/Core/AVR8/Endpoint_AVR8.o
 .debug_line    0x0000342a       0x24 ../../LUFA/Drivers/USB/Core/AVR8/Host_AVR8.o
 .debug_line    0x0000344e       0x24 ../../LUFA/Drivers/USB/Core/AVR8/Pipe_AVR8.o
 .debug_line    0x00003472      0x36f ../../LUFA/Drivers/USB/Core/AVR8/USBController_AVR8.o
 .debug_line    0x000037e1      0x61b ../../LUFA/Drivers/USB/Core/AVR8/USBInterrupt_AVR8.o
 .debug_line    0x00003dfc     0x178e ../../LUFA/Drivers/USB/Core/AVR8/EndpointStream_AVR8.o
 .debug_line    0x0000558a       0x24 ../../LUFA/Drivers/USB/Core/AVR8/PipeStream_AVR8.o
 .debug_line    0x000055ae      0x25d ../../LUFA/Drivers/USB/Core/ConfigDescriptor.o
 .debug_line    0x0000580b      0x5e8 ../../LUFA/Drivers/USB/Core/DeviceStandardReq.o
 .debug_line    0x00005df3       0x80 ../../LUFA/Drivers/USB/Core/Events.o
 .debug_line    0x00005e73       0x24 ../../LUFA/Drivers/USB/Core/HostStandardReq.o
 .debug_line    0x00005e97      0x1ca ../../LUFA/Drivers/USB/Core/USBTask.o
 .debug_line    0x00006061      0x5c0 ../../LUFA/Drivers/USB/Class/Common/HIDParser.o
 .debug_line    0x00006621      0x464 ../../LUFA/Drivers/USB/Class/Device/Audio.o
 .debug_line    0x00006a85      0x93a ../../LUFA/Drivers/USB/Class/Device/CDC.o
 .debug_line    0x000073bf      0x529 ../../LUFA/Drivers/USB/Class/Device/HID.o
 .debug_line    0x000078e8      0x5f3 ../../LUFA/Drivers/USB/Class/Device/MassStorage.o
 .debug_line    0x00007edb      0x3bf ../../LUFA/Drivers/USB/Class/Device/MIDI.o
 .debug_line    0x0000829a      0x780 ../../LUFA/Drivers/USB/Class/Device/RNDIS.o
 .debug_line    0x00008a1a       0x24 ../../LUFA/Drivers/USB/Class/Host/Audio.o
 .debug_line    0x00008a3e       0x24 ../../LUFA/Drivers/USB/Class/Host/CDC.o
 .debug_line    0x00008a62       0x24 ../../LUFA/Drivers/USB/Class/Host/HID.o
 .debug_line    0x00008a86       0x24 ../../LUFA/Drivers/USB/Class/Host/MassStorage.o
 .debug_line    0x00008aaa       0x24 ../../LUFA/Drivers/USB/Class/Host/MIDI.o
 .debug_line    0x00008ace       0x24 ../../LUFA/Drivers/USB/Class/Host/Printer.o
 .debug_line    0x00008af2       0x24 ../../LUFA/Drivers/USB/Class/Host/RNDIS.o
 .debug_line    0x00008b16       0x24 ../../LUFA/Drivers/USB/Class/Host/StillImage.o
 .debug_line    0x00008b3a      0x18b ../../LUFA/Drivers/Board/Temperature.o
 .debug_line    0x00008cc5      0x391 ../../LUFA/Drivers/Peripheral/AVR8/TWI_AVR8.o
 .debug_line    0x00009056      0x12f /usr/local/CrossPack-AVR-20100115/lib/gcc/avr/4.3.3/../../../../avr/lib/avr5/libc.a(sprintf.o)
 .debug_line    0x00009185      0x482 /usr/local/CrossPack-AVR-20100115/lib/gcc/avr/4.3.3/../../../../avr/lib/avr5/libc.a(vfprintf_std.o)
 .debug_line    0x00009607       0xd7 /usr/local/CrossPack-AVR-20100115/lib/gcc/avr/4.3.3/../../../../avr/lib/avr5/libc.a(fputc.o)

.debug_frame    0x00000000      0xa50
 *(.debug_frame)
 .debug_frame   0x00000000       0xd0 TempDataLogger.o
 .debug_frame   0x000000d0       0x20 Descriptors.o
 .debug_frame   0x000000f0       0x70 Lib/DataflashManager.o
 .debug_frame   0x00000160       0x30 Lib/SCSI.o
 .debug_frame   0x00000190       0x30 Lib/DS1307.o
 .debug_frame   0x000001c0       0x70 Lib/FATFs/diskio.o
 .debug_frame   0x00000230      0x130 Lib/FATFs/ff.o
 .debug_frame   0x00000360       0x20 ../../LUFA/Drivers/USB/Core/AVR8/Device_AVR8.o
 .debug_frame   0x00000380       0x50 ../../LUFA/Drivers/USB/Core/AVR8/Endpoint_AVR8.o
 .debug_frame   0x000003d0       0x40 ../../LUFA/Drivers/USB/Core/AVR8/USBController_AVR8.o
 .debug_frame   0x00000410       0x50 ../../LUFA/Drivers/USB/Core/AVR8/USBInterrupt_AVR8.o
 .debug_frame   0x00000460      0x170 ../../LUFA/Drivers/USB/Core/AVR8/EndpointStream_AVR8.o
 .debug_frame   0x000005d0       0x50 ../../LUFA/Drivers/USB/Core/ConfigDescriptor.o
 .debug_frame   0x00000620       0x20 ../../LUFA/Drivers/USB/Core/DeviceStandardReq.o
 .debug_frame   0x00000640       0x20 ../../LUFA/Drivers/USB/Core/Events.o
 .debug_frame   0x00000660       0x20 ../../LUFA/Drivers/USB/Core/USBTask.o
 .debug_frame   0x00000680       0x50 ../../LUFA/Drivers/USB/Class/Common/HIDParser.o
 .debug_frame   0x000006d0       0x40 ../../LUFA/Drivers/USB/Class/Device/Audio.o
 .debug_frame   0x00000710      0x110 ../../LUFA/Drivers/USB/Class/Device/CDC.o
 .debug_frame   0x00000820       0x40 ../../LUFA/Drivers/USB/Class/Device/HID.o
 .debug_frame   0x00000860       0x40 ../../LUFA/Drivers/USB/Class/Device/MassStorage.o
 .debug_frame   0x000008a0       0x60 ../../LUFA/Drivers/USB/Class/Device/MIDI.o
 .debug_frame   0x00000900       0x70 ../../LUFA/Drivers/USB/Class/Device/RNDIS.o
 .debug_frame   0x00000970       0x20 ../../LUFA/Drivers/Board/Temperature.o
 .debug_frame   0x00000990       0x60 ../../LUFA/Drivers/Peripheral/AVR8/TWI_AVR8.o
 .debug_frame   0x000009f0       0x20 /usr/local/CrossPack-AVR-20100115/lib/gcc/avr/4.3.3/../../../../avr/lib/avr5/libc.a(sprintf.o)
 .debug_frame   0x00000a10       0x20 /usr/local/CrossPack-AVR-20100115/lib/gcc/avr/4.3.3/../../../../avr/lib/avr5/libc.a(vfprintf_std.o)
 .debug_frame   0x00000a30       0x20 /usr/local/CrossPack-AVR-20100115/lib/gcc/avr/4.3.3/../../../../avr/lib/avr5/libc.a(fputc.o)

.debug_str      0x00000000     0x4271
 *(.debug_str)
 .debug_str     0x00000000      0x7c1 TempDataLogger.o
                                0x886 (size before relaxing)
 .debug_str     0x000007c1      0x4e3 Descriptors.o
                                0x650 (size before relaxing)
 .debug_str     0x00000ca4      0x2f0 Lib/DataflashManager.o
                                0x588 (size before relaxing)
 .debug_str     0x00000f94      0x2ed Lib/SCSI.o
                                0x5f8 (size before relaxing)
 .debug_str     0x00001281      0x1a7 Lib/DS1307.o
                                0x2a3 (size before relaxing)
 .debug_str     0x00001428      0x1b6 Lib/FATFs/diskio.o
                                0x2da (size before relaxing)
 .debug_str     0x000015de      0x19a Lib/FATFs/ff.o
                                0x4a5 (size before relaxing)
 .debug_str     0x00001778       0x77 ../../LUFA/Drivers/USB/Core/AVR8/Device_AVR8.o
                                0x12b (size before relaxing)
 .debug_str     0x000017ef      0x302 ../../LUFA/Drivers/USB/Core/AVR8/Endpoint_AVR8.o
                                0x4aa (size before relaxing)
 .debug_str     0x00001af1      0x29c ../../LUFA/Drivers/USB/Core/AVR8/USBController_AVR8.o
                                0x42f (size before relaxing)
 .debug_str     0x00001d8d      0x13c ../../LUFA/Drivers/USB/Core/AVR8/USBInterrupt_AVR8.o
                                0x41b (size before relaxing)
 .debug_str     0x00001ec9      0x4c0 ../../LUFA/Drivers/USB/Core/AVR8/EndpointStream_AVR8.o
                                0x749 (size before relaxing)
 .debug_str     0x00002389      0x21c ../../LUFA/Drivers/USB/Core/ConfigDescriptor.o
                                0x2f8 (size before relaxing)
 .debug_str     0x000025a5      0x3f4 ../../LUFA/Drivers/USB/Core/DeviceStandardReq.o
                                0x81f (size before relaxing)
 .debug_str     0x00002999       0x34 ../../LUFA/Drivers/USB/Core/Events.o
                                 0xe2 (size before relaxing)
 .debug_str     0x000029cd       0x4e ../../LUFA/Drivers/USB/Core/USBTask.o
                                0x272 (size before relaxing)
 .debug_str     0x00002a1b      0x45d ../../LUFA/Drivers/USB/Class/Common/HIDParser.o
                                0x5d0 (size before relaxing)
 .debug_str     0x00002e78      0x23b ../../LUFA/Drivers/USB/Class/Device/Audio.o
                                0x561 (size before relaxing)
 .debug_str     0x000030b3      0x3f7 ../../LUFA/Drivers/USB/Class/Device/CDC.o
                                0x9a8 (size before relaxing)
 .debug_str     0x000034aa      0x140 ../../LUFA/Drivers/USB/Class/Device/HID.o
                                0x57b (size before relaxing)
 .debug_str     0x000035ea      0x167 ../../LUFA/Drivers/USB/Class/Device/MassStorage.o
                                0x751 (size before relaxing)
 .debug_str     0x00003751      0x110 ../../LUFA/Drivers/USB/Class/Device/MIDI.o
                                0x5de (size before relaxing)
 .debug_str     0x00003861      0x6d4 ../../LUFA/Drivers/USB/Class/Device/RNDIS.o
                                0xcd5 (size before relaxing)
 .debug_str     0x00003f35       0xb1 ../../LUFA/Drivers/Board/Temperature.o
                                0x18d (size before relaxing)
 .debug_str     0x00003fe6      0x155 ../../LUFA/Drivers/Peripheral/AVR8/TWI_AVR8.o
                                0x2df (size before relaxing)
 .debug_str     0x0000413b       0xa9 /usr/local/CrossPack-AVR-20100115/lib/gcc/avr/4.3.3/../../../../avr/lib/avr5/libc.a(sprintf.o)
                                0x14f (size before relaxing)
 .debug_str     0x000041e4       0x6b /usr/local/CrossPack-AVR-20100115/lib/gcc/avr/4.3.3/../../../../avr/lib/avr5/libc.a(vfprintf_std.o)
                                0x199 (size before relaxing)
 .debug_str     0x0000424f       0x22 /usr/local/CrossPack-AVR-20100115/lib/gcc/avr/4.3.3/../../../../avr/lib/avr5/libc.a(fputc.o)
                                0x129 (size before relaxing)

.debug_loc      0x00000000     0x6b6c
 *(.debug_loc)
 .debug_loc     0x00000000      0x169 TempDataLogger.o
 .debug_loc     0x00000169      0x1a0 Descriptors.o
 .debug_loc     0x00000309      0x279 Lib/DataflashManager.o
 .debug_loc     0x00000582      0x29c Lib/SCSI.o
 .debug_loc     0x0000081e       0x50 Lib/DS1307.o
 .debug_loc     0x0000086e      0x132 Lib/FATFs/diskio.o
 .debug_loc     0x000009a0     0x2592 Lib/FATFs/ff.o
 .debug_loc     0x00002f32       0x7f ../../LUFA/Drivers/USB/Core/AVR8/Endpoint_AVR8.o
 .debug_loc     0x00002fb1       0x13 ../../LUFA/Drivers/USB/Core/AVR8/USBInterrupt_AVR8.o
 .debug_loc     0x00002fc4     0x1886 ../../LUFA/Drivers/USB/Core/AVR8/EndpointStream_AVR8.o
 .debug_loc     0x0000484a      0x2c7 ../../LUFA/Drivers/USB/Core/ConfigDescriptor.o
 .debug_loc     0x00004b11      0x25a ../../LUFA/Drivers/USB/Core/DeviceStandardReq.o
 .debug_loc     0x00004d6b      0x4fa ../../LUFA/Drivers/USB/Class/Common/HIDParser.o
 .debug_loc     0x00005265      0x159 ../../LUFA/Drivers/USB/Class/Device/Audio.o
 .debug_loc     0x000053be      0x512 ../../LUFA/Drivers/USB/Class/Device/CDC.o
 .debug_loc     0x000058d0      0x16c ../../LUFA/Drivers/USB/Class/Device/HID.o
 .debug_loc     0x00005a3c      0x138 ../../LUFA/Drivers/USB/Class/Device/MassStorage.o
 .debug_loc     0x00005b74      0x23c ../../LUFA/Drivers/USB/Class/Device/MIDI.o
 .debug_loc     0x00005db0      0x532 ../../LUFA/Drivers/USB/Class/Device/RNDIS.o
 .debug_loc     0x000062e2       0xb0 ../../LUFA/Drivers/Board/Temperature.o
 .debug_loc     0x00006392      0x30b ../../LUFA/Drivers/Peripheral/AVR8/TWI_AVR8.o
 .debug_loc     0x0000669d       0x24 /usr/local/CrossPack-AVR-20100115/lib/gcc/avr/4.3.3/../../../../avr/lib/avr5/libc.a(sprintf.o)
 .debug_loc     0x000066c1      0x44b /usr/local/CrossPack-AVR-20100115/lib/gcc/avr/4.3.3/../../../../avr/lib/avr5/libc.a(vfprintf_std.o)
 .debug_loc     0x00006b0c       0x60 /usr/local/CrossPack-AVR-20100115/lib/gcc/avr/4.3.3/../../../../avr/lib/avr5/libc.a(fputc.o)

.debug_macinfo
 *(.debug_macinfo)
OUTPUT(TempDataLogger.elf elf32-avr)
LOAD linker stubs

.debug_ranges   0x00000000      0xa68
 .debug_ranges  0x00000000       0x70 TempDataLogger.o
 .debug_ranges  0x00000070       0x18 Descriptors.o
 .debug_ranges  0x00000088      0x100 Lib/DataflashManager.o
 .debug_ranges  0x00000188       0x20 Lib/SCSI.o
 .debug_ranges  0x000001a8       0x20 Lib/DS1307.o
 .debug_ranges  0x000001c8       0x40 Lib/FATFs/diskio.o
 .debug_ranges  0x00000208      0x200 Lib/FATFs/ff.o
 .debug_ranges  0x00000408       0x18 ../../LUFA/Drivers/USB/Core/AVR8/Device_AVR8.o
 .debug_ranges  0x00000420       0x48 ../../LUFA/Drivers/USB/Core/AVR8/Endpoint_AVR8.o
 .debug_ranges  0x00000468       0x28 ../../LUFA/Drivers/USB/Core/AVR8/USBController_AVR8.o
 .debug_ranges  0x00000490       0x30 ../../LUFA/Drivers/USB/Core/AVR8/USBInterrupt_AVR8.o
 .debug_ranges  0x000004c0       0xc0 ../../LUFA/Drivers/USB/Core/AVR8/EndpointStream_AVR8.o
 .debug_ranges  0x00000580       0x30 ../../LUFA/Drivers/USB/Core/ConfigDescriptor.o
 .debug_ranges  0x000005b0       0x78 ../../LUFA/Drivers/USB/Core/DeviceStandardReq.o
 .debug_ranges  0x00000628       0x18 ../../LUFA/Drivers/USB/Core/Events.o
 .debug_ranges  0x00000640       0x30 ../../LUFA/Drivers/USB/Core/USBTask.o
 .debug_ranges  0x00000670       0xa0 ../../LUFA/Drivers/USB/Class/Common/HIDParser.o
 .debug_ranges  0x00000710       0x28 ../../LUFA/Drivers/USB/Class/Device/Audio.o
 .debug_ranges  0x00000738       0x90 ../../LUFA/Drivers/USB/Class/Device/CDC.o
 .debug_ranges  0x000007c8       0x28 ../../LUFA/Drivers/USB/Class/Device/HID.o
 .debug_ranges  0x000007f0       0x78 ../../LUFA/Drivers/USB/Class/Device/MassStorage.o
 .debug_ranges  0x00000868       0x38 ../../LUFA/Drivers/USB/Class/Device/MIDI.o
 .debug_ranges  0x000008a0       0x88 ../../LUFA/Drivers/USB/Class/Device/RNDIS.o
 .debug_ranges  0x00000928       0x18 ../../LUFA/Drivers/Board/Temperature.o
 .debug_ranges  0x00000940       0xc8 ../../LUFA/Drivers/Peripheral/AVR8/TWI_AVR8.o
 .debug_ranges  0x00000a08       0x18 /usr/local/CrossPack-AVR-20100115/lib/gcc/avr/4.3.3/../../../../avr/lib/avr5/libc.a(sprintf.o)
 .debug_ranges  0x00000a20       0x30 /usr/local/CrossPack-AVR-20100115/lib/gcc/avr/4.3.3/../../../../avr/lib/avr5/libc.a(vfprintf_std.o)
 .debug_ranges  0x00000a50       0x18 /usr/local/CrossPack-AVR-20100115/lib/gcc/avr/4.3.3/../../../../avr/lib/avr5/libc.a(fputc.o)

Cross Reference Table

Symbol                                            File
Audio_Device_ConfigureEndpoints                   ../../LUFA/Drivers/USB/Class/Device/Audio.o
Audio_Device_Event_Stub                           ../../LUFA/Drivers/USB/Class/Device/Audio.o
Audio_Device_ProcessControlRequest                ../../LUFA/Drivers/USB/Class/Device/Audio.o
CALLBACK_Audio_Device_GetSetEndpointProperty      ../../LUFA/Drivers/USB/Class/Device/Audio.o
CALLBACK_HIDParser_FilterHIDReportItem            ../../LUFA/Drivers/USB/Class/Common/HIDParser.o
CALLBACK_HID_Device_CreateHIDReport               TempDataLogger.o
                                                  ../../LUFA/Drivers/USB/Class/Device/HID.o
CALLBACK_HID_Device_ProcessHIDReport              TempDataLogger.o
                                                  ../../LUFA/Drivers/USB/Class/Device/HID.o
CALLBACK_MS_Device_SCSICommandReceived            TempDataLogger.o
                                                  ../../LUFA/Drivers/USB/Class/Device/MassStorage.o
CALLBACK_USB_GetDescriptor                        Descriptors.o
                                                  ../../LUFA/Drivers/USB/Core/DeviceStandardReq.o
CDC_Device_BytesReceived                          ../../LUFA/Drivers/USB/Class/Device/CDC.o
CDC_Device_ConfigureEndpoints                     ../../LUFA/Drivers/USB/Class/Device/CDC.o
CDC_Device_CreateBlockingStream                   ../../LUFA/Drivers/USB/Class/Device/CDC.o
CDC_Device_CreateStream                           ../../LUFA/Drivers/USB/Class/Device/CDC.o
CDC_Device_Event_Stub                             ../../LUFA/Drivers/USB/Class/Device/CDC.o
CDC_Device_Flush                                  ../../LUFA/Drivers/USB/Class/Device/CDC.o
CDC_Device_ProcessControlRequest                  ../../LUFA/Drivers/USB/Class/Device/CDC.o
CDC_Device_ReceiveByte                            ../../LUFA/Drivers/USB/Class/Device/CDC.o
CDC_Device_SendByte                               ../../LUFA/Drivers/USB/Class/Device/CDC.o
CDC_Device_SendControlLineStateChange             ../../LUFA/Drivers/USB/Class/Device/CDC.o
CDC_Device_SendData                               ../../LUFA/Drivers/USB/Class/Device/CDC.o
CDC_Device_SendString                             ../../LUFA/Drivers/USB/Class/Device/CDC.o
CDC_Device_USBTask                                ../../LUFA/Drivers/USB/Class/Device/CDC.o
CloseLogFile                                      TempDataLogger.o
ConfigurationDescriptor                           Descriptors.o
DS1307_GetTimeDate                                Lib/DS1307.o
                                                  Lib/FATFs/diskio.o
                                                  TempDataLogger.o
DS1307_SetTimeDate                                Lib/DS1307.o
                                                  TempDataLogger.o
DataflashManager_CheckDataflashOperation          Lib/DataflashManager.o
                                                  Lib/SCSI.o
DataflashManager_ReadBlocks                       Lib/DataflashManager.o
                                                  Lib/SCSI.o
DataflashManager_ReadBlocks_RAM                   Lib/DataflashManager.o
                                                  Lib/FATFs/diskio.o
DataflashManager_ResetDataflashProtections        Lib/DataflashManager.o
                                                  TempDataLogger.o
DataflashManager_WriteBlocks                      Lib/DataflashManager.o
                                                  Lib/SCSI.o
DataflashManager_WriteBlocks_RAM                  Lib/DataflashManager.o
                                                  Lib/FATFs/diskio.o
DeviceDescriptor                                  Descriptors.o
Disk_MS_Interface                                 TempDataLogger.o
EVENT_Audio_Device_StreamStartStop                ../../LUFA/Drivers/USB/Class/Device/Audio.o
EVENT_CDC_Device_BreakSent                        ../../LUFA/Drivers/USB/Class/Device/CDC.o
EVENT_CDC_Device_ControLineStateChanged           ../../LUFA/Drivers/USB/Class/Device/CDC.o
EVENT_CDC_Device_LineEncodingChanged              ../../LUFA/Drivers/USB/Class/Device/CDC.o
EVENT_USB_Device_ConfigurationChanged             TempDataLogger.o
                                                  ../../LUFA/Drivers/USB/Core/DeviceStandardReq.o
EVENT_USB_Device_Connect                          TempDataLogger.o
                                                  ../../LUFA/Drivers/USB/Core/AVR8/USBInterrupt_AVR8.o
EVENT_USB_Device_ControlRequest                   TempDataLogger.o
                                                  ../../LUFA/Drivers/USB/Core/DeviceStandardReq.o
EVENT_USB_Device_Disconnect                       TempDataLogger.o
                                                  ../../LUFA/Drivers/USB/Core/AVR8/USBInterrupt_AVR8.o
EVENT_USB_Device_Reset                            ../../LUFA/Drivers/USB/Core/Events.o
                                                  ../../LUFA/Drivers/USB/Core/AVR8/USBInterrupt_AVR8.o
EVENT_USB_Device_StartOfFrame                     ../../LUFA/Drivers/USB/Core/Events.o
                                                  ../../LUFA/Drivers/USB/Core/AVR8/USBInterrupt_AVR8.o
EVENT_USB_Device_Suspend                          ../../LUFA/Drivers/USB/Core/Events.o
                                                  ../../LUFA/Drivers/USB/Core/AVR8/USBInterrupt_AVR8.o
EVENT_USB_Device_WakeUp                           ../../LUFA/Drivers/USB/Core/Events.o
                                                  ../../LUFA/Drivers/USB/Core/AVR8/USBInterrupt_AVR8.o
Endpoint_ClearEndpoints                           ../../LUFA/Drivers/USB/Core/AVR8/Endpoint_AVR8.o
Endpoint_ClearStatusStage                         ../../LUFA/Drivers/USB/Core/AVR8/Endpoint_AVR8.o
                                                  ../../LUFA/Drivers/USB/Class/Device/MassStorage.o
                                                  ../../LUFA/Drivers/USB/Class/Device/HID.o
                                                  ../../LUFA/Drivers/USB/Class/Device/CDC.o
                                                  ../../LUFA/Drivers/USB/Class/Device/Audio.o
                                                  ../../LUFA/Drivers/USB/Core/DeviceStandardReq.o
Endpoint_ConfigureEndpoint_Prv                    ../../LUFA/Drivers/USB/Core/AVR8/Endpoint_AVR8.o
                                                  ../../LUFA/Drivers/USB/Class/Device/RNDIS.o
                                                  ../../LUFA/Drivers/USB/Class/Device/MIDI.o
                                                  ../../LUFA/Drivers/USB/Class/Device/MassStorage.o
                                                  ../../LUFA/Drivers/USB/Class/Device/HID.o
                                                  ../../LUFA/Drivers/USB/Class/Device/CDC.o
                                                  ../../LUFA/Drivers/USB/Class/Device/Audio.o
                                                  ../../LUFA/Drivers/USB/Core/AVR8/USBInterrupt_AVR8.o
                                                  ../../LUFA/Drivers/USB/Core/AVR8/USBController_AVR8.o
Endpoint_Discard_Stream                           ../../LUFA/Drivers/USB/Core/AVR8/EndpointStream_AVR8.o
Endpoint_Null_Stream                              ../../LUFA/Drivers/USB/Core/AVR8/EndpointStream_AVR8.o
                                                  Lib/SCSI.o
Endpoint_Read_Control_EStream_BE                  ../../LUFA/Drivers/USB/Core/AVR8/EndpointStream_AVR8.o
Endpoint_Read_Control_EStream_LE                  ../../LUFA/Drivers/USB/Core/AVR8/EndpointStream_AVR8.o
Endpoint_Read_Control_Stream_BE                   ../../LUFA/Drivers/USB/Core/AVR8/EndpointStream_AVR8.o
Endpoint_Read_Control_Stream_LE                   ../../LUFA/Drivers/USB/Core/AVR8/EndpointStream_AVR8.o
                                                  ../../LUFA/Drivers/USB/Class/Device/RNDIS.o
                                                  ../../LUFA/Drivers/USB/Class/Device/HID.o
                                                  ../../LUFA/Drivers/USB/Class/Device/Audio.o
Endpoint_Read_EStream_BE                          ../../LUFA/Drivers/USB/Core/AVR8/EndpointStream_AVR8.o
Endpoint_Read_EStream_LE                          ../../LUFA/Drivers/USB/Core/AVR8/EndpointStream_AVR8.o
Endpoint_Read_Stream_BE                           ../../LUFA/Drivers/USB/Core/AVR8/EndpointStream_AVR8.o
Endpoint_Read_Stream_LE                           ../../LUFA/Drivers/USB/Core/AVR8/EndpointStream_AVR8.o
                                                  ../../LUFA/Drivers/USB/Class/Device/RNDIS.o
                                                  ../../LUFA/Drivers/USB/Class/Device/MIDI.o
                                                  ../../LUFA/Drivers/USB/Class/Device/MassStorage.o
Endpoint_WaitUntilReady                           ../../LUFA/Drivers/USB/Core/AVR8/Endpoint_AVR8.o
                                                  ../../LUFA/Drivers/USB/Class/Device/RNDIS.o
                                                  ../../LUFA/Drivers/USB/Class/Device/MIDI.o
                                                  ../../LUFA/Drivers/USB/Class/Device/CDC.o
                                                  ../../LUFA/Drivers/USB/Core/AVR8/EndpointStream_AVR8.o
                                                  Lib/DataflashManager.o
Endpoint_Write_Control_EStream_BE                 ../../LUFA/Drivers/USB/Core/AVR8/EndpointStream_AVR8.o
Endpoint_Write_Control_EStream_LE                 ../../LUFA/Drivers/USB/Core/AVR8/EndpointStream_AVR8.o
Endpoint_Write_Control_PStream_BE                 ../../LUFA/Drivers/USB/Core/AVR8/EndpointStream_AVR8.o
Endpoint_Write_Control_PStream_LE                 ../../LUFA/Drivers/USB/Core/AVR8/EndpointStream_AVR8.o
                                                  ../../LUFA/Drivers/USB/Core/DeviceStandardReq.o
Endpoint_Write_Control_Stream_BE                  ../../LUFA/Drivers/USB/Core/AVR8/EndpointStream_AVR8.o
Endpoint_Write_Control_Stream_LE                  ../../LUFA/Drivers/USB/Core/AVR8/EndpointStream_AVR8.o
                                                  ../../LUFA/Drivers/USB/Class/Device/RNDIS.o
                                                  ../../LUFA/Drivers/USB/Class/Device/HID.o
                                                  ../../LUFA/Drivers/USB/Class/Device/Audio.o
                                                  ../../LUFA/Drivers/USB/Core/DeviceStandardReq.o
Endpoint_Write_EStream_BE                         ../../LUFA/Drivers/USB/Core/AVR8/EndpointStream_AVR8.o
Endpoint_Write_EStream_LE                         ../../LUFA/Drivers/USB/Core/AVR8/EndpointStream_AVR8.o
Endpoint_Write_PStream_BE                         ../../LUFA/Drivers/USB/Core/AVR8/EndpointStream_AVR8.o
Endpoint_Write_PStream_LE                         ../../LUFA/Drivers/USB/Core/AVR8/EndpointStream_AVR8.o
Endpoint_Write_Stream_BE                          ../../LUFA/Drivers/USB/Core/AVR8/EndpointStream_AVR8.o
                                                  Lib/SCSI.o
Endpoint_Write_Stream_LE                          ../../LUFA/Drivers/USB/Core/AVR8/EndpointStream_AVR8.o
                                                  ../../LUFA/Drivers/USB/Class/Device/RNDIS.o
                                                  ../../LUFA/Drivers/USB/Class/Device/MIDI.o
                                                  ../../LUFA/Drivers/USB/Class/Device/MassStorage.o
                                                  ../../LUFA/Drivers/USB/Class/Device/HID.o
                                                  ../../LUFA/Drivers/USB/Class/Device/CDC.o
                                                  Lib/SCSI.o
GenericReport                                     Descriptors.o
Generic_HID_Interface                             TempDataLogger.o
HID_Device_ConfigureEndpoints                     ../../LUFA/Drivers/USB/Class/Device/HID.o
                                                  TempDataLogger.o
HID_Device_ProcessControlRequest                  ../../LUFA/Drivers/USB/Class/Device/HID.o
                                                  TempDataLogger.o
HID_Device_USBTask                                ../../LUFA/Drivers/USB/Class/Device/HID.o
                                                  TempDataLogger.o
LanguageString                                    Descriptors.o
MIDI_Device_ConfigureEndpoints                    ../../LUFA/Drivers/USB/Class/Device/MIDI.o
MIDI_Device_Flush                                 ../../LUFA/Drivers/USB/Class/Device/MIDI.o
MIDI_Device_ReceiveEventPacket                    ../../LUFA/Drivers/USB/Class/Device/MIDI.o
MIDI_Device_SendEventPacket                       ../../LUFA/Drivers/USB/Class/Device/MIDI.o
MIDI_Device_USBTask                               ../../LUFA/Drivers/USB/Class/Device/MIDI.o
MS_Device_ConfigureEndpoints                      ../../LUFA/Drivers/USB/Class/Device/MassStorage.o
                                                  TempDataLogger.o
MS_Device_ProcessControlRequest                   ../../LUFA/Drivers/USB/Class/Device/MassStorage.o
                                                  TempDataLogger.o
MS_Device_USBTask                                 ../../LUFA/Drivers/USB/Class/Device/MassStorage.o
                                                  TempDataLogger.o
ManufacturerString                                Descriptors.o
OpenLogFile                                       TempDataLogger.o
ProductString                                     Descriptors.o
RNDIS_Device_ConfigureEndpoints                   ../../LUFA/Drivers/USB/Class/Device/RNDIS.o
RNDIS_Device_IsPacketReceived                     ../../LUFA/Drivers/USB/Class/Device/RNDIS.o
RNDIS_Device_ProcessControlRequest                ../../LUFA/Drivers/USB/Class/Device/RNDIS.o
RNDIS_Device_ReadPacket                           ../../LUFA/Drivers/USB/Class/Device/RNDIS.o
RNDIS_Device_SendPacket                           ../../LUFA/Drivers/USB/Class/Device/RNDIS.o
RNDIS_Device_USBTask                              ../../LUFA/Drivers/USB/Class/Device/RNDIS.o
SCSI_DecodeSCSICommand                            Lib/SCSI.o
                                                  TempDataLogger.o
SetupHardware                                     TempDataLogger.o
TWI_ReadPacket                                    ../../LUFA/Drivers/Peripheral/AVR8/TWI_AVR8.o
                                                  Lib/DS1307.o
TWI_ReceiveByte                                   ../../LUFA/Drivers/Peripheral/AVR8/TWI_AVR8.o
TWI_SendByte                                      ../../LUFA/Drivers/Peripheral/AVR8/TWI_AVR8.o
TWI_StartTransmission                             ../../LUFA/Drivers/Peripheral/AVR8/TWI_AVR8.o
TWI_WritePacket                                   ../../LUFA/Drivers/Peripheral/AVR8/TWI_AVR8.o
                                                  Lib/DS1307.o
Temperature_GetTemperature                        ../../LUFA/Drivers/Board/Temperature.o
                                                  TempDataLogger.o
USB_ControlRequest                                ../../LUFA/Drivers/USB/Class/Device/RNDIS.o
                                                  ../../LUFA/Drivers/USB/Class/Device/MassStorage.o
                                                  ../../LUFA/Drivers/USB/Class/Device/HID.o
                                                  ../../LUFA/Drivers/USB/Class/Device/CDC.o
                                                  ../../LUFA/Drivers/USB/Class/Device/Audio.o
                                                  ../../LUFA/Drivers/USB/Core/USBTask.o
                                                  ../../LUFA/Drivers/USB/Core/DeviceStandardReq.o
                                                  ../../LUFA/Drivers/USB/Core/AVR8/EndpointStream_AVR8.o
                                                  ../../LUFA/Drivers/USB/Core/AVR8/Endpoint_AVR8.o
USB_Device_ConfigurationNumber                    ../../LUFA/Drivers/USB/Core/DeviceStandardReq.o
                                                  ../../LUFA/Drivers/USB/Core/AVR8/USBInterrupt_AVR8.o
                                                  ../../LUFA/Drivers/USB/Core/AVR8/USBController_AVR8.o
USB_Device_CurrentlySelfPowered                   ../../LUFA/Drivers/USB/Core/DeviceStandardReq.o
                                                  ../../LUFA/Drivers/USB/Core/AVR8/USBController_AVR8.o
USB_Device_ProcessControlRequest                  ../../LUFA/Drivers/USB/Core/DeviceStandardReq.o
                                                  ../../LUFA/Drivers/USB/Core/USBTask.o
                                                  ../../LUFA/Drivers/USB/Core/AVR8/USBInterrupt_AVR8.o
USB_Device_RemoteWakeupEnabled                    ../../LUFA/Drivers/USB/Core/DeviceStandardReq.o
                                                  ../../LUFA/Drivers/USB/Core/AVR8/USBController_AVR8.o
USB_Device_SendRemoteWakeup                       ../../LUFA/Drivers/USB/Core/AVR8/Device_AVR8.o
USB_Disable                                       ../../LUFA/Drivers/USB/Core/AVR8/USBController_AVR8.o
USB_Event_Stub                                    ../../LUFA/Drivers/USB/Core/Events.o
USB_GetHIDReportItemInfo                          ../../LUFA/Drivers/USB/Class/Common/HIDParser.o
USB_GetHIDReportSize                              ../../LUFA/Drivers/USB/Class/Common/HIDParser.o
USB_GetNextDescriptorComp                         ../../LUFA/Drivers/USB/Core/ConfigDescriptor.o
USB_GetNextDescriptorOfType                       ../../LUFA/Drivers/USB/Core/ConfigDescriptor.o
USB_GetNextDescriptorOfTypeAfter                  ../../LUFA/Drivers/USB/Core/ConfigDescriptor.o
USB_GetNextDescriptorOfTypeBefore                 ../../LUFA/Drivers/USB/Core/ConfigDescriptor.o
USB_INT_ClearAllInterrupts                        ../../LUFA/Drivers/USB/Core/AVR8/USBInterrupt_AVR8.o
                                                  ../../LUFA/Drivers/USB/Core/AVR8/USBController_AVR8.o
USB_INT_DisableAllInterrupts                      ../../LUFA/Drivers/USB/Core/AVR8/USBInterrupt_AVR8.o
                                                  ../../LUFA/Drivers/USB/Core/AVR8/USBController_AVR8.o
USB_Init                                          ../../LUFA/Drivers/USB/Core/AVR8/USBController_AVR8.o
                                                  TempDataLogger.o
USB_IsInitialized                                 ../../LUFA/Drivers/USB/Core/USBTask.o
                                                  ../../LUFA/Drivers/USB/Core/AVR8/USBController_AVR8.o
USB_ProcessHIDReport                              ../../LUFA/Drivers/USB/Class/Common/HIDParser.o
USB_ResetInterface                                ../../LUFA/Drivers/USB/Core/AVR8/USBController_AVR8.o
USB_SetHIDReportItemInfo                          ../../LUFA/Drivers/USB/Class/Common/HIDParser.o
USB_USBTask                                       ../../LUFA/Drivers/USB/Core/USBTask.o
                                                  ../../LUFA/Drivers/USB/Class/Device/CDC.o
                                                  TempDataLogger.o
__bad_interrupt                                   /usr/local/CrossPack-AVR-20100115/lib/gcc/avr/4.3.3/../../../../avr/lib/avr5/crtm32u4.o
__bss_end                                         /usr/local/CrossPack-AVR-20100115/lib/gcc/avr/4.3.3/avr5/libgcc.a(_clear_bss.o)
__bss_start                                       /usr/local/CrossPack-AVR-20100115/lib/gcc/avr/4.3.3/avr5/libgcc.a(_clear_bss.o)
__data_end                                        /usr/local/CrossPack-AVR-20100115/lib/gcc/avr/4.3.3/avr5/libgcc.a(_copy_data.o)
__data_load_start                                 /usr/local/CrossPack-AVR-20100115/lib/gcc/avr/4.3.3/avr5/libgcc.a(_copy_data.o)
__data_start                                      /usr/local/CrossPack-AVR-20100115/lib/gcc/avr/4.3.3/avr5/libgcc.a(_copy_data.o)
__do_clear_bss                                    /usr/local/CrossPack-AVR-20100115/lib/gcc/avr/4.3.3/avr5/libgcc.a(_clear_bss.o)
                                                  ../../LUFA/Drivers/USB/Core/USBTask.o
                                                  ../../LUFA/Drivers/USB/Core/DeviceStandardReq.o
                                                  Lib/FATFs/ff.o
                                                  TempDataLogger.o
__do_copy_data                                    /usr/local/CrossPack-AVR-20100115/lib/gcc/avr/4.3.3/avr5/libgcc.a(_copy_data.o)
                                                  ../../LUFA/Drivers/USB/Class/Device/RNDIS.o
                                                  ../../LUFA/Drivers/USB/Class/Device/CDC.o
                                                  Lib/FATFs/ff.o
                                                  Lib/SCSI.o
                                                  TempDataLogger.o
__eerd_byte_m32u4                                 /usr/local/CrossPack-AVR-20100115/lib/gcc/avr/4.3.3/../../../../avr/lib/avr5/libc.a(eerd_byte_atmega32u4.o)
                                                  ../../LUFA/Drivers/USB/Core/AVR8/EndpointStream_AVR8.o
                                                  TempDataLogger.o
__eeupd_byte_m32u4                                /usr/local/CrossPack-AVR-20100115/lib/gcc/avr/4.3.3/../../../../avr/lib/avr5/libc.a(eeupd_byte_atmega32u4.o)
                                                  ../../LUFA/Drivers/USB/Core/AVR8/EndpointStream_AVR8.o
                                                  TempDataLogger.o
__eeupd_r18_m32u4                                 /usr/local/CrossPack-AVR-20100115/lib/gcc/avr/4.3.3/../../../../avr/lib/avr5/libc.a(eeupd_byte_atmega32u4.o)
__epilogue_restores__                             /usr/local/CrossPack-AVR-20100115/lib/gcc/avr/4.3.3/avr5/libgcc.a(_epilogue.o)
                                                  /usr/local/CrossPack-AVR-20100115/lib/gcc/avr/4.3.3/../../../../avr/lib/avr5/libc.a(vfprintf_std.o)
                                                  /usr/local/CrossPack-AVR-20100115/lib/gcc/avr/4.3.3/../../../../avr/lib/avr5/libc.a(sprintf.o)
__heap_end                                        /usr/local/CrossPack-AVR-20100115/lib/gcc/avr/4.3.3/../../../../avr/lib/avr5/crtm32u4.o
__init                                            /usr/local/CrossPack-AVR-20100115/lib/gcc/avr/4.3.3/../../../../avr/lib/avr5/crtm32u4.o
__mulsi3                                          /usr/local/CrossPack-AVR-20100115/lib/gcc/avr/4.3.3/avr5/libgcc.a(_mulsi3.o)
                                                  Lib/FATFs/ff.o
__prologue_saves__                                /usr/local/CrossPack-AVR-20100115/lib/gcc/avr/4.3.3/avr5/libgcc.a(_prologue.o)
                                                  /usr/local/CrossPack-AVR-20100115/lib/gcc/avr/4.3.3/../../../../avr/lib/avr5/libc.a(vfprintf_std.o)
                                                  /usr/local/CrossPack-AVR-20100115/lib/gcc/avr/4.3.3/../../../../avr/lib/avr5/libc.a(sprintf.o)
__stack                                           /usr/local/CrossPack-AVR-20100115/lib/gcc/avr/4.3.3/../../../../avr/lib/avr5/crtm32u4.o
__udivmodhi4                                      /usr/local/CrossPack-AVR-20100115/lib/gcc/avr/4.3.3/avr5/libgcc.a(_udivmodhi4.o)
                                                  Lib/FATFs/ff.o
__udivmodqi4                                      /usr/local/CrossPack-AVR-20100115/lib/gcc/avr/4.3.3/avr5/libgcc.a(_udivmodqi4.o)
                                                  Lib/DS1307.o
__udivmodsi4                                      /usr/local/CrossPack-AVR-20100115/lib/gcc/avr/4.3.3/avr5/libgcc.a(_udivmodsi4.o)
                                                  Lib/FATFs/ff.o
__ultoa_invert                                    /usr/local/CrossPack-AVR-20100115/lib/gcc/avr/4.3.3/../../../../avr/lib/avr5/libc.a(ultoa_invert.o)
                                                  /usr/local/CrossPack-AVR-20100115/lib/gcc/avr/4.3.3/../../../../avr/lib/avr5/libc.a(vfprintf_std.o)
__vector_1                                        /usr/local/CrossPack-AVR-20100115/lib/gcc/avr/4.3.3/../../../../avr/lib/avr5/crtm32u4.o
__vector_10                                       ../../LUFA/Drivers/USB/Core/AVR8/USBInterrupt_AVR8.o
                                                  /usr/local/CrossPack-AVR-20100115/lib/gcc/avr/4.3.3/../../../../avr/lib/avr5/crtm32u4.o
__vector_11                                       ../../LUFA/Drivers/USB/Core/AVR8/USBInterrupt_AVR8.o
                                                  /usr/local/CrossPack-AVR-20100115/lib/gcc/avr/4.3.3/../../../../avr/lib/avr5/crtm32u4.o
__vector_12                                       /usr/local/CrossPack-AVR-20100115/lib/gcc/avr/4.3.3/../../../../avr/lib/avr5/crtm32u4.o
__vector_13                                       /usr/local/CrossPack-AVR-20100115/lib/gcc/avr/4.3.3/../../../../avr/lib/avr5/crtm32u4.o
__vector_14                                       /usr/local/CrossPack-AVR-20100115/lib/gcc/avr/4.3.3/../../../../avr/lib/avr5/crtm32u4.o
__vector_15                                       /usr/local/CrossPack-AVR-20100115/lib/gcc/avr/4.3.3/../../../../avr/lib/avr5/crtm32u4.o
__vector_16                                       /usr/local/CrossPack-AVR-20100115/lib/gcc/avr/4.3.3/../../../../avr/lib/avr5/crtm32u4.o
__vector_17                                       TempDataLogger.o
                                                  /usr/local/CrossPack-AVR-20100115/lib/gcc/avr/4.3.3/../../../../avr/lib/avr5/crtm32u4.o
__vector_18                                       /usr/local/CrossPack-AVR-20100115/lib/gcc/avr/4.3.3/../../../../avr/lib/avr5/crtm32u4.o
__vector_19                                       /usr/local/CrossPack-AVR-20100115/lib/gcc/avr/4.3.3/../../../../avr/lib/avr5/crtm32u4.o
__vector_2                                        /usr/local/CrossPack-AVR-20100115/lib/gcc/avr/4.3.3/../../../../avr/lib/avr5/crtm32u4.o
__vector_20                                       /usr/local/CrossPack-AVR-20100115/lib/gcc/avr/4.3.3/../../../../avr/lib/avr5/crtm32u4.o
__vector_21                                       /usr/local/CrossPack-AVR-20100115/lib/gcc/avr/4.3.3/../../../../avr/lib/avr5/crtm32u4.o
__vector_22                                       /usr/local/CrossPack-AVR-20100115/lib/gcc/avr/4.3.3/../../../../avr/lib/avr5/crtm32u4.o
__vector_23                                       /usr/local/CrossPack-AVR-20100115/lib/gcc/avr/4.3.3/../../../../avr/lib/avr5/crtm32u4.o
__vector_24                                       /usr/local/CrossPack-AVR-20100115/lib/gcc/avr/4.3.3/../../../../avr/lib/avr5/crtm32u4.o
__vector_25                                       /usr/local/CrossPack-AVR-20100115/lib/gcc/avr/4.3.3/../../../../avr/lib/avr5/crtm32u4.o
__vector_26                                       /usr/local/CrossPack-AVR-20100115/lib/gcc/avr/4.3.3/../../../../avr/lib/avr5/crtm32u4.o
__vector_27                                       /usr/local/CrossPack-AVR-20100115/lib/gcc/avr/4.3.3/../../../../avr/lib/avr5/crtm32u4.o
__vector_28                                       /usr/local/CrossPack-AVR-20100115/lib/gcc/avr/4.3.3/../../../../avr/lib/avr5/crtm32u4.o
__vector_29                                       /usr/local/CrossPack-AVR-20100115/lib/gcc/avr/4.3.3/../../../../avr/lib/avr5/crtm32u4.o
__vector_3                                        /usr/local/CrossPack-AVR-20100115/lib/gcc/avr/4.3.3/../../../../avr/lib/avr5/crtm32u4.o
__vector_30                                       /usr/local/CrossPack-AVR-20100115/lib/gcc/avr/4.3.3/../../../../avr/lib/avr5/crtm32u4.o
__vector_31                                       /usr/local/CrossPack-AVR-20100115/lib/gcc/avr/4.3.3/../../../../avr/lib/avr5/crtm32u4.o
__vector_32                                       /usr/local/CrossPack-AVR-20100115/lib/gcc/avr/4.3.3/../../../../avr/lib/avr5/crtm32u4.o
__vector_33                                       /usr/local/CrossPack-AVR-20100115/lib/gcc/avr/4.3.3/../../../../avr/lib/avr5/crtm32u4.o
__vector_34                                       /usr/local/CrossPack-AVR-20100115/lib/gcc/avr/4.3.3/../../../../avr/lib/avr5/crtm32u4.o
__vector_35                                       /usr/local/CrossPack-AVR-20100115/lib/gcc/avr/4.3.3/../../../../avr/lib/avr5/crtm32u4.o
__vector_36                                       /usr/local/CrossPack-AVR-20100115/lib/gcc/avr/4.3.3/../../../../avr/lib/avr5/crtm32u4.o
__vector_37                                       /usr/local/CrossPack-AVR-20100115/lib/gcc/avr/4.3.3/../../../../avr/lib/avr5/crtm32u4.o
__vector_38                                       /usr/local/CrossPack-AVR-20100115/lib/gcc/avr/4.3.3/../../../../avr/lib/avr5/crtm32u4.o
__vector_39                                       /usr/local/CrossPack-AVR-20100115/lib/gcc/avr/4.3.3/../../../../avr/lib/avr5/crtm32u4.o
__vector_4                                        /usr/local/CrossPack-AVR-20100115/lib/gcc/avr/4.3.3/../../../../avr/lib/avr5/crtm32u4.o
__vector_40                                       /usr/local/CrossPack-AVR-20100115/lib/gcc/avr/4.3.3/../../../../avr/lib/avr5/crtm32u4.o
__vector_41                                       /usr/local/CrossPack-AVR-20100115/lib/gcc/avr/4.3.3/../../../../avr/lib/avr5/crtm32u4.o
__vector_42                                       /usr/local/CrossPack-AVR-20100115/lib/gcc/avr/4.3.3/../../../../avr/lib/avr5/crtm32u4.o
__vector_5                                        /usr/local/CrossPack-AVR-20100115/lib/gcc/avr/4.3.3/../../../../avr/lib/avr5/crtm32u4.o
__vector_6                                        /usr/local/CrossPack-AVR-20100115/lib/gcc/avr/4.3.3/../../../../avr/lib/avr5/crtm32u4.o
__vector_7                                        /usr/local/CrossPack-AVR-20100115/lib/gcc/avr/4.3.3/../../../../avr/lib/avr5/crtm32u4.o
__vector_8                                        /usr/local/CrossPack-AVR-20100115/lib/gcc/avr/4.3.3/../../../../avr/lib/avr5/crtm32u4.o
__vector_9                                        /usr/local/CrossPack-AVR-20100115/lib/gcc/avr/4.3.3/../../../../avr/lib/avr5/crtm32u4.o
__vector_default                                  /usr/local/CrossPack-AVR-20100115/lib/gcc/avr/4.3.3/../../../../avr/lib/avr5/crtm32u4.o
__vectors                                         /usr/local/CrossPack-AVR-20100115/lib/gcc/avr/4.3.3/../../../../avr/lib/avr5/crtm32u4.o
_exit                                             /usr/local/CrossPack-AVR-20100115/lib/gcc/avr/4.3.3/avr5/libgcc.a(_exit.o)
clust2sect                                        Lib/FATFs/ff.o
disk_initialize                                   Lib/FATFs/diskio.o
                                                  Lib/FATFs/ff.o
disk_ioctl                                        Lib/FATFs/diskio.o
                                                  Lib/FATFs/ff.o
disk_read                                         Lib/FATFs/diskio.o
                                                  Lib/FATFs/ff.o
disk_status                                       Lib/FATFs/diskio.o
                                                  Lib/FATFs/ff.o
disk_write                                        Lib/FATFs/diskio.o
                                                  Lib/FATFs/ff.o
exit                                              /usr/local/CrossPack-AVR-20100115/lib/gcc/avr/4.3.3/avr5/libgcc.a(_exit.o)
                                                  /usr/local/CrossPack-AVR-20100115/lib/gcc/avr/4.3.3/../../../../avr/lib/avr5/crtm32u4.o
f_close                                           Lib/FATFs/ff.o
                                                  TempDataLogger.o
f_lseek                                           Lib/FATFs/ff.o
                                                  TempDataLogger.o
f_mount                                           Lib/FATFs/ff.o
                                                  TempDataLogger.o
f_open                                            Lib/FATFs/ff.o
                                                  TempDataLogger.o
f_read                                            Lib/FATFs/ff.o
f_sync                                            Lib/FATFs/ff.o
                                                  TempDataLogger.o
f_write                                           Lib/FATFs/ff.o
                                                  TempDataLogger.o
fputc                                             /usr/local/CrossPack-AVR-20100115/lib/gcc/avr/4.3.3/../../../../avr/lib/avr5/libc.a(fputc.o)
                                                  /usr/local/CrossPack-AVR-20100115/lib/gcc/avr/4.3.3/../../../../avr/lib/avr5/libc.a(vfprintf_std.o)
get_fat                                           Lib/FATFs/ff.o
get_fattime                                       Lib/FATFs/diskio.o
                                                  Lib/FATFs/ff.o
main                                              TempDataLogger.o
                                                  /usr/local/CrossPack-AVR-20100115/lib/gcc/avr/4.3.3/../../../../avr/lib/avr5/crtm32u4.o
memcmp                                            /usr/local/CrossPack-AVR-20100115/lib/gcc/avr/4.3.3/../../../../avr/lib/avr5/libc.a(memcmp.o)
                                                  ../../LUFA/Drivers/USB/Class/Device/HID.o
memcpy                                            /usr/local/CrossPack-AVR-20100115/lib/gcc/avr/4.3.3/../../../../avr/lib/avr5/libc.a(memcpy.o)
                                                  ../../LUFA/Drivers/USB/Class/Device/RNDIS.o
                                                  ../../LUFA/Drivers/USB/Class/Device/HID.o
memcpy_P                                          /usr/local/CrossPack-AVR-20100115/lib/gcc/avr/4.3.3/../../../../avr/lib/avr5/libc.a(memcpy_P.o)
                                                  ../../LUFA/Drivers/USB/Class/Device/RNDIS.o
memset                                            /usr/local/CrossPack-AVR-20100115/lib/gcc/avr/4.3.3/../../../../avr/lib/avr5/libc.a(memset.o)
                                                  ../../LUFA/Drivers/USB/Class/Device/HID.o
put_fat                                           Lib/FATFs/ff.o
sprintf                                           /usr/local/CrossPack-AVR-20100115/lib/gcc/avr/4.3.3/../../../../avr/lib/avr5/libc.a(sprintf.o)
                                                  TempDataLogger.o
strnlen                                           /usr/local/CrossPack-AVR-20100115/lib/gcc/avr/4.3.3/../../../../avr/lib/avr5/libc.a(strnlen.o)
                                                  /usr/local/CrossPack-AVR-20100115/lib/gcc/avr/4.3.3/../../../../avr/lib/avr5/libc.a(vfprintf_std.o)
strnlen_P                                         /usr/local/CrossPack-AVR-20100115/lib/gcc/avr/4.3.3/../../../../avr/lib/avr5/libc.a(strnlen_P.o)
                                                  /usr/local/CrossPack-AVR-20100115/lib/gcc/avr/4.3.3/../../../../avr/lib/avr5/libc.a(vfprintf_std.o)
vfprintf                                          /usr/local/CrossPack-AVR-20100115/lib/gcc/avr/4.3.3/../../../../avr/lib/avr5/libc.a(vfprintf_std.o)
                                                  /usr/local/CrossPack-AVR-20100115/lib/gcc/avr/4.3.3/../../../../avr/lib/avr5/libc.a(sprintf.o)
